Component: ARM Compiler 5.06 update 5 (build 528) Tool: armlink [4d35e2]

==============================================================================

Section Cross References

    startup_stm32f407xx.o(STACK) refers (Special) to heapauxi.o(.text) for __use_two_region_memory
    startup_stm32f407xx.o(HEAP) refers (Special) to heapauxi.o(.text) for __use_two_region_memory
    startup_stm32f407xx.o(RESET) refers (Special) to heapauxi.o(.text) for __use_two_region_memory
    startup_stm32f407xx.o(RESET) refers to startup_stm32f407xx.o(STACK) for __initial_sp
    startup_stm32f407xx.o(RESET) refers to startup_stm32f407xx.o(.text) for Reset_Handler
    startup_stm32f407xx.o(RESET) refers to stm32f4xx_it.o(i.NMI_Handler) for NMI_Handler
    startup_stm32f407xx.o(RESET) refers to stm32f4xx_it.o(i.HardFault_Handler) for HardFault_Handler
    startup_stm32f407xx.o(RESET) refers to stm32f4xx_it.o(i.MemManage_Handler) for MemManage_Handler
    startup_stm32f407xx.o(RESET) refers to stm32f4xx_it.o(i.BusFault_Handler) for BusFault_Handler
    startup_stm32f407xx.o(RESET) refers to stm32f4xx_it.o(i.UsageFault_Handler) for UsageFault_Handler
    startup_stm32f407xx.o(RESET) refers to port.o(.emb_text) for SVC_Handler
    startup_stm32f407xx.o(RESET) refers to stm32f4xx_it.o(i.DebugMon_Handler) for DebugMon_Handler
    startup_stm32f407xx.o(RESET) refers to stm32f4xx_it.o(i.SysTick_Handler) for SysTick_Handler
    startup_stm32f407xx.o(RESET) refers to stm32f4xx_it.o(i.EXTI0_IRQHandler) for EXTI0_IRQHandler
    startup_stm32f407xx.o(RESET) refers to stm32f4xx_it.o(i.EXTI3_IRQHandler) for EXTI3_IRQHandler
    startup_stm32f407xx.o(RESET) refers to stm32f4xx_it.o(i.EXTI4_IRQHandler) for EXTI4_IRQHandler
    startup_stm32f407xx.o(RESET) refers to stm32f4xx_it.o(i.DMA1_Stream1_IRQHandler) for DMA1_Stream1_IRQHandler
    startup_stm32f407xx.o(RESET) refers to stm32f4xx_it.o(i.CAN1_RX0_IRQHandler) for CAN1_RX0_IRQHandler
    startup_stm32f407xx.o(RESET) refers to stm32f4xx_it.o(i.EXTI9_5_IRQHandler) for EXTI9_5_IRQHandler
    startup_stm32f407xx.o(RESET) refers to stm32f4xx_it.o(i.USART1_IRQHandler) for USART1_IRQHandler
    startup_stm32f407xx.o(RESET) refers to remote_control.o(i.USART3_IRQHandler) for USART3_IRQHandler
    startup_stm32f407xx.o(RESET) refers to stm32f4xx_it.o(i.EXTI15_10_IRQHandler) for EXTI15_10_IRQHandler
    startup_stm32f407xx.o(RESET) refers to ins_task.o(i.DMA2_Stream2_IRQHandler) for DMA2_Stream2_IRQHandler
    startup_stm32f407xx.o(RESET) refers to stm32f4xx_it.o(i.CAN2_RX0_IRQHandler) for CAN2_RX0_IRQHandler
    startup_stm32f407xx.o(RESET) refers to stm32f4xx_it.o(i.OTG_FS_IRQHandler) for OTG_FS_IRQHandler
    startup_stm32f407xx.o(RESET) refers to stm32f4xx_it.o(i.DMA2_Stream7_IRQHandler) for DMA2_Stream7_IRQHandler
    startup_stm32f407xx.o(RESET) refers to sensor.o(i.USART6_IRQHandler) for USART6_IRQHandler
    startup_stm32f407xx.o(.text) refers (Special) to heapauxi.o(.text) for __use_two_region_memory
    startup_stm32f407xx.o(.text) refers to system_stm32f4xx.o(i.SystemInit) for SystemInit
    startup_stm32f407xx.o(.text) refers to __main.o(!!!main) for __main
    startup_stm32f407xx.o(.text) refers to startup_stm32f407xx.o(HEAP) for Heap_Mem
    startup_stm32f407xx.o(.text) refers to startup_stm32f407xx.o(STACK) for Stack_Mem
    main.o(i.SystemClock_Config) refers to rt_memclr_w.o(.text) for __aeabi_memclr4
    main.o(i.SystemClock_Config) refers to stm32f4xx_hal_rcc.o(i.HAL_RCC_OscConfig) for HAL_RCC_OscConfig
    main.o(i.SystemClock_Config) refers to main.o(i.Error_Handler) for Error_Handler
    main.o(i.SystemClock_Config) refers to stm32f4xx_hal_rcc.o(i.HAL_RCC_ClockConfig) for HAL_RCC_ClockConfig
    main.o(i.main) refers to stm32f4xx_hal.o(i.HAL_Init) for HAL_Init
    main.o(i.main) refers to main.o(i.SystemClock_Config) for SystemClock_Config
    main.o(i.main) refers to gpio.o(i.MX_GPIO_Init) for MX_GPIO_Init
    main.o(i.main) refers to dma.o(i.MX_DMA_Init) for MX_DMA_Init
    main.o(i.main) refers to spi.o(i.MX_SPI1_Init) for MX_SPI1_Init
    main.o(i.main) refers to tim.o(i.MX_TIM5_Init) for MX_TIM5_Init
    main.o(i.main) refers to i2c.o(i.MX_I2C3_Init) for MX_I2C3_Init
    main.o(i.main) refers to tim.o(i.MX_TIM10_Init) for MX_TIM10_Init
    main.o(i.main) refers to can.o(i.MX_CAN1_Init) for MX_CAN1_Init
    main.o(i.main) refers to can.o(i.MX_CAN2_Init) for MX_CAN2_Init
    main.o(i.main) refers to usart.o(i.MX_USART1_UART_Init) for MX_USART1_UART_Init
    main.o(i.main) refers to usart.o(i.MX_USART3_UART_Init) for MX_USART3_UART_Init
    main.o(i.main) refers to tim.o(i.MX_TIM4_Init) for MX_TIM4_Init
    main.o(i.main) refers to usart.o(i.MX_USART6_UART_Init) for MX_USART6_UART_Init
    main.o(i.main) refers to bsp_delay.o(i.delay_init) for delay_init
    main.o(i.main) refers to bsp_can.o(i.can_filter_init) for can_filter_init
    main.o(i.main) refers to usb_device.o(i.MX_USB_DEVICE_Init) for MX_USB_DEVICE_Init
[...]
    0x080002f2   0x080002f2   0x00000002   Code   RO        10827    .ARM.Collect$$libshutdown$$00000010  c_w.l(libshutdown2.o)
    0x080002f4   0x080002f4   0x00000000   Code   RO        10415    .ARM.Collect$$rtentry$$00000000  c_w.l(__rtentry.o)
    0x080002f4   0x080002f4   0x00000000   Code   RO        10600    .ARM.Collect$$rtentry$$00000002  c_w.l(__rtentry2.o)
    0x080002f4   0x080002f4   0x00000006   Code   RO        10612    .ARM.Collect$$rtentry$$00000004  c_w.l(__rtentry4.o)
    0x080002fa   0x080002fa   0x00000000   Code   RO        10602    .ARM.Collect$$rtentry$$00000009  c_w.l(__rtentry2.o)
    0x080002fa   0x080002fa   0x00000004   Code   RO        10603    .ARM.Collect$$rtentry$$0000000A  c_w.l(__rtentry2.o)
    0x080002fe   0x080002fe   0x00000000   Code   RO        10605    .ARM.Collect$$rtentry$$0000000C  c_w.l(__rtentry2.o)
    0x080002fe   0x080002fe   0x00000008   Code   RO        10606    .ARM.Collect$$rtentry$$0000000D  c_w.l(__rtentry2.o)
    0x08000306   0x08000306   0x00000002   Code   RO        10699    .ARM.Collect$$rtexit$$00000000  c_w.l(rtexit.o)
    0x08000308   0x08000308   0x00000000   Code   RO        10760    .ARM.Collect$$rtexit$$00000002  c_w.l(rtexit2.o)
    0x08000308   0x08000308   0x00000004   Code   RO        10761    .ARM.Collect$$rtexit$$00000003  c_w.l(rtexit2.o)
    0x0800030c   0x0800030c   0x00000006   Code   RO        10762    .ARM.Collect$$rtexit$$00000004  c_w.l(rtexit2.o)
    0x08000312   0x08000312   0x00000002   PAD
    0x08000314   0x08000314   0x000000be   Code   RO         9570    .emb_text           port.o
    0x080003d2   0x080003d2   0x00000002   PAD
    0x080003d4   0x080003d4   0x00000040   Code   RO            4    .text               startup_stm32f407xx.o
    0x08000414   0x08000414   0x000000ee   Code   RO        10261    .text               c_w.l(lludivv7m.o)
    0x08000502   0x08000502   0x00000002   PAD
    0x08000504   0x08000504   0x00000024   Code   RO        10263    .text               c_w.l(vsprintf.o)
    0x08000528   0x08000528   0x0000003e   Code   RO        10265    .text               c_w.l(strlen.o)
    0x08000566   0x08000566   0x0000008a   Code   RO        10267    .text               c_w.l(rt_memcpy_v6.o)
    0x080005f0   0x080005f0   0x00000064   Code   RO        10269    .text               c_w.l(rt_memcpy_w.o)
    0x08000654   0x08000654   0x00000010   Code   RO        10273    .text               c_w.l(aeabi_memset.o)
    0x08000664   0x08000664   0x0000004e   Code   RO        10275    .text               c_w.l(rt_memclr_w.o)
    0x080006b2   0x080006b2   0x00000006   Code   RO        10277    .text               c_w.l(heapauxi.o)
    0x080006b8   0x080006b8   0x00000016   Code   RO        10420    .text               c_w.l(_rserrno.o)
    0x080006ce   0x080006ce   0x0000004e   Code   RO        10424    .text               c_w.l(_printf_pad.o)
    0x0800071c   0x0800071c   0x00000024   Code   RO        10426    .text               c_w.l(_printf_truncate.o)
    0x08000740   0x08000740   0x00000052   Code   RO        10428    .text               c_w.l(_printf_str.o)
    0x08000792   0x08000792   0x00000002   PAD
    0x08000794   0x08000794   0x00000078   Code   RO        10430    .text               c_w.l(_printf_dec.o)
    0x0800080c   0x0800080c   0x00000028   Code   RO        10432    .text               c_w.l(_printf_charcount.o)
    0x08000834   0x08000834   0x00000030   Code   RO        10434    .text               c_w.l(_printf_char_common.o)
    0x08000864   0x08000864   0x0000000a   Code   RO        10436    .text               c_w.l(_sputc.o)
    0x0800086e   0x0800086e   0x00000002   PAD
    0x08000870   0x08000870   0x000000bc   Code   RO        10438    .text               c_w.l(_printf_wctomb.o)
    0x0800092c   0x0800092c   0x0000007c   Code   RO        10441    .text               c_w.l(_printf_longlong_dec.o)
    0x080009a8   0x080009a8   0x00000070   Code   RO        10447    .text               c_w.l(_printf_oct_int_ll.o)
    0x08000a18   0x08000a18   0x00000094   Code   RO        10467    .text               c_w.l(_printf_hex_int_ll_ptr.o)
    0x08000aac   0x08000aac   0x00000188   Code   RO        10487    .text               c_w.l(__printf_flags_ss_wp.o)
    0x08000c34   0x08000c34   0x00000044   Code   RO        10513    .text               c_w.l(rt_memclr.o)
    0x08000c78   0x08000c78   0x00000008   Code   RO        10619    .text               c_w.l(rt_errno_addr_intlibspace.o)
    0x08000c80   0x08000c80   0x0000008a   Code   RO        10621    .text               c_w.l(lludiv10.o)
    0x08000d0a   0x08000d0a   0x000000b2   Code   RO        10623    .text               c_w.l(_printf_intcommon.o)
    0x08000dbc   0x08000dbc   0x0000041e   Code   RO        10625    .text               c_w.l(_printf_fp_dec.o)
    0x080011da   0x080011da   0x00000002   PAD
    0x080011dc   0x080011dc   0x000002fc   Code   RO        10627    .text               c_w.l(_printf_fp_hex.o)
    0x080014d8   0x080014d8   0x0000002c   Code   RO        10632    .text               c_w.l(_printf_char.o)
    0x08001504   0x08001504   0x0000002c   Code   RO        10634    .text               c_w.l(_printf_wchar.o)
    0x08001530   0x08001530   0x00000040   Code   RO        10637    .text               c_w.l(_wcrtomb.o)
    0x08001570   0x08001570   0x00000008   Code   RO        10643    .text               c_w.l(libspace.o)
    0x08001578   0x08001578   0x0000004a   Code   RO        10646    .text               c_w.l(sys_stackheap_outer.o)
    0x080015c2   0x080015c2   0x00000002   PAD
    0x080015c4   0x080015c4   0x00000010   Code   RO        10648    .text               c_w.l(rt_ctype_table.o)
    0x080015d4   0x080015d4   0x00000008   Code   RO        10653    .text               c_w.l(rt_locale_intlibspace.o)
    0x080015dc   0x080015dc   0x00000080   Code   RO        10655    .text               c_w.l(_printf_fp_infnan.o)
    0x0800165c   0x0800165c   0x000000e4   Code   RO        10657    .text               c_w.l(bigflt0.o)
    0x08001740   0x08001740   0x00000012   Code   RO        10685    .text               c_w.l(exit.o)
    0x08001752   0x08001752   0x00000002   PAD
    0x08001754   0x08001754   0x00000080   Code   RO        10710    .text               c_w.l(strcmpv7m.o)
    0x080017d4   0x080017d4   0x0000000c   Code   RO        10757    .text               c_w.l(sys_exit.o)
    0x080017e0   0x080017e0   0x00000002   Code   RO        10776    .text               c_w.l(use_no_semi.o)
    0x080017e2   0x080017e2   0x00000000   Code   RO        10778    .text               c_w.l(indicate_semi.o)
    0x080017e2   0x080017e2   0x0000003e   Code   RO        10660    CL$$btod_d2e        c_w.l(btod.o)
    0x08001820   0x08001820   0x00000046   Code   RO        10662    CL$$btod_d2e_denorm_low  c_w.l(btod.o)
    0x08001866   0x08001866   0x00000060   Code   RO        10661    CL$$btod_d2e_norm_op1  c_w.l(btod.o)
    0x080018c6   0x080018c6   0x00000338   Code   RO        10670    CL$$btod_div_common  c_w.l(btod.o)
    0x08001bfe   0x08001bfe   0x000000dc   Code   RO        10667    CL$$btod_e2e        c_w.l(btod.o)
    0x08001cda   0x08001cda   0x0000002a   Code   RO        10664    CL$$btod_ediv       c_w.l(btod.o)
    0x08001d04   0x08001d04   0x0000002a   Code   RO        10663    CL$$btod_emul       c_w.l(btod.o)
    0x08001d2e   0x08001d2e   0x00000244   Code   RO        10669    CL$$btod_mult_common  c_w.l(btod.o)
    0x08001f72   0x08001f72   0x00000002   PAD
    0x08001f74   0x08001f74   0x000000d8   Code   RO         2820    i.ACTION_artifical_bat  bat_control.o
    0x0800204c   0x0800204c   0x00000034   Code   RO         2505    i.ACTION_chassis_recive_ball  chassis.o
    0x08002080   0x08002080   0x00000028   Code   RO         2506    i.ACTION_chassis_serve_a_ball  chassis.o
    0x080020a8   0x080020a8   0x00000060   Code   RO         2507    i.ACTION_chassis_stop  chassis.o
    0x08002108   0x08002108   0x00000034   Code   RO         2508    i.ACTION_keep_ball_in_center  chassis.o
    0x0800213c   0x0800213c   0x000000b4   Code   RO         2822    i.ACTION_receive_a_ball  bat_control.o
    0x080021f0   0x080021f0   0x00000328   Code   RO         2823    i.ACTION_striker_move  bat_control.o
    0x08002518   0x08002518   0x00000028   Code   RO         1915    i.AHRS_init         ins_task.o
    0x08002540   0x08002540   0x0000006a   Code   RO         1916    i.AHRS_update       ins_task.o
    0x080025aa   0x080025aa   0x00000002   PAD
    0x080025ac   0x080025ac   0x0000018c   Code   RO         1917    i.AHRSgetAngle      ins_task.o
    0x08002738   0x08002738   0x00000014   Code   RO         3711    i.BMI088_ACCEL_NS_H  bmi088middleware.o
    0x0800274c   0x0800274c   0x00000014   Code   RO         3712    i.BMI088_ACCEL_NS_L  bmi088middleware.o
    0x08002760   0x08002760   0x00000002   Code   RO         3713    i.BMI088_GPIO_init  bmi088middleware.o
    0x08002762   0x08002762   0x00000002   PAD
    0x08002764   0x08002764   0x00000014   Code   RO         3714    i.BMI088_GYRO_NS_H  bmi088middleware.o
    0x08002778   0x08002778   0x00000014   Code   RO         3715    i.BMI088_GYRO_NS_L  bmi088middleware.o
    0x0800278c   0x0800278c   0x00000090   Code   RO         3575    i.BMI088_accel_read_over  bmi088driver.o
    0x0800281c   0x0800281c   0x00000002   Code   RO         3716    i.BMI088_com_init   bmi088middleware.o
    0x0800281e   0x0800281e   0x0000000c   Code   RO         3717    i.BMI088_delay_ms   bmi088middleware.o
    0x0800282a   0x0800282a   0x0000000c   Code   RO         3718    i.BMI088_delay_us   bmi088middleware.o
    0x08002836   0x08002836   0x00000002   PAD
    0x08002838   0x08002838   0x00000068   Code   RO         3576    i.BMI088_gyro_read_over  bmi088driver.o
    0x080028a0   0x080028a0   0x00000034   Code   RO         3577    i.BMI088_init       bmi088driver.o
    0x080028d4   0x080028d4   0x0000017c   Code   RO         3578    i.BMI088_read       bmi088driver.o
    0x08002a50   0x08002a50   0x00000026   Code   RO         3581    i.BMI088_read_muli_reg  bmi088driver.o
    0x08002a76   0x08002a76   0x00000018   Code   RO         3582    i.BMI088_read_single_reg  bmi088driver.o
    0x08002a8e   0x08002a8e   0x00000002   PAD
    0x08002a90   0x08002a90   0x00000020   Code   RO         3719    i.BMI088_read_write_byte  bmi088middleware.o
    0x08002ab0   0x08002ab0   0x00000034   Code   RO         3583    i.BMI088_temperature_read_over  bmi088driver.o
    0x08002ae4   0x08002ae4   0x00000014   Code   RO         3584    i.BMI088_write_single_reg  bmi088driver.o
    0x08002af8   0x08002af8   0x00000004   Code   RO         1284    i.BusFault_Handler  stm32f4xx_it.o
    0x08002afc   0x08002afc   0x00000010   Code   RO         1285    i.CAN1_RX0_IRQHandler  stm32f4xx_it.o
    0x08002b0c   0x08002b0c   0x00000010   Code   RO         1286    i.CAN2_RX0_IRQHandler  stm32f4xx_it.o
    0x08002b1c   0x08002b1c   0x00000050   Code   RO         2346    i.CAN_cmd_3508      can_recv.o
    0x08002b6c   0x08002b6c   0x0000004c   Code   RO         2347    i.CAN_cmd_striker   can_recv.o
    0x08002bb8   0x08002bb8   0x00000044   Code   RO         1196    i.CDC_Control_FS    usbd_cdc_if.o
    0x08002bfc   0x08002bfc   0x00000004   Code   RO         1197    i.CDC_DeInit_FS     usbd_cdc_if.o
    0x08002c00   0x08002c00   0x00000024   Code   RO         1198    i.CDC_Init_FS       usbd_cdc_if.o
    0x08002c24   0x08002c24   0x00000024   Code   RO         1199    i.CDC_Receive_FS    usbd_cdc_if.o
    0x08002c48   0x08002c48   0x0000000c   Code   RO         1200    i.CDC_TransmitCplt_FS  usbd_cdc_if.o
    0x08002c54   0x08002c54   0x00000080   Code   RO         2348    i.DM8006_motor_PID_Control  can_recv.o
    0x08002cd4   0x08002cd4   0x00000010   Code   RO         1287    i.DMA1_Stream1_IRQHandler  stm32f4xx_it.o
    0x08002ce4   0x08002ce4   0x00000898   Code   RO         1918    i.DMA2_Stream2_IRQHandler  ins_task.o
    0x0800357c   0x0800357c   0x00000010   Code   RO         1288    i.DMA2_Stream7_IRQHandler  stm32f4xx_it.o
    0x0800358c   0x0800358c   0x00000034   Code   RO         5022    i.DMA_CalcBaseAndBitshift  stm32f4xx_hal_dma.o
    0x080035c0   0x080035c0   0x0000007e   Code   RO         5023    i.DMA_CheckFifoParam  stm32f4xx_hal_dma.o
    0x0800363e   0x0800363e   0x00000038   Code   RO         5024    i.DMA_SetConfig     stm32f4xx_hal_dma.o
    0x08003676   0x08003676   0x00000002   PAD
    0x08003678   0x08003678   0x0000004c   Code   RO         2349    i.DM_motor_start    can_recv.o
    0x080036c4   0x080036c4   0x0000011c   Code   RO         3110    i.DealPcData        pc_interface.o
    0x080037e0   0x080037e0   0x00000002   Code   RO         1289    i.DebugMon_Handler  stm32f4xx_it.o
    0x080037e2   0x080037e2   0x0000000a   Code   RO         1290    i.EXTI0_IRQHandler  stm32f4xx_it.o
    0x080037ec   0x080037ec   0x00000014   Code   RO         1291    i.EXTI15_10_IRQHandler  stm32f4xx_it.o
    0x08003800   0x08003800   0x0000000a   Code   RO         1292    i.EXTI3_IRQHandler  stm32f4xx_it.o
    0x0800380a   0x0800380a   0x0000000a   Code   RO         1293    i.EXTI4_IRQHandler  stm32f4xx_it.o
    0x08003814   0x08003814   0x0000000a   Code   RO         1294    i.EXTI9_5_IRQHandler  stm32f4xx_it.o
    0x0800381e   0x0800381e   0x00000002   Code   RO           13    i.Error_Handler     main.o
    0x08003820   0x08003820   0x00000c14   Code   RO         2825    i.Forward_Kinematics  bat_control.o
    0x08004434   0x08004434   0x00000034   Code   RO         1106    i.Get_SerialNum     usbd_desc.o
    0x08004468   0x08004468   0x00000024   Code   RO         5709    i.HAL_CAN_ActivateNotification  stm32f4xx_hal_can.o
    0x0800448c   0x0800448c   0x000000f0   Code   RO         5710    i.HAL_CAN_AddTxMessage  stm32f4xx_hal_can.o
    0x0800457c   0x0800457c   0x00000128   Code   RO         5711    i.HAL_CAN_ConfigFilter  stm32f4xx_hal_can.o
    0x080046a4   0x080046a4   0x00000002   Code   RO         5714    i.HAL_CAN_ErrorCallback  stm32f4xx_hal_can.o
    0x080046a6   0x080046a6   0x00000174   Code   RO         5717    i.HAL_CAN_GetRxMessage  stm32f4xx_hal_can.o
    0x0800481a   0x0800481a   0x00000234   Code   RO         5721    i.HAL_CAN_IRQHandler  stm32f4xx_hal_can.o
    0x08004a4e   0x08004a4e   0x00000168   Code   RO         5722    i.HAL_CAN_Init      stm32f4xx_hal_can.o
    0x08004bb6   0x08004bb6   0x00000002   PAD
    0x08004bb8   0x08004bb8   0x00000160   Code   RO          568    i.HAL_CAN_MspInit   can.o
    0x08004d18   0x08004d18   0x00000002   Code   RO         5729    i.HAL_CAN_RxFifo0FullCallback  stm32f4xx_hal_can.o
    0x08004d1a   0x08004d1a   0x00000002   PAD
    0x08004d1c   0x08004d1c   0x00000304   Code   RO         2350    i.HAL_CAN_RxFifo0MsgPendingCallback  can_recv.o
    0x08005020   0x08005020   0x00000002   Code   RO         5731    i.HAL_CAN_RxFifo1FullCallback  stm32f4xx_hal_can.o
    0x08005022   0x08005022   0x00000002   Code   RO         5732    i.HAL_CAN_RxFifo1MsgPendingCallback  stm32f4xx_hal_can.o
    0x08005024   0x08005024   0x00000002   Code   RO         5733    i.HAL_CAN_SleepCallback  stm32f4xx_hal_can.o
    0x08005026   0x08005026   0x00000064   Code   RO         5734    i.HAL_CAN_Start     stm32f4xx_hal_can.o
    0x0800508a   0x0800508a   0x00000002   Code   RO         5736    i.HAL_CAN_TxMailbox0AbortCallback  stm32f4xx_hal_can.o
    0x0800508c   0x0800508c   0x00000002   Code   RO         5737    i.HAL_CAN_TxMailbox0CompleteCallback  stm32f4xx_hal_can.o
    0x0800508e   0x0800508e   0x00000002   Code   RO         5738    i.HAL_CAN_TxMailbox1AbortCallback  stm32f4xx_hal_can.o
    0x08005090   0x08005090   0x00000002   Code   RO         5739    i.HAL_CAN_TxMailbox1CompleteCallback  stm32f4xx_hal_can.o
    0x08005092   0x08005092   0x00000002   Code   RO         5740    i.HAL_CAN_TxMailbox2AbortCallback  stm32f4xx_hal_can.o
    0x08005094   0x08005094   0x00000002   Code   RO         5741    i.HAL_CAN_TxMailbox2CompleteCallback  stm32f4xx_hal_can.o
    0x08005096   0x08005096   0x00000002   Code   RO         5743    i.HAL_CAN_WakeUpFromRxMsgCallback  stm32f4xx_hal_can.o
    0x08005098   0x08005098   0x000000a2   Code   RO         5025    i.HAL_DMA_Abort     stm32f4xx_hal_dma.o
    0x0800513a   0x0800513a   0x00000024   Code   RO         5026    i.HAL_DMA_Abort_IT  stm32f4xx_hal_dma.o
    0x0800515e   0x0800515e   0x00000002   PAD
    0x08005160   0x08005160   0x000001ec   Code   RO         5030    i.HAL_DMA_IRQHandler  stm32f4xx_hal_dma.o
    0x0800534c   0x0800534c   0x000000ec   Code   RO         5031    i.HAL_DMA_Init      stm32f4xx_hal_dma.o
    0x08005438   0x08005438   0x00000070   Code   RO         5035    i.HAL_DMA_Start_IT  stm32f4xx_hal_dma.o
    0x080054a8   0x080054a8   0x00000028   Code   RO         5457    i.HAL_Delay         stm32f4xx_hal.o
    0x080054d0   0x080054d0   0x0000011c   Code   RO         1919    i.HAL_GPIO_EXTI_Callback  ins_task.o
    0x080055ec   0x080055ec   0x00000018   Code   RO         4917    i.HAL_GPIO_EXTI_IRQHandler  stm32f4xx_hal_gpio.o
    0x08005604   0x08005604   0x0000022c   Code   RO         4918    i.HAL_GPIO_Init     stm32f4xx_hal_gpio.o
    0x08005830   0x08005830   0x0000000e   Code   RO         4922    i.HAL_GPIO_WritePin  stm32f4xx_hal_gpio.o
    0x0800583e   0x0800583e   0x00000002   PAD
    0x08005840   0x08005840   0x0000000c   Code   RO         5463    i.HAL_GetTick       stm32f4xx_hal.o
    0x0800584c   0x0800584c   0x000001ac   Code   RO         5953    i.HAL_I2C_Init      stm32f4xx_hal_i2c.o
    0x080059f8   0x080059f8   0x000002d4   Code   RO         5971    i.HAL_I2C_Mem_Read  stm32f4xx_hal_i2c.o
    0x08005ccc   0x08005ccc   0x00000174   Code   RO         5974    i.HAL_I2C_Mem_Write  stm32f4xx_hal_i2c.o
    0x08005e40   0x08005e40   0x000000c8   Code   RO          645    i.HAL_I2C_MspInit   i2c.o
    0x08005f08   0x08005f08   0x00000010   Code   RO         5469    i.HAL_IncTick       stm32f4xx_hal.o
    0x08005f18   0x08005f18   0x00000034   Code   RO         5470    i.HAL_Init          stm32f4xx_hal.o
    0x08005f4c   0x08005f4c   0x00000044   Code   RO         5471    i.HAL_InitTick      stm32f4xx_hal.o
    0x08005f90   0x08005f90   0x00000054   Code   RO         1417    i.HAL_MspInit       stm32f4xx_hal_msp.o
    0x08005fe4   0x08005fe4   0x0000001c   Code   RO         5310    i.HAL_NVIC_EnableIRQ  stm32f4xx_hal_cortex.o
    0x08006000   0x08006000   0x00000068   Code   RO         5316    i.HAL_NVIC_SetPriority  stm32f4xx_hal_cortex.o
    0x08006068   0x08006068   0x00000024   Code   RO         5317    i.HAL_NVIC_SetPriorityGrouping  stm32f4xx_hal_cortex.o
    0x0800608c   0x0800608c   0x00000002   Code   RO         4166    i.HAL_PCDEx_LPM_Callback  stm32f4xx_hal_pcd_ex.o
    0x0800608e   0x0800608e   0x00000008   Code   RO         4167    i.HAL_PCDEx_SetRxFiFo  stm32f4xx_hal_pcd_ex.o
    0x08006096   0x08006096   0x0000004a   Code   RO         4168    i.HAL_PCDEx_SetTxFiFo  stm32f4xx_hal_pcd_ex.o
    0x080060e0   0x080060e0   0x0000000e   Code   RO          899    i.HAL_PCD_ConnectCallback  usbd_conf.o
    0x080060ee   0x080060ee   0x00000020   Code   RO          900    i.HAL_PCD_DataInStageCallback  usbd_conf.o
    0x0800610e   0x0800610e   0x00000020   Code   RO          901    i.HAL_PCD_DataOutStageCallback  usbd_conf.o
    0x0800612e   0x0800612e   0x0000000e   Code   RO          902    i.HAL_PCD_DisconnectCallback  usbd_conf.o
    0x0800613c   0x0800613c   0x00000020   Code   RO         3931    i.HAL_PCD_EP_Abort  stm32f4xx_hal_pcd.o
    0x0800615c   0x0800615c   0x0000004a   Code   RO         3932    i.HAL_PCD_EP_Close  stm32f4xx_hal_pcd.o
    0x080061a6   0x080061a6   0x0000005c   Code   RO         3933    i.HAL_PCD_EP_ClrStall  stm32f4xx_hal_pcd.o
    0x08006202   0x08006202   0x00000012   Code   RO         3935    i.HAL_PCD_EP_GetRxCount  stm32f4xx_hal_pcd.o
    0x08006214   0x08006214   0x00000060   Code   RO         3936    i.HAL_PCD_EP_Open   stm32f4xx_hal_pcd.o
    0x08006274   0x08006274   0x00000034   Code   RO         3937    i.HAL_PCD_EP_Receive  stm32f4xx_hal_pcd.o
    0x080062a8   0x080062a8   0x00000074   Code   RO         3938    i.HAL_PCD_EP_SetStall  stm32f4xx_hal_pcd.o
    0x0800631c   0x0800631c   0x00000032   Code   RO         3939    i.HAL_PCD_EP_Transmit  stm32f4xx_hal_pcd.o
    0x0800634e   0x0800634e   0x00000562   Code   RO         3941    i.HAL_PCD_IRQHandler  stm32f4xx_hal_pcd.o
    0x080068b0   0x080068b0   0x00000012   Code   RO          903    i.HAL_PCD_ISOINIncompleteCallback  usbd_conf.o
    0x080068c2   0x080068c2   0x00000012   Code   RO          904    i.HAL_PCD_ISOOUTIncompleteCallback  usbd_conf.o
    0x080068d4   0x080068d4   0x000000e6   Code   RO         3944    i.HAL_PCD_Init      stm32f4xx_hal_pcd.o
    0x080069ba   0x080069ba   0x00000002   PAD
    0x080069bc   0x080069bc   0x000000a8   Code   RO          906    i.HAL_PCD_MspInit   usbd_conf.o
    0x08006a64   0x08006a64   0x00000030   Code   RO          907    i.HAL_PCD_ResetCallback  usbd_conf.o
    0x08006a94   0x08006a94   0x0000000e   Code   RO          908    i.HAL_PCD_ResumeCallback  usbd_conf.o
    0x08006aa2   0x08006aa2   0x0000000e   Code   RO          909    i.HAL_PCD_SOFCallback  usbd_conf.o
    0x08006ab0   0x08006ab0   0x00000026   Code   RO         3950    i.HAL_PCD_SetAddress  stm32f4xx_hal_pcd.o
    0x08006ad6   0x08006ad6   0x00000012   Code   RO          910    i.HAL_PCD_SetupStageCallback  usbd_conf.o
    0x08006ae8   0x08006ae8   0x00000044   Code   RO         3953    i.HAL_PCD_Start     stm32f4xx_hal_pcd.o
    0x08006b2c   0x08006b2c   0x00000034   Code   RO          911    i.HAL_PCD_SuspendCallback  usbd_conf.o
    0x08006b60   0x08006b60   0x0000017c   Code   RO         4519    i.HAL_RCC_ClockConfig  stm32f4xx_hal_rcc.o
    0x08006cdc   0x08006cdc   0x0000000c   Code   RO         4524    i.HAL_RCC_GetHCLKFreq  stm32f4xx_hal_rcc.o
    0x08006ce8   0x08006ce8   0x00000020   Code   RO         4526    i.HAL_RCC_GetPCLK1Freq  stm32f4xx_hal_rcc.o
    0x08006d08   0x08006d08   0x00000020   Code   RO         4527    i.HAL_RCC_GetPCLK2Freq  stm32f4xx_hal_rcc.o
    0x08006d28   0x08006d28   0x00000070   Code   RO         4528    i.HAL_RCC_GetSysClockFreq  stm32f4xx_hal_rcc.o
    0x08006d98   0x08006d98   0x00000482   Code   RO         4531    i.HAL_RCC_OscConfig  stm32f4xx_hal_rcc.o
    0x0800721a   0x0800721a   0x000000be   Code   RO         6448    i.HAL_SPI_Init      stm32f4xx_hal_spi.o
    0x080072d8   0x080072d8   0x00000158   Code   RO          687    i.HAL_SPI_MspInit   spi.o
    0x08007430   0x08007430   0x00000218   Code   RO         6457    i.HAL_SPI_TransmitReceive  stm32f4xx_hal_spi.o
    0x08007648   0x08007648   0x00000028   Code   RO         5321    i.HAL_SYSTICK_Config  stm32f4xx_hal_cortex.o
    0x08007670   0x08007670   0x0000009a   Code   RO         7495    i.HAL_TIMEx_MasterConfigSynchronization  stm32f4xx_hal_tim_ex.o
    0x0800770a   0x0800770a   0x0000005c   Code   RO         6761    i.HAL_TIM_Base_Init  stm32f4xx_hal_tim.o
    0x08007766   0x08007766   0x00000002   PAD
    0x08007768   0x08007768   0x00000090   Code   RO          729    i.HAL_TIM_Base_MspInit  tim.o
    0x080077f8   0x080077f8   0x00000080   Code   RO         6764    i.HAL_TIM_Base_Start  stm32f4xx_hal_tim.o
    0x08007878   0x08007878   0x000000ea   Code   RO         6770    i.HAL_TIM_ConfigClockSource  stm32f4xx_hal_tim.o
    0x08007962   0x08007962   0x00000002   PAD
    0x08007964   0x08007964   0x00000134   Code   RO          730    i.HAL_TIM_MspPostInit  tim.o
    0x08007a98   0x08007a98   0x000000d8   Code   RO         6833    i.HAL_TIM_PWM_ConfigChannel  stm32f4xx_hal_tim.o
    0x08007b70   0x08007b70   0x0000005c   Code   RO         6836    i.HAL_TIM_PWM_Init  stm32f4xx_hal_tim.o
    0x08007bcc   0x08007bcc   0x00000002   Code   RO         6838    i.HAL_TIM_PWM_MspInit  stm32f4xx_hal_tim.o
    0x08007bce   0x08007bce   0x00000002   PAD
    0x08007bd0   0x08007bd0   0x000000dc   Code   RO         6841    i.HAL_TIM_PWM_Start  stm32f4xx_hal_tim.o
    0x08007cac   0x08007cac   0x00000002   Code   RO         7755    i.HAL_UARTEx_RxEventCallback  stm32f4xx_hal_uart.o
    0x08007cae   0x08007cae   0x00000002   Code   RO         7769    i.HAL_UART_ErrorCallback  stm32f4xx_hal_uart.o
    0x08007cb0   0x08007cb0   0x00000268   Code   RO         7772    i.HAL_UART_IRQHandler  stm32f4xx_hal_uart.o
    0x08007f18   0x08007f18   0x00000066   Code   RO         7773    i.HAL_UART_Init     stm32f4xx_hal_uart.o
    0x08007f7e   0x08007f7e   0x00000002   PAD
    0x08007f80   0x08007f80   0x000002b0   Code   RO          789    i.HAL_UART_MspInit  usart.o
    0x08008230   0x08008230   0x00000002   Code   RO         7779    i.HAL_UART_RxCpltCallback  stm32f4xx_hal_uart.o
    0x08008232   0x08008232   0x000000b8   Code   RO         7781    i.HAL_UART_Transmit  stm32f4xx_hal_uart.o
    0x080082ea   0x080082ea   0x00000002   PAD
    0x080082ec   0x080082ec   0x00000094   Code   RO         7782    i.HAL_UART_Transmit_DMA  stm32f4xx_hal_uart.o
    0x08008380   0x08008380   0x00000002   Code   RO         7784    i.HAL_UART_TxCpltCallback  stm32f4xx_hal_uart.o
    0x08008382   0x08008382   0x00000002   Code   RO         7785    i.HAL_UART_TxHalfCpltCallback  stm32f4xx_hal_uart.o
    0x08008384   0x08008384   0x00000004   Code   RO         1295    i.HardFault_Handler  stm32f4xx_it.o
    0x08008388   0x08008388   0x00000032   Code   RO         5997    i.I2C_IsAcknowledgeFailed  stm32f4xx_hal_i2c.o
    0x080083ba   0x080083ba   0x00000002   PAD
    0x080083bc   0x080083bc   0x00000154   Code   RO         6008    i.I2C_RequestMemoryRead  stm32f4xx_hal_i2c.o
    0x08008510   0x08008510   0x000000d0   Code   RO         6009    i.I2C_RequestMemoryWrite  stm32f4xx_hal_i2c.o
    0x080085e0   0x080085e0   0x00000066   Code   RO         6017    i.I2C_WaitOnBTFFlagUntilTimeout  stm32f4xx_hal_i2c.o
    0x08008646   0x08008646   0x000000ea   Code   RO         6018    i.I2C_WaitOnFlagUntilTimeout  stm32f4xx_hal_i2c.o
    0x08008730   0x08008730   0x000000ec   Code   RO         6019    i.I2C_WaitOnMasterAddressFlagUntilTimeout  stm32f4xx_hal_i2c.o
    0x0800881c   0x0800881c   0x00000086   Code   RO         6020    i.I2C_WaitOnRXNEFlagUntilTimeout  stm32f4xx_hal_i2c.o
    0x080088a2   0x080088a2   0x00000066   Code   RO         6023    i.I2C_WaitOnTXEFlagUntilTimeout  stm32f4xx_hal_i2c.o
    0x08008908   0x08008908   0x00000044   Code   RO         1920    i.IMUDelayAssignment  ins_task.o
    0x0800894c   0x0800894c   0x00000056   Code   RO         1921    i.IMU_receive_all_Value  ins_task.o
    0x080089a2   0x080089a2   0x00000002   PAD
    0x080089a4   0x080089a4   0x00000368   Code   RO         1924    i.INS_task          ins_task.o
    0x08008d0c   0x08008d0c   0x0000003e   Code   RO         1107    i.IntToUnicode      usbd_desc.o
    0x08008d4a   0x08008d4a   0x00000002   PAD
    0x08008d4c   0x08008d4c   0x00000080   Code   RO         2354    i.MD4340_motor_PID_Control  can_recv.o
    0x08008dcc   0x08008dcc   0x000001c8   Code   RO         2355    i.MD_CanReceive     can_recv.o
    0x08008f94   0x08008f94   0x00000044   Code   RO          569    i.MX_CAN1_Init      can.o
    0x08008fd8   0x08008fd8   0x00000044   Code   RO          570    i.MX_CAN2_Init      can.o
    0x0800901c   0x0800901c   0x00000098   Code   RO          620    i.MX_DMA_Init       dma.o
    0x080090b4   0x080090b4   0x00000108   Code   RO          321    i.MX_FREERTOS_Init  freertos.o
    0x080091bc   0x080091bc   0x00000200   Code   RO          296    i.MX_GPIO_Init      gpio.o
    0x080093bc   0x080093bc   0x0000003c   Code   RO          646    i.MX_I2C3_Init      i2c.o
    0x080093f8   0x080093f8   0x00000048   Code   RO          688    i.MX_SPI1_Init      spi.o
    0x08009440   0x08009440   0x0000006c   Code   RO          731    i.MX_TIM10_Init     tim.o
    0x080094ac   0x080094ac   0x000000a8   Code   RO          732    i.MX_TIM4_Init      tim.o
    0x08009554   0x08009554   0x000000c4   Code   RO          733    i.MX_TIM5_Init      tim.o
    0x08009618   0x08009618   0x00000038   Code   RO          790    i.MX_USART1_UART_Init  usart.o
    0x08009650   0x08009650   0x00000038   Code   RO          791    i.MX_USART3_UART_Init  usart.o
    0x08009688   0x08009688   0x00000038   Code   RO          792    i.MX_USART6_UART_Init  usart.o
    0x080096c0   0x080096c0   0x0000004c   Code   RO          842    i.MX_USB_DEVICE_Init  usb_device.o
    0x0800970c   0x0800970c   0x000005ac   Code   RO         3381    i.MahonyAHRSupdate  mahonyahrs.o
    0x08009cb8   0x08009cb8   0x000002fc   Code   RO         3382    i.MahonyAHRSupdateIMU  mahonyahrs.o
    0x08009fb4   0x08009fb4   0x00000004   Code   RO         1296    i.MemManage_Handler  stm32f4xx_it.o
    0x08009fb8   0x08009fb8   0x00000038   Code   RO         9782    i.Monitor_task      monitor_task.o
    0x08009ff0   0x08009ff0   0x00000002   Code   RO         1297    i.NMI_Handler       stm32f4xx_it.o
    0x08009ff2   0x08009ff2   0x00000002   PAD
    0x08009ff4   0x08009ff4   0x00000010   Code   RO         1298    i.OTG_FS_IRQHandler  stm32f4xx_it.o
    0x0800a004   0x0800a004   0x00000048   Code   RO         3957    i.PCD_EP_OutSetupPacket_int  stm32f4xx_hal_pcd.o
    0x0800a04c   0x0800a04c   0x000000e8   Code   RO         3958    i.PCD_EP_OutXfrComplete_int  stm32f4xx_hal_pcd.o
    0x0800a134   0x0800a134   0x000000a2   Code   RO         3959    i.PCD_WriteEmptyTxFifo  stm32f4xx_hal_pcd.o
    0x0800a1d6   0x0800a1d6   0x000000f6   Code   RO         3415    i.PID_AbsoluteMode  pid.o
    0x0800a2cc   0x0800a2cc   0x000001f0   Code   RO         3418    i.PID_calc          pid.o
    0x0800a4bc   0x0800a4bc   0x00000060   Code   RO         3420    i.PID_init          pid.o
    0x0800a51c   0x0800a51c   0x0000009c   Code   RO         1716    i.RC_init           bsp_rc.o
    0x0800a5b8   0x0800a5b8   0x00000014   Code   RO         3111    i.RobotDealUSBData  pc_interface.o
    0x0800a5cc   0x0800a5cc   0x0000273c   Code   RO         1654    i.SPI1_DMA_enable   bsp_spi.o
    0x0800cd08   0x0800cd08   0x00000180   Code   RO         1655    i.SPI1_DMA_init     bsp_spi.o
    0x0800ce88   0x0800ce88   0x00000084   Code   RO         6486    i.SPI_EndRxTxTransaction  stm32f4xx_hal_spi.o
    0x0800cf0c   0x0800cf0c   0x000000d8   Code   RO         6491    i.SPI_WaitFlagStateUntilTimeout  stm32f4xx_hal_spi.o
    0x0800cfe4   0x0800cfe4   0x00000014   Code   RO         1299    i.SysTick_Handler   stm32f4xx_it.o
    0x0800cff8   0x0800cff8   0x000000b4   Code   RO           14    i.SystemClock_Config  main.o
    0x0800d0ac   0x0800d0ac   0x00000064   Code   RO         1442    i.SystemInit        system_stm32f4xx.o
    0x0800d110   0x0800d110   0x000000e4   Code   RO         6854    i.TIM_Base_SetConfig  stm32f4xx_hal_tim.o
    0x0800d1f4   0x0800d1f4   0x0000001e   Code   RO         6855    i.TIM_CCxChannelCmd  stm32f4xx_hal_tim.o
    0x0800d212   0x0800d212   0x00000016   Code   RO         6865    i.TIM_ETR_SetConfig  stm32f4xx_hal_tim.o
    0x0800d228   0x0800d228   0x00000010   Code   RO         6866    i.TIM_ITRx_SetConfig  stm32f4xx_hal_tim.o
    0x0800d238   0x0800d238   0x00000070   Code   RO         6867    i.TIM_OC1_SetConfig  stm32f4xx_hal_tim.o
    0x0800d2a8   0x0800d2a8   0x00000078   Code   RO         6868    i.TIM_OC2_SetConfig  stm32f4xx_hal_tim.o
    0x0800d320   0x0800d320   0x00000078   Code   RO         6869    i.TIM_OC3_SetConfig  stm32f4xx_hal_tim.o
    0x0800d398   0x0800d398   0x00000058   Code   RO         6870    i.TIM_OC4_SetConfig  stm32f4xx_hal_tim.o
    0x0800d3f0   0x0800d3f0   0x00000026   Code   RO         6872    i.TIM_TI1_ConfigInputStage  stm32f4xx_hal_tim.o
    0x0800d416   0x0800d416   0x00000028   Code   RO         6874    i.TIM_TI2_ConfigInputStage  stm32f4xx_hal_tim.o
    0x0800d43e   0x0800d43e   0x00000010   Code   RO         7786    i.UART_DMAAbortOnError  stm32f4xx_hal_uart.o
    0x0800d44e   0x0800d44e   0x0000004a   Code   RO         7787    i.UART_DMAError     stm32f4xx_hal_uart.o
    0x0800d498   0x0800d498   0x00000044   Code   RO         7792    i.UART_DMATransmitCplt  stm32f4xx_hal_uart.o
    0x0800d4dc   0x0800d4dc   0x0000000a   Code   RO         7794    i.UART_DMATxHalfCplt  stm32f4xx_hal_uart.o
    0x0800d4e6   0x0800d4e6   0x0000004e   Code   RO         7796    i.UART_EndRxTransfer  stm32f4xx_hal_uart.o
    0x0800d534   0x0800d534   0x0000001a   Code   RO         7797    i.UART_EndTransmit_IT  stm32f4xx_hal_uart.o
    0x0800d54e   0x0800d54e   0x0000001c   Code   RO         7798    i.UART_EndTxTransfer  stm32f4xx_hal_uart.o
    0x0800d56a   0x0800d56a   0x000000ca   Code   RO         7799    i.UART_Receive_IT   stm32f4xx_hal_uart.o
    0x0800d634   0x0800d634   0x000000fc   Code   RO         7800    i.UART_SetConfig    stm32f4xx_hal_uart.o
    0x0800d730   0x0800d730   0x0000005e   Code   RO         7803    i.UART_Transmit_IT  stm32f4xx_hal_uart.o
    0x0800d78e   0x0800d78e   0x0000008e   Code   RO         7804    i.UART_WaitOnFlagUntilTimeout  stm32f4xx_hal_uart.o
    0x0800d81c   0x0800d81c   0x00000010   Code   RO         1300    i.USART1_IRQHandler  stm32f4xx_it.o
    0x0800d82c   0x0800d82c   0x00000124   Code   RO         2624    i.USART3_IRQHandler  remote_control.o
    0x0800d950   0x0800d950   0x00000124   Code   RO         3023    i.USART6_IRQHandler  sensor.o
    0x0800da74   0x0800da74   0x00000078   Code   RO        10156    i.USBD_CDC_DataIn   usbd_cdc.o
    0x0800daec   0x0800daec   0x0000003e   Code   RO        10157    i.USBD_CDC_DataOut  usbd_cdc.o
    0x0800db2a   0x0800db2a   0x00000002   PAD
    0x0800db2c   0x0800db2c   0x00000094   Code   RO        10158    i.USBD_CDC_DeInit   usbd_cdc.o
    0x0800dbc0   0x0800dbc0   0x00000038   Code   RO        10159    i.USBD_CDC_EP0_RxReady  usbd_cdc.o
    0x0800dbf8   0x0800dbf8   0x0000000c   Code   RO        10160    i.USBD_CDC_GetDeviceQualifierDescriptor  usbd_cdc.o
    0x0800dc04   0x0800dc04   0x0000003c   Code   RO        10161    i.USBD_CDC_GetFSCfgDesc  usbd_cdc.o
    0x0800dc40   0x0800dc40   0x00000040   Code   RO        10162    i.USBD_CDC_GetHSCfgDesc  usbd_cdc.o
    0x0800dc80   0x0800dc80   0x0000003c   Code   RO        10163    i.USBD_CDC_GetOtherSpeedCfgDesc  usbd_cdc.o
    0x0800dcbc   0x0800dcbc   0x00000160   Code   RO        10164    i.USBD_CDC_Init     usbd_cdc.o
    0x0800de1c   0x0800de1c   0x00000048   Code   RO        10165    i.USBD_CDC_ReceivePacket  usbd_cdc.o
    0x0800de64   0x0800de64   0x00000018   Code   RO        10166    i.USBD_CDC_RegisterInterface  usbd_cdc.o
    0x0800de7c   0x0800de7c   0x0000001c   Code   RO        10167    i.USBD_CDC_SetRxBuffer  usbd_cdc.o
    0x0800de98   0x0800de98   0x00000020   Code   RO        10168    i.USBD_CDC_SetTxBuffer  usbd_cdc.o
    0x0800deb8   0x0800deb8   0x00000110   Code   RO        10169    i.USBD_CDC_Setup    usbd_cdc.o
    0x0800dfc8   0x0800dfc8   0x00000014   Code   RO         9836    i.USBD_ClrClassConfig  usbd_core.o
    0x0800dfdc   0x0800dfdc   0x00000026   Code   RO         9998    i.USBD_ClrFeature   usbd_ctlreq.o
    0x0800e002   0x0800e002   0x00000004   Code   RO         9837    i.USBD_CoreFindEP   usbd_core.o
    0x0800e006   0x0800e006   0x00000004   Code   RO         9838    i.USBD_CoreFindIF   usbd_core.o
    0x0800e00a   0x0800e00a   0x00000010   Code   RO        10096    i.USBD_CtlContinueRx  usbd_ioreq.o
    0x0800e01a   0x0800e01a   0x00000010   Code   RO        10097    i.USBD_CtlContinueSendData  usbd_ioreq.o
    0x0800e02a   0x0800e02a   0x00000018   Code   RO         9999    i.USBD_CtlError     usbd_ctlreq.o
    0x0800e042   0x0800e042   0x0000001e   Code   RO        10098    i.USBD_CtlPrepareRx  usbd_ioreq.o
    0x0800e060   0x0800e060   0x00000016   Code   RO        10099    i.USBD_CtlReceiveStatus  usbd_ioreq.o
    0x0800e076   0x0800e076   0x0000001a   Code   RO        10100    i.USBD_CtlSendData  usbd_ioreq.o
    0x0800e090   0x0800e090   0x00000016   Code   RO        10101    i.USBD_CtlSendStatus  usbd_ioreq.o
    0x0800e0a6   0x0800e0a6   0x00000002   PAD
    0x0800e0a8   0x0800e0a8   0x00000034   Code   RO         1108    i.USBD_FS_ConfigStrDescriptor  usbd_desc.o
    0x0800e0dc   0x0800e0dc   0x00000010   Code   RO         1109    i.USBD_FS_DeviceDescriptor  usbd_desc.o
    0x0800e0ec   0x0800e0ec   0x00000038   Code   RO         1110    i.USBD_FS_InterfaceStrDescriptor  usbd_desc.o
    0x0800e124   0x0800e124   0x00000010   Code   RO         1111    i.USBD_FS_LangIDStrDescriptor  usbd_desc.o
    0x0800e134   0x0800e134   0x0000002c   Code   RO         1112    i.USBD_FS_ManufacturerStrDescriptor  usbd_desc.o
    0x0800e160   0x0800e160   0x00000040   Code   RO         1113    i.USBD_FS_ProductStrDescriptor  usbd_desc.o
    0x0800e1a0   0x0800e1a0   0x00000018   Code   RO         1114    i.USBD_FS_SerialStrDescriptor  usbd_desc.o
    0x0800e1b8   0x0800e1b8   0x00000034   Code   RO        10000    i.USBD_GetConfig    usbd_ctlreq.o
    0x0800e1ec   0x0800e1ec   0x000001b4   Code   RO        10001    i.USBD_GetDescriptor  usbd_ctlreq.o
    0x0800e3a0   0x0800e3a0   0x0000003c   Code   RO         9840    i.USBD_GetEpDesc    usbd_core.o
    0x0800e3dc   0x0800e3dc   0x00000018   Code   RO        10002    i.USBD_GetLen       usbd_ctlreq.o
    0x0800e3f4   0x0800e3f4   0x0000000e   Code   RO         9841    i.USBD_GetNextDesc  usbd_core.o
    0x0800e402   0x0800e402   0x00000036   Code   RO        10003    i.USBD_GetStatus    usbd_ctlreq.o
    0x0800e438   0x0800e438   0x00000058   Code   RO        10004    i.USBD_GetString    usbd_ctlreq.o
    0x0800e490   0x0800e490   0x0000002c   Code   RO          912    i.USBD_Get_USB_Status  usbd_conf.o
    0x0800e4bc   0x0800e4bc   0x00000028   Code   RO         9842    i.USBD_Init         usbd_core.o
    0x0800e4e4   0x0800e4e4   0x00000026   Code   RO          913    i.USBD_LL_ClearStallEP  usbd_conf.o
    0x0800e50a   0x0800e50a   0x00000026   Code   RO          914    i.USBD_LL_CloseEP   usbd_conf.o
    0x0800e530   0x0800e530   0x000000dc   Code   RO         9843    i.USBD_LL_DataInStage  usbd_core.o
    0x0800e60c   0x0800e60c   0x000000d0   Code   RO         9844    i.USBD_LL_DataOutStage  usbd_core.o
    0x0800e6dc   0x0800e6dc   0x00000004   Code   RO         9845    i.USBD_LL_DevConnected  usbd_core.o
    0x0800e6e0   0x0800e6e0   0x00000020   Code   RO         9846    i.USBD_LL_DevDisconnected  usbd_core.o
    0x0800e700   0x0800e700   0x00000012   Code   RO          918    i.USBD_LL_GetRxDataSize  usbd_conf.o
    0x0800e712   0x0800e712   0x00000002   PAD
    0x0800e714   0x0800e714   0x00000068   Code   RO          919    i.USBD_LL_Init      usbd_conf.o
    0x0800e77c   0x0800e77c   0x00000038   Code   RO          920    i.USBD_LL_IsStallEP  usbd_conf.o
    0x0800e7b4   0x0800e7b4   0x0000002a   Code   RO         9847    i.USBD_LL_IsoINIncomplete  usbd_core.o
    0x0800e7de   0x0800e7de   0x0000002a   Code   RO         9848    i.USBD_LL_IsoOUTIncomplete  usbd_core.o
    0x0800e808   0x0800e808   0x00000030   Code   RO          921    i.USBD_LL_OpenEP    usbd_conf.o
    0x0800e838   0x0800e838   0x00000030   Code   RO          922    i.USBD_LL_PrepareReceive  usbd_conf.o
    0x0800e868   0x0800e868   0x00000060   Code   RO         9849    i.USBD_LL_Reset     usbd_core.o
    0x0800e8c8   0x0800e8c8   0x00000014   Code   RO         9850    i.USBD_LL_Resume    usbd_core.o
    0x0800e8dc   0x0800e8dc   0x0000001a   Code   RO         9851    i.USBD_LL_SOF       usbd_core.o
    0x0800e8f6   0x0800e8f6   0x00000006   Code   RO         9852    i.USBD_LL_SetSpeed  usbd_core.o
    0x0800e8fc   0x0800e8fc   0x00000026   Code   RO          923    i.USBD_LL_SetUSBAddress  usbd_conf.o
    0x0800e922   0x0800e922   0x00000064   Code   RO         9853    i.USBD_LL_SetupStage  usbd_core.o
    0x0800e986   0x0800e986   0x00000026   Code   RO          924    i.USBD_LL_StallEP   usbd_conf.o
    0x0800e9ac   0x0800e9ac   0x0000001e   Code   RO          925    i.USBD_LL_Start     usbd_conf.o
    0x0800e9ca   0x0800e9ca   0x0000001a   Code   RO         9854    i.USBD_LL_Suspend   usbd_core.o
    0x0800e9e4   0x0800e9e4   0x00000030   Code   RO          927    i.USBD_LL_Transmit  usbd_conf.o
    0x0800ea14   0x0800ea14   0x00000032   Code   RO        10005    i.USBD_ParseSetupRequest  usbd_ctlreq.o
    0x0800ea46   0x0800ea46   0x0000003a   Code   RO         9855    i.USBD_RegisterClass  usbd_core.o
    0x0800ea80   0x0800ea80   0x00000004   Code   RO         9856    i.USBD_RunTestMode  usbd_core.o
    0x0800ea84   0x0800ea84   0x00000058   Code   RO        10006    i.USBD_SetAddress   usbd_ctlreq.o
    0x0800eadc   0x0800eadc   0x00000014   Code   RO         9857    i.USBD_SetClassConfig  usbd_core.o
    0x0800eaf0   0x0800eaf0   0x000000dc   Code   RO        10007    i.USBD_SetConfig    usbd_ctlreq.o
    0x0800ebcc   0x0800ebcc   0x00000024   Code   RO        10008    i.USBD_SetFeature   usbd_ctlreq.o
    0x0800ebf0   0x0800ebf0   0x00000004   Code   RO         9858    i.USBD_Start        usbd_core.o
    0x0800ebf4   0x0800ebf4   0x00000076   Code   RO        10009    i.USBD_StdDevReq    usbd_ctlreq.o
    0x0800ec6a   0x0800ec6a   0x0000022e   Code   RO        10010    i.USBD_StdEPReq     usbd_ctlreq.o
    0x0800ee98   0x0800ee98   0x0000008e   Code   RO        10011    i.USBD_StdItfReq    usbd_ctlreq.o
    0x0800ef26   0x0800ef26   0x00000002   Code   RO          928    i.USBD_static_free  usbd_conf.o
    0x0800ef28   0x0800ef28   0x0000000c   Code   RO          929    i.USBD_static_malloc  usbd_conf.o
    0x0800ef34   0x0800ef34   0x0000009c   Code   RO         4208    i.USB_ActivateEndpoint  stm32f4xx_ll_usb.o
    0x0800efd0   0x0800efd0   0x0000001c   Code   RO         4210    i.USB_ActivateSetup  stm32f4xx_ll_usb.o
    0x0800efec   0x0800efec   0x00000086   Code   RO         4212    i.USB_CoreInit      stm32f4xx_ll_usb.o
    0x0800f072   0x0800f072   0x0000004e   Code   RO         4213    i.USB_CoreReset     stm32f4xx_ll_usb.o
    0x0800f0c0   0x0800f0c0   0x000000dc   Code   RO         4216    i.USB_DeactivateEndpoint  stm32f4xx_ll_usb.o
    0x0800f19c   0x0800f19c   0x0000001c   Code   RO         4217    i.USB_DevConnect    stm32f4xx_ll_usb.o
    0x0800f1b8   0x0800f1b8   0x0000001c   Code   RO         4218    i.USB_DevDisconnect  stm32f4xx_ll_usb.o
    0x0800f1d4   0x0800f1d4   0x00000178   Code   RO         4219    i.USB_DevInit       stm32f4xx_ll_usb.o
    0x0800f34c   0x0800f34c   0x0000000c   Code   RO         4220    i.USB_DisableGlobalInt  stm32f4xx_ll_usb.o
    0x0800f358   0x0800f358   0x00000060   Code   RO         4223    i.USB_EP0_OutStart  stm32f4xx_ll_usb.o
    0x0800f3b8   0x0800f3b8   0x00000058   Code   RO         4224    i.USB_EPClearStall  stm32f4xx_ll_usb.o
    0x0800f410   0x0800f410   0x0000005e   Code   RO         4225    i.USB_EPSetStall    stm32f4xx_ll_usb.o
    0x0800f46e   0x0800f46e   0x0000028c   Code   RO         4226    i.USB_EPStartXfer   stm32f4xx_ll_usb.o
    0x0800f6fa   0x0800f6fa   0x000000b4   Code   RO         4227    i.USB_EPStopXfer    stm32f4xx_ll_usb.o
    0x0800f7ae   0x0800f7ae   0x0000000c   Code   RO         4228    i.USB_EnableGlobalInt  stm32f4xx_ll_usb.o
    0x0800f7ba   0x0800f7ba   0x0000004a   Code   RO         4229    i.USB_FlushRxFifo   stm32f4xx_ll_usb.o
    0x0800f804   0x0800f804   0x0000004e   Code   RO         4230    i.USB_FlushTxFifo   stm32f4xx_ll_usb.o
    0x0800f852   0x0800f852   0x00000020   Code   RO         4232    i.USB_GetDevSpeed   stm32f4xx_ll_usb.o
    0x0800f872   0x0800f872   0x00000008   Code   RO         4234    i.USB_GetMode       stm32f4xx_ll_usb.o
    0x0800f87a   0x0800f87a   0x0000000e   Code   RO         4242    i.USB_ReadDevAllInEpInterrupt  stm32f4xx_ll_usb.o
    0x0800f888   0x0800f888   0x0000000e   Code   RO         4243    i.USB_ReadDevAllOutEpInterrupt  stm32f4xx_ll_usb.o
    0x0800f896   0x0800f896   0x00000024   Code   RO         4244    i.USB_ReadDevInEPInterrupt  stm32f4xx_ll_usb.o
    0x0800f8ba   0x0800f8ba   0x00000010   Code   RO         4245    i.USB_ReadDevOutEPInterrupt  stm32f4xx_ll_usb.o
    0x0800f8ca   0x0800f8ca   0x00000008   Code   RO         4246    i.USB_ReadInterrupts  stm32f4xx_ll_usb.o
    0x0800f8d2   0x0800f8d2   0x00000048   Code   RO         4247    i.USB_ReadPacket    stm32f4xx_ll_usb.o
    0x0800f91a   0x0800f91a   0x00000060   Code   RO         4249    i.USB_SetCurrentMode  stm32f4xx_ll_usb.o
    0x0800f97a   0x0800f97a   0x00000022   Code   RO         4250    i.USB_SetDevAddress  stm32f4xx_ll_usb.o
    0x0800f99c   0x0800f99c   0x0000000e   Code   RO         4251    i.USB_SetDevSpeed   stm32f4xx_ll_usb.o
    0x0800f9aa   0x0800f9aa   0x00000002   PAD
    0x0800f9ac   0x0800f9ac   0x000000f4   Code   RO         4252    i.USB_SetTurnaroundTime  stm32f4xx_ll_usb.o
    0x0800faa0   0x0800faa0   0x00000034   Code   RO         4255    i.USB_WritePacket   stm32f4xx_ll_usb.o
    0x0800fad4   0x0800fad4   0x00000004   Code   RO         1301    i.UsageFault_Handler  stm32f4xx_it.o
    0x0800fad8   0x0800fad8   0x00000030   Code   RO        10553    i.__ARM_fpclassify  m_wm.l(fpclassify.o)
    0x0800fb08   0x0800fb08   0x00000026   Code   RO        10555    i.__ARM_fpclassifyf  m_wm.l(fpclassifyf.o)
    0x0800fb2e   0x0800fb2e   0x00000002   PAD
    0x0800fb30   0x0800fb30   0x0000012c   Code   RO        10311    i.__hardfp_asinf    m_wm.l(asinf.o)
    0x0800fc5c   0x0800fc5c   0x00000004   PAD
    0x0800fc60   0x0800fc60   0x000002d8   Code   RO        10323    i.__hardfp_atan     m_wm.l(atan.o)
    0x0800ff38   0x0800ff38   0x00000250   Code   RO        10337    i.__hardfp_atan2f   m_wm.l(atan2f.o)
    0x08010188   0x08010188   0x000000c8   Code   RO        10349    i.__hardfp_cos      m_wm.l(cos.o)
    0x08010250   0x08010250   0x00000150   Code   RO        10361    i.__hardfp_cosf     m_wm.l(cosf.o)
    0x080103a0   0x080103a0   0x00000014   Code   RO        10373    i.__hardfp_fabs     m_wm.l(fabs.o)
    0x080103b4   0x080103b4   0x00000004   PAD
    0x080103b8   0x080103b8   0x000000c8   Code   RO        10379    i.__hardfp_sin      m_wm.l(sin.o)
    0x08010480   0x08010480   0x00000190   Code   RO        10391    i.__hardfp_sinf     m_wm.l(sinf.o)
    0x08010610   0x08010610   0x0000007a   Code   RO        10403    i.__hardfp_sqrt     m_wm.l(sqrt.o)
    0x0801068a   0x0801068a   0x00000006   PAD
    0x08010690   0x08010690   0x00000438   Code   RO        10573    i.__ieee754_rem_pio2  m_wm.l(rred.o)
    0x08010ac8   0x08010ac8   0x00000170   Code   RO        10536    i.__kernel_cos      m_wm.l(cos_i.o)
    0x08010c38   0x08010c38   0x000000f8   Code   RO        10571    i.__kernel_poly     m_wm.l(poly.o)
    0x08010d30   0x08010d30   0x00000130   Code   RO        10581    i.__kernel_sin      m_wm.l(sin_i.o)
    0x08010e60   0x08010e60   0x00000014   Code   RO        10540    i.__mathlib_dbl_infnan  m_wm.l(dunder.o)
    0x08010e74   0x08010e74   0x00000004   PAD
    0x08010e78   0x08010e78   0x00000020   Code   RO        10542    i.__mathlib_dbl_invalid  m_wm.l(dunder.o)
    0x08010e98   0x08010e98   0x00000020   Code   RO        10545    i.__mathlib_dbl_underflow  m_wm.l(dunder.o)
    0x08010eb8   0x08010eb8   0x00000006   Code   RO        10558    i.__mathlib_flt_infnan  m_wm.l(funder.o)
    0x08010ebe   0x08010ebe   0x00000006   Code   RO        10559    i.__mathlib_flt_infnan2  m_wm.l(funder.o)
    0x08010ec4   0x08010ec4   0x00000010   Code   RO        10560    i.__mathlib_flt_invalid  m_wm.l(funder.o)
    0x08010ed4   0x08010ed4   0x00000010   Code   RO        10563    i.__mathlib_flt_underflow  m_wm.l(funder.o)
    0x08010ee4   0x08010ee4   0x00000154   Code   RO        10578    i.__mathlib_rredf2  m_wm.l(rredf.o)
    0x08011038   0x08011038   0x0000000e   Code   RO        10480    i._is_digit         c_w.l(__printf_wp.o)
    0x08011046   0x08011046   0x00000002   PAD
    0x08011048   0x08011048   0x00000068   Code   RO         1625    i.aRGB_led_show     bsp_led.o
    0x080110b0   0x080110b0   0x000000e8   Code   RO         2826    i.all_target_clac   bat_control.o
    0x08011198   0x08011198   0x000000b4   Code   RO         2827    i.bat_action        bat_control.o
    0x0801124c   0x0801124c   0x0000004c   Code   RO         2828    i.bat_data_update   bat_control.o
    0x08011298   0x08011298   0x00000294   Code   RO         2829    i.bat_motor_Init    bat_control.o
    0x0801152c   0x0801152c   0x00000074   Code   RO         2830    i.bat_motor_control  bat_control.o
    0x080115a0   0x080115a0   0x00000014   Code   RO         2831    i.bat_posion_set    bat_control.o
    0x080115b4   0x080115b4   0x00000134   Code   RO         3585    i.bmi088_accel_init  bmi088driver.o
    0x080116e8   0x080116e8   0x000002fc   Code   RO         3586    i.bmi088_accel_self_test  bmi088driver.o
    0x080119e4   0x080119e4   0x000000f4   Code   RO         3587    i.bmi088_gyro_init  bmi088driver.o
    0x08011ad8   0x08011ad8   0x000000d0   Code   RO         3588    i.bmi088_gyro_self_test  bmi088driver.o
    0x08011ba8   0x08011ba8   0x00000010   Code   RO         1878    i.buzzer_off        bsp_buzzer.o
    0x08011bb8   0x08011bb8   0x00000014   Code   RO         1879    i.buzzer_on         bsp_buzzer.o
    0x08011bcc   0x08011bcc   0x00000240   Code   RO         3112    i.cam_space2bot_speace  pc_interface.o
    0x08011e0c   0x08011e0c   0x00000240   Code   RO         3113    i.cam_space2bot_speace_60  pc_interface.o
    0x0801204c   0x0801204c   0x0000005c   Code   RO         1688    i.can_filter_init   bsp_can.o
    0x080120a8   0x080120a8   0x0000012c   Code   RO         2509    i.chassis_feedback_update  chassis.o
    0x080121d4   0x080121d4   0x000001c4   Code   RO         2510    i.chassis_init      chassis.o
    0x08012398   0x08012398   0x00000060   Code   RO         2511    i.chassis_keep_straight  chassis.o
    0x080123f8   0x080123f8   0x00000274   Code   RO         2512    i.chassis_movement_calc  chassis.o
    0x0801266c   0x0801266c   0x00000084   Code   RO         2513    i.chassis_speed_pid_calc  chassis.o
    0x080126f0   0x080126f0   0x000000f4   Code   RO         2514    i.chassis_stop_pid_calc  chassis.o
    0x080127e4   0x080127e4   0x0000004c   Code   RO         9721    i.chassis_task      chassis_task.o
    0x08012830   0x08012830   0x0000027c   Code   RO         3206    i.chassis_volleyball_track  tracking.o
    0x08012aac   0x08012aac   0x000000d4   Code   RO         2357    i.continue_motor_pos  can_recv.o
    0x08012b80   0x08012b80   0x00000090   Code   RO         9750    i.debug_task        debug_task..o
    0x08012c10   0x08012c10   0x00000030   Code   RO         1478    i.delay_init        bsp_delay.o
    0x08012c40   0x08012c40   0x00000050   Code   RO         1480    i.delay_us          bsp_delay.o
    0x08012c90   0x08012c90   0x000005cc   Code   RO         2832    i.delta_arm_inverse_calculation  bat_control.o
    0x0801325c   0x0801325c   0x00000018   Code   RO        10375    i.fabs              m_wm.l(fabs.o)
    0x08013274   0x08013274   0x000000a0   Code   RO         2964    i.final_Monitor     monitor.o
    0x08013314   0x08013314   0x00000054   Code   RO         3298    i.first_order_filter_cali  user_lib.o
    0x08013368   0x08013368   0x00000024   Code   RO         3299    i.first_order_filter_init  user_lib.o
    0x0801338c   0x0801338c   0x0000002a   Code   RO         2833    i.float_constrain   bat_control.o
    0x080133b6   0x080133b6   0x0000004a   Code   RO         2358    i.float_to_uint     can_recv.o
    0x08013400   0x08013400   0x00000040   Code   RO         9650    i.functional_zone_task  bat_control_task.o
    0x08013440   0x08013440   0x00000008   Code   RO         1925    i.get_INS_angle_point  ins_task.o
    0x08013448   0x08013448   0x000000dc   Code   RO         1928    i.get_angle         ins_task.o
    0x08013524   0x08013524   0x00000008   Code   RO         2625    i.get_remote_control_point  remote_control.o
    0x0801352c   0x0801352c   0x0000012c   Code   RO         1932    i.imu_cali_slove    ins_task.o
    0x08013658   0x08013658   0x000001a8   Code   RO         1933    i.imu_cmd_spi_dma   ins_task.o
    0x08013800   0x08013800   0x0000000c   Code   RO         1597    i.imu_pwm_set       bsp_imu_pwm.o
    0x0801380c   0x0801380c   0x000000a4   Code   RO         1934    i.imu_temp_control  ins_task.o
    0x080138b0   0x080138b0   0x0000003c   Code   RO         3383    i.invSqrt           mahonyahrs.o
    0x080138ec   0x080138ec   0x00000002   Code   RO         3843    i.ist8310_GPIO_init  ist8310driver_middleware.o
    0x080138ee   0x080138ee   0x00000002   PAD
    0x080138f0   0x080138f0   0x00000024   Code   RO         3844    i.ist8310_IIC_read_muli_reg  ist8310driver_middleware.o
    0x08013914   0x08013914   0x00000028   Code   RO         3845    i.ist8310_IIC_read_single_reg  ist8310driver_middleware.o
    0x0801393c   0x0801393c   0x00000028   Code   RO         3847    i.ist8310_IIC_write_single_reg  ist8310driver_middleware.o
    0x08013964   0x08013964   0x00000014   Code   RO         3848    i.ist8310_RST_H     ist8310driver_middleware.o
    0x08013978   0x08013978   0x00000014   Code   RO         3849    i.ist8310_RST_L     ist8310driver_middleware.o
    0x0801398c   0x0801398c   0x00000002   Code   RO         3850    i.ist8310_com_init  ist8310driver_middleware.o
    0x0801398e   0x0801398e   0x0000000c   Code   RO         3851    i.ist8310_delay_ms  ist8310driver_middleware.o
    0x0801399a   0x0801399a   0x00000002   PAD
    0x0801399c   0x0801399c   0x00000094   Code   RO         3808    i.ist8310_init      ist8310driver.o
    0x08013a30   0x08013a30   0x0000008c   Code   RO         3809    i.ist8310_read_mag  ist8310driver.o
    0x08013abc   0x08013abc   0x00000288   Code   RO         3211    i.keep_ball_in_center_track  tracking.o
    0x08013d44   0x08013d44   0x000001b0   Code   RO         2209    i.led_RGB_flow_task  led_flow_task.o
    0x08013ef4   0x08013ef4   0x00000060   Code   RO         3304    i.loop_fp32_constrain  user_lib.o
    0x08013f54   0x08013f54   0x00000078   Code   RO           15    i.main              main.o
    0x08013fcc   0x08013fcc   0x0000000c   Code   RO         9136    i.makeFreeRtosPriority  cmsis_os.o
    0x08013fd8   0x08013fd8   0x000000a0   Code   RO         2966    i.mode_state_check  monitor.o
    0x08014078   0x08014078   0x000000c8   Code   RO         2967    i.mode_switch       monitor.o
    0x08014140   0x08014140   0x000000f0   Code   RO         2836    i.motor_pid_clac    bat_control.o
    0x08014230   0x08014230   0x00000018   Code   RO         3028    i.ops9_Zero_Clearing  sensor.o
    0x08014248   0x08014248   0x0000002c   Code   RO         2516    i.ops9_data_clear_check  chassis.o
    0x08014274   0x08014274   0x000000a8   Code   RO         3029    i.ops9_data_receive  sensor.o
    0x0801431c   0x0801431c   0x00000014   Code   RO         3030    i.ops9_init         sensor.o
    0x08014330   0x08014330   0x00000010   Code   RO         9138    i.osDelay           cmsis_os.o
    0x08014340   0x08014340   0x0000000a   Code   RO         9141    i.osKernelStart     cmsis_os.o
    0x0801434a   0x0801434a   0x0000005c   Code   RO         9175    i.osThreadCreate    cmsis_os.o
    0x080143a6   0x080143a6   0x00000002   PAD
    0x080143a8   0x080143a8   0x00000024   Code   RO         8603    i.pcTaskGetName     tasks.o
    0x080143cc   0x080143cc   0x00000002   Code   RO         3212    i.pc_data_check     tracking.o
    0x080143ce   0x080143ce   0x0000003e   Code   RO         3425    i.pid_abs_param_init  pid.o
    0x0801440c   0x0801440c   0x00000080   Code   RO         8604    i.prvAddCurrentTaskToDelayedList  tasks.o
    0x0801448c   0x0801448c   0x00000088   Code   RO         8605    i.prvAddNewTaskToReadyList  tasks.o
    0x08014514   0x08014514   0x0000005c   Code   RO         8968    i.prvCheckForValidListAndQueue  timers.o
    0x08014570   0x08014570   0x00000040   Code   RO         8606    i.prvCheckTasksWaitingTermination  tasks.o
    0x080145b0   0x080145b0   0x00000024   Code   RO         8257    i.prvCopyDataFromQueue  queue.o
    0x080145d4   0x080145d4   0x0000006e   Code   RO         8258    i.prvCopyDataToQueue  queue.o
    0x08014642   0x08014642   0x00000040   Code   RO         8607    i.prvDeleteTCB      tasks.o
    0x08014682   0x08014682   0x00000002   PAD
    0x08014684   0x08014684   0x00000024   Code   RO         8969    i.prvGetNextExpireTime  timers.o
    0x080146a8   0x080146a8   0x00000050   Code   RO         9515    i.prvHeapInit       heap_4.o
    0x080146f8   0x080146f8   0x00000028   Code   RO         8608    i.prvIdleTask       tasks.o
    0x08014720   0x08014720   0x00000018   Code   RO         8261    i.prvInitialiseNewQueue  queue.o
    0x08014738   0x08014738   0x00000098   Code   RO         8609    i.prvInitialiseNewTask  tasks.o
    0x080147d0   0x080147d0   0x00000060   Code   RO         8610    i.prvInitialiseTaskLists  tasks.o
    0x08014830   0x08014830   0x0000005c   Code   RO         9516    i.prvInsertBlockIntoFreeList  heap_4.o
    0x0801488c   0x0801488c   0x00000048   Code   RO         8971    i.prvInsertTimerInActiveList  timers.o
    0x080148d4   0x080148d4   0x0000001a   Code   RO         8262    i.prvIsQueueEmpty   queue.o
    0x080148ee   0x080148ee   0x0000001e   Code   RO         8263    i.prvIsQueueFull    queue.o
    0x0801490c   0x0801490c   0x00000068   Code   RO         8972    i.prvProcessExpiredTimer  timers.o
    0x08014974   0x08014974   0x00000110   Code   RO         8973    i.prvProcessReceivedCommands  timers.o
    0x08014a84   0x08014a84   0x0000006c   Code   RO         8974    i.prvProcessTimerOrBlockTask  timers.o
    0x08014af0   0x08014af0   0x00000024   Code   RO         8611    i.prvResetNextTaskUnblockTime  tasks.o
    0x08014b14   0x08014b14   0x0000002c   Code   RO         8975    i.prvSampleTimeNow  timers.o
    0x08014b40   0x08014b40   0x0000006e   Code   RO         8612    i.prvSearchForNameWithinSingleList  tasks.o
    0x08014bae   0x08014bae   0x00000002   PAD
    0x08014bb0   0x08014bb0   0x00000078   Code   RO         8976    i.prvSwitchTimerLists  timers.o
    0x08014c28   0x08014c28   0x00000030   Code   RO         9571    i.prvTaskExitError  port.o
    0x08014c58   0x08014c58   0x00000014   Code   RO         8977    i.prvTimerTask      timers.o
    0x08014c6c   0x08014c6c   0x00000068   Code   RO         8264    i.prvUnlockQueue    queue.o
    0x08014cd4   0x08014cd4   0x000000e8   Code   RO         9517    i.pvPortMalloc      heap_4.o
    0x08014dbc   0x08014dbc   0x0000002c   Code   RO         9572    i.pxPortInitialiseStack  port.o
    0x08014de8   0x08014de8   0x00000050   Code   RO         2517    i.rc_dead_zone      chassis.o
    0x08014e38   0x08014e38   0x000000f4   Code   RO         2518    i.rc_to_motor_set   chassis.o
    0x08014f2c   0x08014f2c   0x00000014   Code   RO         2626    i.remote_control_init  remote_control.o
    0x08014f40   0x08014f40   0x0000002e   Code   RO         2968    i.robo_init_complete  monitor.o
    0x08014f6e   0x08014f6e   0x00000002   PAD
    0x08014f70   0x08014f70   0x000001d8   Code   RO         2627    i.sbus_to_rc        remote_control.o
    0x08015148   0x08015148   0x0000003e   Code   RO        10589    i.sqrtf             m_wm.l(sqrtf.o)
    0x08015186   0x08015186   0x00000002   PAD
    0x08015188   0x08015188   0x0000005c   Code   RO         2969    i.start_Monitor     monitor.o
    0x080151e4   0x080151e4   0x000000dc   Code   RO         2837    i.striker_motor_control  bat_control.o
    0x080152c0   0x080152c0   0x00000124   Code   RO         2838    i.striker_new_init  bat_control.o
    0x080153e4   0x080153e4   0x0000003c   Code   RO         9811    i.striker_task      striker_task.o
    0x08015420   0x08015420   0x000000f0   Code   RO         3214    i.tracking_init     tracking.o
    0x08015510   0x08015510   0x00000048   Code   RO         1744    i.uart_dma_printf   bsp_usart.o
    0x08015558   0x08015558   0x00000034   Code   RO         2363    i.uint_to_float     can_recv.o
    0x0801558c   0x0801558c   0x00000068   Code   RO         8616    i.ulTaskNotifyTake  tasks.o
    0x080155f4   0x080155f4   0x0000009c   Code   RO         3031    i.usart6_DMA_init   sensor.o
    0x08015690   0x08015690   0x00000018   Code   RO         3032    i.usart6_send       sensor.o
    0x080156a8   0x080156a8   0x00000026   Code   RO         8217    i.uxListRemove      list.o
    0x080156ce   0x080156ce   0x00000002   PAD
    0x080156d0   0x080156d0   0x00000018   Code   RO          328    i.vApplicationGetIdleTaskMemory  freertos.o
    0x080156e8   0x080156e8   0x00000018   Code   RO          329    i.vApplicationGetTimerTaskMemory  freertos.o
    0x08015700   0x08015700   0x00000016   Code   RO         8218    i.vListInitialise   list.o
    0x08015716   0x08015716   0x00000006   Code   RO         8219    i.vListInitialiseItem  list.o
    0x0801571c   0x0801571c   0x00000036   Code   RO         8220    i.vListInsert       list.o
    0x08015752   0x08015752   0x00000018   Code   RO         8221    i.vListInsertEnd    list.o
    0x0801576a   0x0801576a   0x00000002   PAD
    0x0801576c   0x0801576c   0x00000040   Code   RO         9574    i.vPortEnterCritical  port.o
    0x080157ac   0x080157ac   0x0000002c   Code   RO         9575    i.vPortExitCritical  port.o
    0x080157d8   0x080157d8   0x00000064   Code   RO         9518    i.vPortFree         heap_4.o
    0x0801583c   0x0801583c   0x00000024   Code   RO         9576    i.vPortSetupTimerInterrupt  port.o
    0x08015860   0x08015860   0x00000054   Code   RO         9577    i.vPortValidateInterruptPriority  port.o
    0x080158b4   0x080158b4   0x00000028   Code   RO         8268    i.vQueueAddToRegistry  queue.o
    0x080158dc   0x080158dc   0x0000004a   Code   RO         8271    i.vQueueWaitForMessageRestricted  queue.o
    0x08015926   0x08015926   0x00000002   PAD
    0x08015928   0x08015928   0x00000050   Code   RO         8623    i.vTaskDelay        tasks.o
    0x08015978   0x08015978   0x0000009c   Code   RO         8624    i.vTaskDelayUntil   tasks.o
    0x08015a14   0x08015a14   0x00000010   Code   RO         8627    i.vTaskInternalSetTimeOutState  tasks.o
    0x08015a24   0x08015a24   0x0000000c   Code   RO         8628    i.vTaskMissedYield  tasks.o
    0x08015a30   0x08015a30   0x000000bc   Code   RO         8629    i.vTaskNotifyGiveFromISR  tasks.o
    0x08015aec   0x08015aec   0x00000034   Code   RO         8630    i.vTaskPlaceOnEventList  tasks.o
    0x08015b20   0x08015b20   0x0000003c   Code   RO         8631    i.vTaskPlaceOnEventListRestricted  tasks.o
    0x08015b5c   0x08015b5c   0x00000090   Code   RO         8638    i.vTaskStartScheduler  tasks.o
    0x08015bec   0x08015bec   0x00000010   Code   RO         8640    i.vTaskSuspendAll   tasks.o
    0x08015bfc   0x08015bfc   0x00000060   Code   RO         8641    i.vTaskSwitchContext  tasks.o
    0x08015c5c   0x08015c5c   0x00000104   Code   RO         9578    i.xPortStartScheduler  port.o
    0x08015d60   0x08015d60   0x0000002c   Code   RO         9579    i.xPortSysTickHandler  port.o
    0x08015d8c   0x08015d8c   0x00000070   Code   RO         8275    i.xQueueGenericCreateStatic  queue.o
    0x08015dfc   0x08015dfc   0x00000090   Code   RO         8276    i.xQueueGenericReset  queue.o
    0x08015e8c   0x08015e8c   0x00000170   Code   RO         8277    i.xQueueGenericSend  queue.o
    0x08015ffc   0x08015ffc   0x000000be   Code   RO         8278    i.xQueueGenericSendFromISR  queue.o
    0x080160ba   0x080160ba   0x00000002   PAD
    0x080160bc   0x080160bc   0x00000148   Code   RO         8286    i.xQueueReceive     queue.o
    0x08016204   0x08016204   0x00000098   Code   RO         8644    i.xTaskCheckForTimeOut  tasks.o
    0x0801629c   0x0801629c   0x0000006c   Code   RO         8645    i.xTaskCreate       tasks.o
    0x08016308   0x08016308   0x00000060   Code   RO         8646    i.xTaskCreateStatic  tasks.o
    0x08016368   0x08016368   0x0000008c   Code   RO         8650    i.xTaskGetHandle    tasks.o
    0x080163f4   0x080163f4   0x0000001c   Code   RO         8651    i.xTaskGetSchedulerState  tasks.o
    0x08016410   0x08016410   0x0000000c   Code   RO         8652    i.xTaskGetTickCount  tasks.o
    0x0801641c   0x0801641c   0x000000d4   Code   RO         8654    i.xTaskIncrementTick  tasks.o
    0x080164f0   0x080164f0   0x0000009c   Code   RO         8657    i.xTaskPriorityDisinherit  tasks.o
    0x0801658c   0x0801658c   0x00000078   Code   RO         8659    i.xTaskRemoveFromEventList  tasks.o
    0x08016604   0x08016604   0x000000cc   Code   RO         8660    i.xTaskResumeAll    tasks.o
    0x080166d0   0x080166d0   0x00000068   Code   RO         8984    i.xTimerCreateTimerTask  timers.o
    0x08016738   0x08016738   0x00000074   Code   RO         8985    i.xTimerGenericCommand  timers.o
    0x080167ac   0x080167ac   0x0000002c   Code   RO        10683    locale$$code        c_w.l(lc_numeric_c.o)
    0x080167d8   0x080167d8   0x0000002c   Code   RO        10704    locale$$code        c_w.l(lc_ctype_c.o)
    0x08016804   0x08016804   0x00000018   Code   RO        10281    x$fpl$basic         fz_wm.l(basic.o)
    0x0801681c   0x0801681c   0x00000062   Code   RO        10283    x$fpl$d2f           fz_wm.l(d2f.o)
    0x0801687e   0x0801687e   0x00000002   PAD
    0x08016880   0x08016880   0x00000150   Code   RO        10285    x$fpl$dadd          fz_wm.l(daddsub_clz.o)
    0x080169d0   0x080169d0   0x00000018   Code   RO        10515    x$fpl$dcmpinf       fz_wm.l(dcmpi.o)
    0x080169e8   0x080169e8   0x000002b0   Code   RO        10292    x$fpl$ddiv          fz_wm.l(ddiv.o)
    0x08016c98   0x08016c98   0x0000005e   Code   RO        10639    x$fpl$dfix          fz_wm.l(dfix.o)
    0x08016cf6   0x08016cf6   0x0000002e   Code   RO        10296    x$fpl$dflt          fz_wm.l(dflt_clz.o)
    0x08016d24   0x08016d24   0x00000026   Code   RO        10295    x$fpl$dfltu         fz_wm.l(dflt_clz.o)
    0x08016d4a   0x08016d4a   0x00000002   PAD
    0x08016d4c   0x08016d4c   0x00000078   Code   RO        10301    x$fpl$dleqf         fz_wm.l(dleqf.o)
    0x08016dc4   0x08016dc4   0x00000154   Code   RO        10303    x$fpl$dmul          fz_wm.l(dmul.o)
    0x08016f18   0x08016f18   0x0000009c   Code   RO        10517    x$fpl$dnaninf       fz_wm.l(dnaninf.o)
    0x08016fb4   0x08016fb4   0x0000000c   Code   RO        10519    x$fpl$dretinf       fz_wm.l(dretinf.o)
    0x08016fc0   0x08016fc0   0x0000006c   Code   RO        10305    x$fpl$drleqf        fz_wm.l(drleqf.o)
    0x0801702c   0x0801702c   0x00000016   Code   RO        10286    x$fpl$drsb          fz_wm.l(daddsub_clz.o)
    0x08017042   0x08017042   0x00000002   PAD
    0x08017044   0x08017044   0x00000198   Code   RO        10521    x$fpl$dsqrt         fz_wm.l(dsqrt_umaal.o)
    0x080171dc   0x080171dc   0x000001d4   Code   RO        10287    x$fpl$dsub          fz_wm.l(daddsub_clz.o)
    0x080173b0   0x080173b0   0x00000056   Code   RO        10307    x$fpl$f2d           fz_wm.l(f2d.o)
    0x08017406   0x08017406   0x00000060   Code   RO        10309    x$fpl$ffltll        fz_wm.l(ffltll_clz.o)
    0x08017466   0x08017466   0x0000008c   Code   RO        10523    x$fpl$fnaninf       fz_wm.l(fnaninf.o)
    0x080174f2   0x080174f2   0x0000000a   Code   RO        10772    x$fpl$fpinit        fz_wm.l(fpinit.o)
    0x080174fc   0x080174fc   0x0000000a   Code   RO        10525    x$fpl$fretinf       fz_wm.l(fretinf.o)
    0x08017506   0x08017506   0x00000004   Code   RO        10527    x$fpl$printf1       fz_wm.l(printf1.o)
    0x0801750a   0x0801750a   0x00000004   Code   RO        10529    x$fpl$printf2       fz_wm.l(printf2.o)
    0x0801750e   0x0801750e   0x00000000   Code   RO        10535    x$fpl$usenofp       fz_wm.l(usenofp.o)
    0x0801750e   0x0801750e   0x00000002   PAD
    0x08017510   0x08017510   0x000000fc   Data   RO          331    .constdata          freertos.o
    0x0801760c   0x0801760c   0x00000018   Data   RO         1443    .constdata          system_stm32f4xx.o
    0x08017624   0x08017624   0x00000018   Data   RO         1936    .constdata          ins_task.o
    0x0801763c   0x0801763c   0x0000000c   Data   RO         2520    .constdata          chassis.o
    0x08017648   0x08017648   0x00000010   Data   RO         2840    .constdata          bat_control.o
    0x08017658   0x08017658   0x00000012   Data   RO         3593    .constdata          bmi088driver.o
    0x0801766a   0x0801766a   0x0000000c   Data   RO         3811    .constdata          ist8310driver.o
    0x08017676   0x08017676   0x00000008   Data   RO         5037    .constdata          stm32f4xx_hal_dma.o
    0x0801767e   0x0801767e   0x00000002   PAD
    0x08017680   0x08017680   0x00000098   Data   RO        10326    .constdata          m_wm.l(atan.o)
    0x08017718   0x08017718   0x00000008   Data   RO        10439    .constdata          c_w.l(_printf_wctomb.o)
    0x08017720   0x08017720   0x00000028   Data   RO        10468    .constdata          c_w.l(_printf_hex_int_ll_ptr.o)
    0x08017748   0x08017748   0x00000011   Data   RO        10488    .constdata          c_w.l(__printf_flags_ss_wp.o)
    0x08017759   0x08017759   0x00000007   PAD
    0x08017760   0x08017760   0x00000030   Data   RO        10537    .constdata          m_wm.l(cos_i.o)
    0x08017790   0x08017790   0x000000c8   Data   RO        10575    .constdata          m_wm.l(rred.o)
    0x08017858   0x08017858   0x00000020   Data   RO        10579    .constdata          m_wm.l(rredf.o)
    0x08017878   0x08017878   0x00000028   Data   RO        10582    .constdata          m_wm.l(sin_i.o)
    0x080178a0   0x080178a0   0x00000026   Data   RO        10628    .constdata          c_w.l(_printf_fp_hex.o)
    0x080178c6   0x080178c6   0x00000002   PAD
    0x080178c8   0x080178c8   0x00000094   Data   RO        10658    .constdata          c_w.l(bigflt0.o)
    0x0801795c   0x0801795c   0x00000061   Data   RO          332    .conststring        freertos.o
    0x080179bd   0x080179bd   0x00000003   PAD
    0x080179c0   0x080179c0   0x00000020   Data   RO        10828    Region$$Table       anon$$obj.o
    0x080179e0   0x080179e0   0x0000001c   Data   RO        10682    locale$$data        c_w.l(lc_numeric_c.o)
    0x080179fc   0x080179fc   0x00000110   Data   RO        10703    locale$$data        c_w.l(lc_ctype_c.o)


    Execution Region RW_IRAM1 (Exec base: 0x20000000, Load base: 0x08017b0c, Size: 0x0000e258, Max: 0x00020000, ABSOLUTE, COMPRESSED[0x0000012c])

    Exec Addr    Load Addr    Size         Type   Attr      Idx    E Section Name        Object

    0x20000000   COMPRESSED   0x00000024   Data   RW          333    .data               freertos.o
    0x20000024   COMPRESSED   0x00000004   Data   RW          572    .data               can.o
    0x20000028   COMPRESSED   0x0000004e   Data   RW         1116    .data               usbd_desc.o
    0x20000076   COMPRESSED   0x00000002   PAD
    0x20000078   COMPRESSED   0x00000014   Data   RW         1203    .data               usbd_cdc_if.o
    0x2000008c   COMPRESSED   0x00000004   Data   RW         1444    .data               system_stm32f4xx.o
    0x20000090   COMPRESSED   0x00000008   Data   RW         1481    .data               bsp_delay.o
    0x20000098   COMPRESSED   0x00000008   Data   RW         1626    .data               bsp_led.o
    0x200000a0   COMPRESSED   0x0000000e   Data   RW         1749    .data               bsp_usart.o
    0x200000ae   COMPRESSED   0x00000002   PAD
    0x200000b0   COMPRESSED   0x000000b4   Data   RW         1937    .data               ins_task.o
    0x20000164   COMPRESSED   0x0000001c   Data   RW         2210    .data               led_flow_task.o
    0x20000180   COMPRESSED   0x00000018   Data   RW         2365    .data               can_recv.o
    0x20000198   COMPRESSED   0x00000005   Data   RW         2521    .data               chassis.o
    0x2000019d   COMPRESSED   0x00000001   PAD
    0x2000019e   COMPRESSED   0x00000004   Data   RW         2629    .data               remote_control.o
    0x200001a2   COMPRESSED   0x0000000c   Data   RW         2689    .data               variables.o
    0x200001ae   COMPRESSED   0x00000002   PAD
    0x200001b0   COMPRESSED   0x00000014   Data   RW         2841    .data               bat_control.o
    0x200001c4   COMPRESSED   0x0000001c   Data   RW         3035    .data               sensor.o
    0x200001e0   COMPRESSED   0x00000014   Data   RW         3384    .data               mahonyahrs.o
    0x200001f4   COMPRESSED   0x0000002c   Data   RW         3594    .data               bmi088driver.o
    0x20000220   COMPRESSED   0x0000000c   Data   RW         5477    .data               stm32f4xx_hal.o
    0x2000022c   COMPRESSED   0x0000003c   Data   RW         8663    .data               tasks.o
    0x20000268   COMPRESSED   0x00000014   Data   RW         8993    .data               timers.o
    0x2000027c   COMPRESSED   0x00000020   Data   RW         9524    .data               heap_4.o
    0x2000029c   COMPRESSED   0x0000000c   Data   RW         9580    .data               port.o
    0x200002a8   COMPRESSED   0x00000004   Data   RW         9651    .data               bat_control_task.o
    0x200002ac   COMPRESSED   0x00000004   Data   RW         9722    .data               chassis_task.o
    0x200002b0   COMPRESSED   0x00000004   Data   RW         9751    .data               debug_task..o
    0x200002b4   COMPRESSED   0x00000004   Data   RW         9783    .data               monitor_task.o
    0x200002b8   COMPRESSED   0x00000001   Data   RW        10012    .data               usbd_ctlreq.o
    0x200002b9   COMPRESSED   0x00000003   PAD
    0x200002bc   COMPRESSED   0x00000053   Data   RW        10171    .data               usbd_cdc.o
    0x2000030f   COMPRESSED   0x00000001   PAD
    0x20000310   COMPRESSED   0x00000038   Data   RW        10172    .data               usbd_cdc.o
    0x20000348        -       0x000006a8   Zero   RW          330    .bss                freertos.o
    0x200009f0        -       0x00000050   Zero   RW          571    .bss                can.o
    0x20000a40        -       0x00000054   Zero   RW          647    .bss                i2c.o
    0x20000a94        -       0x00000118   Zero   RW          689    .bss                spi.o
    0x20000bac        -       0x000000d8   Zero   RW          734    .bss                tim.o
    0x20000c84        -       0x000001f8   Zero   RW          793    .bss                usart.o
    0x20000e7c        -       0x000002dc   Zero   RW          843    .bss                usb_device.o
    0x20001158        -       0x00000704   Zero   RW          930    .bss                usbd_conf.o
    0x2000185c        -       0x00000200   Zero   RW         1115    .bss                usbd_desc.o
    0x20001a5c        -       0x00001000   Zero   RW         1202    .bss                usbd_cdc_if.o
    0x20002a5c        -       0x00000180   Zero   RW         1748    .bss                bsp_usart.o
    0x20002bdc        -       0x000001f8   Zero   RW         1935    .bss                ins_task.o
    0x20002dd4        -       0x000000d0   Zero   RW         2364    .bss                can_recv.o
    0x20002ea4        -       0x0000003c   Zero   RW         2519    .bss                chassis.o
    0x20002ee0        -       0x0000005e   Zero   RW         2628    .bss                remote_control.o
    0x20002f3e   COMPRESSED   0x00000002   PAD
    0x20002f40        -       0x00000e28   Zero   RW         2688    .bss                variables.o
    0x20003d68        -       0x00000042   Zero   RW         2970    .bss                monitor.o
    0x20003daa   COMPRESSED   0x00000002   PAD
    0x20003dac        -       0x000001a4   Zero   RW         3033    .bss                sensor.o
    0x20003f50        -       0x00000068   Zero   RW         3215    .bss                tracking.o
    0x20003fb8        -       0x00000040   Zero   RW         8289    .bss                queue.o
    0x20003ff8        -       0x000000f0   Zero   RW         8662    .bss                tasks.o
    0x200040e8        -       0x00000110   Zero   RW         8992    .bss                timers.o
    0x200041f8        -       0x00006000   Zero   RW         9523    .bss                heap_4.o
    0x2000a1f8        -       0x00000060   Zero   RW        10644    .bss                c_w.l(libspace.o)
    0x2000a258        -       0x00002000   Zero   RW            2    HEAP                startup_stm32f407xx.o
    0x2000c258        -       0x00002000   Zero   RW            1    STACK               startup_stm32f407xx.o


==============================================================================

Image component sizes


      Code (inc. data)   RO Data    RW Data    ZI Data      Debug   Object Name

      7858        540         16         20          0      17823   bat_control.o
        64         10          0          4          0       3151   bat_control_task.o
      2338         40         18         44          0      10611   bmi088driver.o
       140         28          0          0          0       4844   bmi088middleware.o
        36         12          0          0          0        989   bsp_buzzer.o
        92          8          0          0          0        590   bsp_can.o
       128         20          0          8          0     584160   bsp_delay.o
        12          4          0          0          0        502   bsp_imu_pwm.o
       104         22          0          8          0        592   bsp_led.o
       156         14          0          0          0       1014   bsp_rc.o
     10428        170          0          0          0       5662   bsp_spi.o
        72         14          0         14        384     585026   bsp_usart.o
       488         44          0          4         80       2402   can.o
      2054        118          0         24        208      17340   can_recv.o
      2460        226         12          5         60      19385   chassis.o
        76         14          0          4          0        587   chassis_task.o
       130          0          0          0          0      22915   cmsis_os.o
       144         38          0          4          0        601   debug_task..o
       152          6          0          0          0        818   dma.o
         0          0          0          0          0      19684   event_groups.o
       312         60        349         36       1704     754947   freertos.o
       512         20          0          0          0       1211   gpio.o
       504         32          0         32      24576       5039   heap_4.o
       260         30          0          0         84       1697   i2c.o
      5168        382         24        180        504     614853   ins_task.o
       288         10         12          0          0       2670   ist8310driver.o
       172         28          0          0          0       5227   ist8310driver_middleware.o
       432         10          0         28          0       2233   led_flow_task.o
       144          0          0          0          0       3598   list.o
      2276         72          0         20          0       4929   mahonyahrs.o
       302         16          0          0          0     681376   main.o
       658         60          0          0         66       3062   monitor.o
        56          6          0          4          0        583   monitor_task.o
      1456        100          0          0          0       9588   pc_interface.o
       900          8          0          0          0     585590   pid.o
       814         92          0         12          0      12041   port.o
      1586         24          0          0         64      17680   queue.o
       792         50          0          4         94       3461   remote_control.o
       684         74          0         28        420       7123   sensor.o
       416         38          0          0        280       1907   spi.o
        64         26        392          0      16384        848   startup_stm32f407xx.o
       188         30          0         12          0       9429   stm32f4xx_hal.o
      1992          6          0          0          0      14999   stm32f4xx_hal_can.o
       208         16          0          0          0      33551   stm32f4xx_hal_cortex.o
      1272         18          8          0          0       7526   stm32f4xx_hal_dma.o
       594         24          0          0          0       3003   stm32f4xx_hal_gpio.o
      2930         50          0          0          0      13874   stm32f4xx_hal_i2c.o
        84          6          0          0          0        838   stm32f4xx_hal_msp.o
      2710         12          0          0          0      14272   stm32f4xx_hal_pcd.o
        84          0          0          0          0       2561   stm32f4xx_hal_pcd_ex.o
      1722        104          0          0          0       6544   stm32f4xx_hal_rcc.o
      1074         16          0          0          0       5017   stm32f4xx_hal_spi.o
      1798         56          0          0          0      13711   stm32f4xx_hal_tim.o
       154          0          0          0          0       1440   stm32f4xx_hal_tim_ex.o
      2050         22          0          0          0      16018   stm32f4xx_hal_uart.o
       196         36          0          0          0       8668   stm32f4xx_it.o
      2974         86          0          0          0      24004   stm32f4xx_ll_usb.o
        60         12          0          0          0        543   striker_task.o
       100         18         24          4          0       1163   system_stm32f4xx.o
      3014        248          0         60        240      34233   tasks.o
       924         82          0          0        216       3980   tim.o
      1088         94          0         20        272      30895   timers.o
      1526        154          0          0        104       4578   tracking.o
       856         86          0          0        504       3349   usart.o
        76         16          0          0        732       6536   usb_device.o
      1362         36          0        139          0      13915   usbd_cdc.o
       156         18          0         20       4096       7473   usbd_cdc_if.o
      1004         24          0          0       1796      16904   usbd_conf.o
      1050          0          0          0          0      16449   usbd_core.o
      1928         28          0          1          0      18040   usbd_ctlreq.o
       386        122          0         78        512       6645   usbd_desc.o
       132          0          0          0          0       4540   usbd_ioreq.o
       216          4          0          0          0       3594   user_lib.o
         0          0          0         12       3624      19358   variables.o

    ----------------------------------------------------------------------
     78704       3890        892        840      57008    4386009   Object Totals
         0          0         32          0          0          0   (incl. Generated)
        68          0          5         11          4          0   (incl. Padding)

    ----------------------------------------------------------------------

      Code (inc. data)   RO Data    RW Data    ZI Data      Debug   Library Member Name

        90          0          0          0          0          0   __dczerorl2.o
         8          0          0          0          0         68   __main.o
       392          4         17          0          0         92   __printf_flags_ss_wp.o
        14          0          0          0          0         68   __printf_wp.o
         0          0          0          0          0          0   __rtentry.o
        12          0          0          0          0          0   __rtentry2.o
         6          0          0          0          0          0   __rtentry4.o
        52          8          0          0          0          0   __scatter.o
        28          0          0          0          0          0   __scatter_zi.o
         6          0          0          0          0          0   _printf_a.o
         6          0          0          0          0          0   _printf_c.o
        44          0          0          0          0        108   _printf_char.o
        48          6          0          0          0         96   _printf_char_common.o
        40          0          0          0          0         68   _printf_charcount.o
         6          0          0          0          0          0   _printf_d.o
       120         16          0          0          0         92   _printf_dec.o
         6          0          0          0          0          0   _printf_e.o
         6          0          0          0          0          0   _printf_f.o
      1054          0          0          0          0        216   _printf_fp_dec.o
       764          8         38          0          0        100   _printf_fp_hex.o
       128         16          0          0          0         84   _printf_fp_infnan.o
         6          0          0          0          0          0   _printf_g.o
       148          4         40          0          0        160   _printf_hex_int_ll_ptr.o
         6          0          0          0          0          0   _printf_i.o
       178          0          0          0          0         88   _printf_intcommon.o
        10          0          0          0          0          0   _printf_l.o
         6          0          0          0          0          0   _printf_lc.o
        10          0          0          0          0          0   _printf_ll.o
         6          0          0          0          0          0   _printf_lld.o
         6          0          0          0          0          0   _printf_lli.o
         6          0          0          0          0          0   _printf_llo.o
         6          0          0          0          0          0   _printf_llu.o
         6          0          0          0          0          0   _printf_llx.o
       124         16          0          0          0         92   _printf_longlong_dec.o
         6          0          0          0          0          0   _printf_ls.o
         6          0          0          0          0          0   _printf_n.o
         6          0          0          0          0          0   _printf_o.o
       112         10          0          0          0        124   _printf_oct_int_ll.o
         6          0          0          0          0          0   _printf_p.o
        78          0          0          0          0        108   _printf_pad.o
         0          0          0          0          0          0   _printf_percent.o
         4          0          0          0          0          0   _printf_percent_end.o
         6          0          0          0          0          0   _printf_s.o
        82          0          0          0          0         80   _printf_str.o
        36          0          0          0          0         84   _printf_truncate.o
         6          0          0          0          0          0   _printf_u.o
        44          0          0          0          0        108   _printf_wchar.o
       188          6          8          0          0         92   _printf_wctomb.o
         6          0          0          0          0          0   _printf_x.o
        22          0          0          0          0        100   _rserrno.o
        10          0          0          0          0         68   _sputc.o
        64          0          0          0          0         92   _wcrtomb.o
        16          0          0          0          0         68   aeabi_memset.o
       228          4        148          0          0         96   bigflt0.o
      1936        128          0          0          0        672   btod.o
        18          0          0          0          0         80   exit.o
         6          0          0          0          0        152   heapauxi.o
         0          0          0          0          0          0   indicate_semi.o
        44         10        272          0          0         76   lc_ctype_c.o
        44         10         28          0          0         76   lc_numeric_c.o
         2          0          0          0          0          0   libinit.o
        34          0          0          0          0          0   libinit2.o
         2          0          0          0          0          0   libshutdown.o
         2          0          0          0          0          0   libshutdown2.o
         8          4          0          0         96         68   libspace.o
       138          0          0          0          0         80   lludiv10.o
       238          0          0          0          0        100   lludivv7m.o
        16          4          0          0          0         76   rt_ctype_table.o
         8          4          0          0          0         68   rt_errno_addr_intlibspace.o
         8          4          0          0          0         68   rt_locale_intlibspace.o
        68          0          0          0          0         68   rt_memclr.o
        78          0          0          0          0         80   rt_memclr_w.o
       138          0          0          0          0         68   rt_memcpy_v6.o
       100          0          0          0          0         80   rt_memcpy_w.o
         2          0          0          0          0          0   rtexit.o
        10          0          0          0          0          0   rtexit2.o
       128          0          0          0          0         68   strcmpv7m.o
        62          0          0          0          0         76   strlen.o
        12          4          0          0          0         68   sys_exit.o
        74          0          0          0          0         80   sys_stackheap_outer.o
         2          0          0          0          0         68   use_no_semi.o
        36          4          0          0          0         76   vsprintf.o
        24          0          0          0          0        164   basic.o
        98          4          0          0          0        140   d2f.o
       826         16          0          0          0        492   daddsub_clz.o
        24          0          0          0          0        116   dcmpi.o
       688        140          0          0          0        256   ddiv.o
        94          4          0          0          0        140   dfix.o
        84          0          0          0          0        232   dflt_clz.o
       120          4          0          0          0        140   dleqf.o
       340         12          0          0          0        152   dmul.o
       156          4          0          0          0        140   dnaninf.o
        12          0          0          0          0        116   dretinf.o
       108          0          0          0          0        128   drleqf.o
       408         56          0          0          0        168   dsqrt_umaal.o
        86          4          0          0          0        132   f2d.o
        96          0          0          0          0        132   ffltll_clz.o
       140          4          0          0          0        132   fnaninf.o
        10          0          0          0          0        116   fpinit.o
        10          0          0          0          0        116   fretinf.o
         4          0          0          0          0        116   printf1.o
         4          0          0          0          0        116   printf2.o
         0          0          0          0          0          0   usenofp.o
       300         42          0          0          0        176   asinf.o
       728        106        152          0          0        228   atan.o
       592         90          0          0          0        184   atan2f.o
       200         20          0          0          0        164   cos.o
       368         46         48          0          0        200   cos_i.o
       336         56          0          0          0        136   cosf.o
        84         16          0          0          0        372   dunder.o
        44          0          0          0          0        248   fabs.o
        48          0          0          0          0        124   fpclassify.o
        38          0          0          0          0        116   fpclassifyf.o
        44         12          0          0          0        464   funder.o
       248          0          0          0          0        152   poly.o
      1080        142        200          0          0        188   rred.o
       340         24         32          0          0        160   rredf.o
       200         20          0          0          0        164   sin.o
       304         24         40          0          0        208   sin_i.o
       400         56          0          0          0        212   sinf.o
       122          0          0          0          0        148   sqrt.o
        62          0          0          0          0        136   sqrtf.o

    ----------------------------------------------------------------------
     16408       1176       1032          0         96      11624   Library Totals
        50          4          9          0          0          0   (incl. Padding)

    ----------------------------------------------------------------------

      Code (inc. data)   RO Data    RW Data    ZI Data      Debug   Library Name

      7488        270        551          0         96       4600   c_w.l
      3332        248          0          0          0       3244   fz_wm.l
      5538        654        472          0          0       3780   m_wm.l

    ----------------------------------------------------------------------
     16408       1176       1032          0         96      11624   Library Totals

    ----------------------------------------------------------------------

==============================================================================


      Code (inc. data)   RO Data    RW Data    ZI Data      Debug   

     95112       5066       1924        840      57104    4342185   Grand Totals
     95112       5066       1924        300      57104    4342185   ELF Image Totals (compressed)
     95112       5066       1924        300          0          0   ROM Totals

==============================================================================

    Total RO  Size (Code + RO Data)                97036 (  94.76kB)
    Total RW  Size (RW Data + ZI Data)             57944 (  56.59kB)
    Total ROM Size (Code + RO Data + RW Data)      97336 (  95.05kB)

==============================================================================

