Component: ARM Compiler 5.06 update 5 (build 528) Tool: armlink [4d35e2]

==============================================================================

Section Cross References

    startup_stm32f407xx.o(STACK) refers (Special) to heapauxi.o(.text) for __use_two_region_memory
    startup_stm32f407xx.o(HEAP) refers (Special) to heapauxi.o(.text) for __use_two_region_memory
    startup_stm32f407xx.o(RESET) refers (Special) to heapauxi.o(.text) for __use_two_region_memory
    startup_stm32f407xx.o(RESET) refers to startup_stm32f407xx.o(STACK) for __initial_sp
    startup_stm32f407xx.o(RESET) refers to startup_stm32f407xx.o(.text) for Reset_Handler
    startup_stm32f407xx.o(RESET) refers to stm32f4xx_it.o(i.NMI_Handler) for NMI_Handler
    startup_stm32f407xx.o(RESET) refers to stm32f4xx_it.o(i.HardFault_Handler) for HardFault_Handler
    startup_stm32f407xx.o(RESET) refers to stm32f4xx_it.o(i.MemManage_Handler) for MemManage_Handler
    startup_stm32f407xx.o(RESET) refers to stm32f4xx_it.o(i.BusFault_Handler) for BusFault_Handler
    startup_stm32f407xx.o(RESET) refers to stm32f4xx_it.o(i.UsageFault_Handler) for UsageFault_Handler
    startup_stm32f407xx.o(RESET) refers to port.o(.emb_text) for SVC_Handler
    startup_stm32f407xx.o(RESET) refers to stm32f4xx_it.o(i.DebugMon_Handler) for DebugMon_Handler
    startup_stm32f407xx.o(RESET) refers to stm32f4xx_it.o(i.SysTick_Handler) for SysTick_Handler
    startup_stm32f407xx.o(RESET) refers to stm32f4xx_it.o(i.EXTI0_IRQHandler) for EXTI0_IRQHandler
    startup_stm32f407xx.o(RESET) refers to stm32f4xx_it.o(i.EXTI3_IRQHandler) for EXTI3_IRQHandler
    startup_stm32f407xx.o(RESET) refers to stm32f4xx_it.o(i.EXTI4_IRQHandler) for EXTI4_IRQHandler
    startup_stm32f407xx.o(RESET) refers to stm32f4xx_it.o(i.DMA1_Stream1_IRQHandler) for DMA1_Stream1_IRQHandler
    startup_stm32f407xx.o(RESET) refers to stm32f4xx_it.o(i.CAN1_RX0_IRQHandler) for CAN1_RX0_IRQHandler
    startup_stm32f407xx.o(RESET) refers to stm32f4xx_it.o(i.EXTI9_5_IRQHandler) for EXTI9_5_IRQHandler
    startup_stm32f407xx.o(RESET) refers to stm32f4xx_it.o(i.USART1_IRQHandler) for USART1_IRQHandler
    startup_stm32f407xx.o(RESET) refers to remote_control.o(i.USART3_IRQHandler) for USART3_IRQHandler
    startup_stm32f407xx.o(RESET) refers to stm32f4xx_it.o(i.EXTI15_10_IRQHandler) for EXTI15_10_IRQHandler
    startup_stm32f407xx.o(RESET) refers to ins_task.o(i.DMA2_Stream2_IRQHandler) for DMA2_Stream2_IRQHandler
    startup_stm32f407xx.o(RESET) refers to stm32f4xx_it.o(i.CAN2_RX0_IRQHandler) for CAN2_RX0_IRQHandler
    startup_stm32f407xx.o(RESET) refers to stm32f4xx_it.o(i.OTG_FS_IRQHandler) for OTG_FS_IRQHandler
    startup_stm32f407xx.o(RESET) refers to stm32f4xx_it.o(i.DMA2_Stream7_IRQHandler) for DMA2_Stream7_IRQHandler
    startup_stm32f407xx.o(.text) refers (Special) to heapauxi.o(.text) for __use_two_region_memory
    startup_stm32f407xx.o(.text) refers to system_stm32f4xx.o(i.SystemInit) for SystemInit
    startup_stm32f407xx.o(.text) refers to __main.o(!!!main) for __main
    startup_stm32f407xx.o(.text) refers to startup_stm32f407xx.o(HEAP) for Heap_Mem
    startup_stm32f407xx.o(.text) refers to startup_stm32f407xx.o(STACK) for Stack_Mem
    main.o(i.SystemClock_Config) refers to rt_memclr_w.o(.text) for __aeabi_memclr4
    main.o(i.SystemClock_Config) refers to stm32f4xx_hal_rcc.o(i.HAL_RCC_OscConfig) for HAL_RCC_OscConfig
    main.o(i.SystemClock_Config) refers to main.o(i.Error_Handler) for Error_Handler
    main.o(i.SystemClock_Config) refers to stm32f4xx_hal_rcc.o(i.HAL_RCC_ClockConfig) for HAL_RCC_ClockConfig
    main.o(i.main) refers to stm32f4xx_hal.o(i.HAL_Init) for HAL_Init
    main.o(i.main) refers to main.o(i.SystemClock_Config) for SystemClock_Config
    main.o(i.main) refers to gpio.o(i.MX_GPIO_Init) for MX_GPIO_Init
    main.o(i.main) refers to dma.o(i.MX_DMA_Init) for MX_DMA_Init
    main.o(i.main) refers to spi.o(i.MX_SPI1_Init) for MX_SPI1_Init
    main.o(i.main) refers to tim.o(i.MX_TIM5_Init) for MX_TIM5_Init
    main.o(i.main) refers to i2c.o(i.MX_I2C3_Init) for MX_I2C3_Init
    main.o(i.main) refers to tim.o(i.MX_TIM10_Init) for MX_TIM10_Init
    main.o(i.main) refers to can.o(i.MX_CAN1_Init) for MX_CAN1_Init
    main.o(i.main) refers to can.o(i.MX_CAN2_Init) for MX_CAN2_Init
    main.o(i.main) refers to usart.o(i.MX_USART1_UART_Init) for MX_USART1_UART_Init
    main.o(i.main) refers to usart.o(i.MX_USART3_UART_Init) for MX_USART3_UART_Init
    main.o(i.main) refers to tim.o(i.MX_TIM4_Init) for MX_TIM4_Init
    main.o(i.main) refers to bsp_delay.o(i.delay_init) for delay_init
    main.o(i.main) refers to bsp_can.o(i.can_filter_init) for can_filter_init
    main.o(i.main) refers to usb_device.o(i.MX_USB_DEVICE_Init) for MX_USB_DEVICE_Init
    main.o(i.main) refers to remote_control.o(i.remote_control_init) for remote_control_init
    main.o(i.main) refers to bsp_buzzer.o(i.buzzer_off) for buzzer_off
    main.o(i.main) refers to stm32f4xx_hal.o(i.HAL_Delay) for HAL_Delay
[...]
    0x080002d2   0x080002d2   0x00000000   Code   RO        10538    .ARM.Collect$$libinit$$0000000C  c_w.l(libinit2.o)
    0x080002d2   0x080002d2   0x00000000   Code   RO        10540    .ARM.Collect$$libinit$$0000000E  c_w.l(libinit2.o)
    0x080002d2   0x080002d2   0x00000006   Code   RO        10541    .ARM.Collect$$libinit$$0000000F  c_w.l(libinit2.o)
    0x080002d8   0x080002d8   0x00000000   Code   RO        10543    .ARM.Collect$$libinit$$00000011  c_w.l(libinit2.o)
    0x080002d8   0x080002d8   0x0000000c   Code   RO        10544    .ARM.Collect$$libinit$$00000012  c_w.l(libinit2.o)
    0x080002e4   0x080002e4   0x00000000   Code   RO        10545    .ARM.Collect$$libinit$$00000013  c_w.l(libinit2.o)
    0x080002e4   0x080002e4   0x00000000   Code   RO        10547    .ARM.Collect$$libinit$$00000015  c_w.l(libinit2.o)
    0x080002e4   0x080002e4   0x0000000a   Code   RO        10548    .ARM.Collect$$libinit$$00000016  c_w.l(libinit2.o)
    0x080002ee   0x080002ee   0x00000000   Code   RO        10549    .ARM.Collect$$libinit$$00000017  c_w.l(libinit2.o)
    0x080002ee   0x080002ee   0x00000000   Code   RO        10551    .ARM.Collect$$libinit$$00000019  c_w.l(libinit2.o)
    0x080002ee   0x080002ee   0x00000000   Code   RO        10553    .ARM.Collect$$libinit$$0000001B  c_w.l(libinit2.o)
    0x080002ee   0x080002ee   0x00000000   Code   RO        10555    .ARM.Collect$$libinit$$0000001D  c_w.l(libinit2.o)
    0x080002ee   0x080002ee   0x00000000   Code   RO        10557    .ARM.Collect$$libinit$$0000001F  c_w.l(libinit2.o)
    0x080002ee   0x080002ee   0x00000000   Code   RO        10559    .ARM.Collect$$libinit$$00000021  c_w.l(libinit2.o)
    0x080002ee   0x080002ee   0x00000000   Code   RO        10561    .ARM.Collect$$libinit$$00000023  c_w.l(libinit2.o)
    0x080002ee   0x080002ee   0x00000000   Code   RO        10563    .ARM.Collect$$libinit$$00000025  c_w.l(libinit2.o)
    0x080002ee   0x080002ee   0x00000000   Code   RO        10567    .ARM.Collect$$libinit$$0000002C  c_w.l(libinit2.o)
    0x080002ee   0x080002ee   0x00000000   Code   RO        10569    .ARM.Collect$$libinit$$0000002E  c_w.l(libinit2.o)
    0x080002ee   0x080002ee   0x00000000   Code   RO        10571    .ARM.Collect$$libinit$$00000030  c_w.l(libinit2.o)
    0x080002ee   0x080002ee   0x00000000   Code   RO        10573    .ARM.Collect$$libinit$$00000032  c_w.l(libinit2.o)
    0x080002ee   0x080002ee   0x00000002   Code   RO        10574    .ARM.Collect$$libinit$$00000033  c_w.l(libinit2.o)
    0x080002f0   0x080002f0   0x00000002   Code   RO        10605    .ARM.Collect$$libshutdown$$00000000  c_w.l(libshutdown.o)
    0x080002f2   0x080002f2   0x00000000   Code   RO        10631    .ARM.Collect$$libshutdown$$00000002  c_w.l(libshutdown2.o)
    0x080002f2   0x080002f2   0x00000000   Code   RO        10633    .ARM.Collect$$libshutdown$$00000004  c_w.l(libshutdown2.o)
    0x080002f2   0x080002f2   0x00000000   Code   RO        10636    .ARM.Collect$$libshutdown$$00000007  c_w.l(libshutdown2.o)
    0x080002f2   0x080002f2   0x00000000   Code   RO        10639    .ARM.Collect$$libshutdown$$0000000A  c_w.l(libshutdown2.o)
    0x080002f2   0x080002f2   0x00000000   Code   RO        10641    .ARM.Collect$$libshutdown$$0000000C  c_w.l(libshutdown2.o)
    0x080002f2   0x080002f2   0x00000000   Code   RO        10644    .ARM.Collect$$libshutdown$$0000000F  c_w.l(libshutdown2.o)
    0x080002f2   0x080002f2   0x00000002   Code   RO        10645    .ARM.Collect$$libshutdown$$00000010  c_w.l(libshutdown2.o)
    0x080002f4   0x080002f4   0x00000000   Code   RO        10236    .ARM.Collect$$rtentry$$00000000  c_w.l(__rtentry.o)
    0x080002f4   0x080002f4   0x00000000   Code   RO        10418    .ARM.Collect$$rtentry$$00000002  c_w.l(__rtentry2.o)
    0x080002f4   0x080002f4   0x00000006   Code   RO        10430    .ARM.Collect$$rtentry$$00000004  c_w.l(__rtentry4.o)
    0x080002fa   0x080002fa   0x00000000   Code   RO        10420    .ARM.Collect$$rtentry$$00000009  c_w.l(__rtentry2.o)
    0x080002fa   0x080002fa   0x00000004   Code   RO        10421    .ARM.Collect$$rtentry$$0000000A  c_w.l(__rtentry2.o)
    0x080002fe   0x080002fe   0x00000000   Code   RO        10423    .ARM.Collect$$rtentry$$0000000C  c_w.l(__rtentry2.o)
    0x080002fe   0x080002fe   0x00000008   Code   RO        10424    .ARM.Collect$$rtentry$$0000000D  c_w.l(__rtentry2.o)
    0x08000306   0x08000306   0x00000002   Code   RO        10517    .ARM.Collect$$rtexit$$00000000  c_w.l(rtexit.o)
    0x08000308   0x08000308   0x00000000   Code   RO        10578    .ARM.Collect$$rtexit$$00000002  c_w.l(rtexit2.o)
    0x08000308   0x08000308   0x00000004   Code   RO        10579    .ARM.Collect$$rtexit$$00000003  c_w.l(rtexit2.o)
    0x0800030c   0x0800030c   0x00000006   Code   RO        10580    .ARM.Collect$$rtexit$$00000004  c_w.l(rtexit2.o)
    0x08000312   0x08000312   0x00000002   PAD
    0x08000314   0x08000314   0x000000be   Code   RO         9403    .emb_text           port.o
    0x080003d2   0x080003d2   0x00000002   PAD
    0x080003d4   0x080003d4   0x00000040   Code   RO            4    .text               startup_stm32f407xx.o
    0x08000414   0x08000414   0x000000ee   Code   RO        10106    .text               c_w.l(lludivv7m.o)
    0x08000502   0x08000502   0x00000002   PAD
    0x08000504   0x08000504   0x00000024   Code   RO        10108    .text               c_w.l(vsprintf.o)
    0x08000528   0x08000528   0x0000003e   Code   RO        10110    .text               c_w.l(strlen.o)
    0x08000566   0x08000566   0x0000008a   Code   RO        10112    .text               c_w.l(rt_memcpy_v6.o)
    0x080005f0   0x080005f0   0x00000064   Code   RO        10114    .text               c_w.l(rt_memcpy_w.o)
    0x08000654   0x08000654   0x00000010   Code   RO        10118    .text               c_w.l(aeabi_memset.o)
    0x08000664   0x08000664   0x0000004e   Code   RO        10120    .text               c_w.l(rt_memclr_w.o)
    0x080006b2   0x080006b2   0x00000006   Code   RO        10122    .text               c_w.l(heapauxi.o)
    0x080006b8   0x080006b8   0x00000016   Code   RO        10241    .text               c_w.l(_rserrno.o)
    0x080006ce   0x080006ce   0x0000004e   Code   RO        10245    .text               c_w.l(_printf_pad.o)
    0x0800071c   0x0800071c   0x00000024   Code   RO        10247    .text               c_w.l(_printf_truncate.o)
    0x08000740   0x08000740   0x00000052   Code   RO        10249    .text               c_w.l(_printf_str.o)
    0x08000792   0x08000792   0x00000002   PAD
    0x08000794   0x08000794   0x00000078   Code   RO        10251    .text               c_w.l(_printf_dec.o)
    0x0800080c   0x0800080c   0x00000028   Code   RO        10253    .text               c_w.l(_printf_charcount.o)
    0x08000834   0x08000834   0x00000030   Code   RO        10255    .text               c_w.l(_printf_char_common.o)
    0x08000864   0x08000864   0x0000000a   Code   RO        10257    .text               c_w.l(_sputc.o)
    0x0800086e   0x0800086e   0x00000002   PAD
    0x08000870   0x08000870   0x000000bc   Code   RO        10259    .text               c_w.l(_printf_wctomb.o)
    0x0800092c   0x0800092c   0x0000007c   Code   RO        10262    .text               c_w.l(_printf_longlong_dec.o)
    0x080009a8   0x080009a8   0x00000070   Code   RO        10268    .text               c_w.l(_printf_oct_int_ll.o)
    0x08000a18   0x08000a18   0x00000094   Code   RO        10288    .text               c_w.l(_printf_hex_int_ll_ptr.o)
    0x08000aac   0x08000aac   0x00000188   Code   RO        10308    .text               c_w.l(__printf_flags_ss_wp.o)
    0x08000c34   0x08000c34   0x00000044   Code   RO        10334    .text               c_w.l(rt_memclr.o)
    0x08000c78   0x08000c78   0x00000008   Code   RO        10437    .text               c_w.l(rt_errno_addr_intlibspace.o)
    0x08000c80   0x08000c80   0x0000008a   Code   RO        10439    .text               c_w.l(lludiv10.o)
    0x08000d0a   0x08000d0a   0x000000b2   Code   RO        10441    .text               c_w.l(_printf_intcommon.o)
    0x08000dbc   0x08000dbc   0x0000041e   Code   RO        10443    .text               c_w.l(_printf_fp_dec.o)
    0x080011da   0x080011da   0x00000002   PAD
    0x080011dc   0x080011dc   0x000002fc   Code   RO        10445    .text               c_w.l(_printf_fp_hex.o)
    0x080014d8   0x080014d8   0x0000002c   Code   RO        10450    .text               c_w.l(_printf_char.o)
    0x08001504   0x08001504   0x0000002c   Code   RO        10452    .text               c_w.l(_printf_wchar.o)
    0x08001530   0x08001530   0x00000040   Code   RO        10455    .text               c_w.l(_wcrtomb.o)
    0x08001570   0x08001570   0x00000008   Code   RO        10461    .text               c_w.l(libspace.o)
    0x08001578   0x08001578   0x0000004a   Code   RO        10464    .text               c_w.l(sys_stackheap_outer.o)
    0x080015c2   0x080015c2   0x00000002   PAD
    0x080015c4   0x080015c4   0x00000010   Code   RO        10466    .text               c_w.l(rt_ctype_table.o)
    0x080015d4   0x080015d4   0x00000008   Code   RO        10471    .text               c_w.l(rt_locale_intlibspace.o)
    0x080015dc   0x080015dc   0x00000080   Code   RO        10473    .text               c_w.l(_printf_fp_infnan.o)
    0x0800165c   0x0800165c   0x000000e4   Code   RO        10475    .text               c_w.l(bigflt0.o)
    0x08001740   0x08001740   0x00000012   Code   RO        10503    .text               c_w.l(exit.o)
    0x08001752   0x08001752   0x00000002   PAD
    0x08001754   0x08001754   0x00000080   Code   RO        10528    .text               c_w.l(strcmpv7m.o)
    0x080017d4   0x080017d4   0x0000000c   Code   RO        10575    .text               c_w.l(sys_exit.o)
    0x080017e0   0x080017e0   0x00000002   Code   RO        10594    .text               c_w.l(use_no_semi.o)
    0x080017e2   0x080017e2   0x00000000   Code   RO        10596    .text               c_w.l(indicate_semi.o)
    0x080017e2   0x080017e2   0x0000003e   Code   RO        10478    CL$$btod_d2e        c_w.l(btod.o)
    0x08001820   0x08001820   0x00000046   Code   RO        10480    CL$$btod_d2e_denorm_low  c_w.l(btod.o)
    0x08001866   0x08001866   0x00000060   Code   RO        10479    CL$$btod_d2e_norm_op1  c_w.l(btod.o)
    0x080018c6   0x080018c6   0x00000338   Code   RO        10488    CL$$btod_div_common  c_w.l(btod.o)
    0x08001bfe   0x08001bfe   0x000000dc   Code   RO        10485    CL$$btod_e2e        c_w.l(btod.o)
    0x08001cda   0x08001cda   0x0000002a   Code   RO        10482    CL$$btod_ediv       c_w.l(btod.o)
    0x08001d04   0x08001d04   0x0000002a   Code   RO        10481    CL$$btod_emul       c_w.l(btod.o)
    0x08001d2e   0x08001d2e   0x00000244   Code   RO        10487    CL$$btod_mult_common  c_w.l(btod.o)
    0x08001f72   0x08001f72   0x00000002   PAD
    0x08001f74   0x08001f74   0x00000114   Code   RO         2612    i.ACTION_bat_MOVE   bat_control.o
    0x08002088   0x08002088   0x000000bc   Code   RO         2614    i.ACTION_receive_a_ball  bat_control.o
    0x08002144   0x08002144   0x000000b8   Code   RO         2616    i.ACTION_up_receive_a_ball  bat_control.o
    0x080021fc   0x080021fc   0x00000028   Code   RO         1761    i.AHRS_init         ins_task.o
    0x08002224   0x08002224   0x0000006a   Code   RO         1762    i.AHRS_update       ins_task.o
    0x0800228e   0x0800228e   0x00000002   PAD
    0x08002290   0x08002290   0x0000018c   Code   RO         1763    i.AHRSgetAngle      ins_task.o
    0x0800241c   0x0800241c   0x00000014   Code   RO         3547    i.BMI088_ACCEL_NS_H  bmi088middleware.o
    0x08002430   0x08002430   0x00000014   Code   RO         3548    i.BMI088_ACCEL_NS_L  bmi088middleware.o
    0x08002444   0x08002444   0x00000002   Code   RO         3549    i.BMI088_GPIO_init  bmi088middleware.o
    0x08002446   0x08002446   0x00000002   PAD
    0x08002448   0x08002448   0x00000014   Code   RO         3550    i.BMI088_GYRO_NS_H  bmi088middleware.o
    0x0800245c   0x0800245c   0x00000014   Code   RO         3551    i.BMI088_GYRO_NS_L  bmi088middleware.o
    0x08002470   0x08002470   0x00000090   Code   RO         3411    i.BMI088_accel_read_over  bmi088driver.o
    0x08002500   0x08002500   0x00000002   Code   RO         3552    i.BMI088_com_init   bmi088middleware.o
    0x08002502   0x08002502   0x0000000c   Code   RO         3553    i.BMI088_delay_ms   bmi088middleware.o
    0x0800250e   0x0800250e   0x0000000c   Code   RO         3554    i.BMI088_delay_us   bmi088middleware.o
    0x0800251a   0x0800251a   0x00000002   PAD
    0x0800251c   0x0800251c   0x00000068   Code   RO         3412    i.BMI088_gyro_read_over  bmi088driver.o
    0x08002584   0x08002584   0x00000034   Code   RO         3413    i.BMI088_init       bmi088driver.o
    0x080025b8   0x080025b8   0x0000017c   Code   RO         3414    i.BMI088_read       bmi088driver.o
    0x08002734   0x08002734   0x00000026   Code   RO         3417    i.BMI088_read_muli_reg  bmi088driver.o
    0x0800275a   0x0800275a   0x00000018   Code   RO         3418    i.BMI088_read_single_reg  bmi088driver.o
    0x08002772   0x08002772   0x00000002   PAD
    0x08002774   0x08002774   0x00000020   Code   RO         3555    i.BMI088_read_write_byte  bmi088middleware.o
    0x08002794   0x08002794   0x00000034   Code   RO         3419    i.BMI088_temperature_read_over  bmi088driver.o
    0x080027c8   0x080027c8   0x00000014   Code   RO         3420    i.BMI088_write_single_reg  bmi088driver.o
    0x080027dc   0x080027dc   0x00000004   Code   RO         1212    i.BusFault_Handler  stm32f4xx_it.o
    0x080027e0   0x080027e0   0x00000010   Code   RO         1213    i.CAN1_RX0_IRQHandler  stm32f4xx_it.o
    0x080027f0   0x080027f0   0x00000010   Code   RO         1214    i.CAN2_RX0_IRQHandler  stm32f4xx_it.o
    0x08002800   0x08002800   0x00000050   Code   RO         2110    i.CAN_cmd_3508      can_recv.o
    0x08002850   0x08002850   0x00000044   Code   RO         1022    i.CDC_Control_FS    usbd_cdc_if.o
    0x08002894   0x08002894   0x00000004   Code   RO         1023    i.CDC_DeInit_FS     usbd_cdc_if.o
    0x08002898   0x08002898   0x00000024   Code   RO         1024    i.CDC_Init_FS       usbd_cdc_if.o
    0x080028bc   0x080028bc   0x00000024   Code   RO         1025    i.CDC_Receive_FS    usbd_cdc_if.o
    0x080028e0   0x080028e0   0x0000000c   Code   RO         1026    i.CDC_TransmitCplt_FS  usbd_cdc_if.o
    0x080028ec   0x080028ec   0x00000080   Code   RO         2112    i.DM8006_motor_PID_Control  can_recv.o
    0x0800296c   0x0800296c   0x00000010   Code   RO         1215    i.DMA1_Stream1_IRQHandler  stm32f4xx_it.o
    0x0800297c   0x0800297c   0x00000898   Code   RO         1764    i.DMA2_Stream2_IRQHandler  ins_task.o
    0x08003214   0x08003214   0x00000010   Code   RO         1216    i.DMA2_Stream7_IRQHandler  stm32f4xx_it.o
    0x08003224   0x08003224   0x00000034   Code   RO         4855    i.DMA_CalcBaseAndBitshift  stm32f4xx_hal_dma.o
    0x08003258   0x08003258   0x0000007e   Code   RO         4856    i.DMA_CheckFifoParam  stm32f4xx_hal_dma.o
    0x080032d6   0x080032d6   0x00000038   Code   RO         4857    i.DMA_SetConfig     stm32f4xx_hal_dma.o
    0x0800330e   0x0800330e   0x00000002   PAD
    0x08003310   0x08003310   0x0000004c   Code   RO         2113    i.DM_motor_start    can_recv.o
    0x0800335c   0x0800335c   0x00000198   Code   RO         2967    i.DealPcData        pc_interface.o
    0x080034f4   0x080034f4   0x00000002   Code   RO         1217    i.DebugMon_Handler  stm32f4xx_it.o
    0x080034f6   0x080034f6   0x0000000a   Code   RO         1218    i.EXTI0_IRQHandler  stm32f4xx_it.o
    0x08003500   0x08003500   0x00000014   Code   RO         1219    i.EXTI15_10_IRQHandler  stm32f4xx_it.o
    0x08003514   0x08003514   0x0000000a   Code   RO         1220    i.EXTI3_IRQHandler  stm32f4xx_it.o
    0x0800351e   0x0800351e   0x0000000a   Code   RO         1221    i.EXTI4_IRQHandler  stm32f4xx_it.o
    0x08003528   0x08003528   0x0000000a   Code   RO         1222    i.EXTI9_5_IRQHandler  stm32f4xx_it.o
    0x08003532   0x08003532   0x00000002   Code   RO           13    i.Error_Handler     main.o
    0x08003534   0x08003534   0x00000c14   Code   RO         2617    i.Forward_Kinematics  bat_control.o
    0x08004148   0x08004148   0x00000034   Code   RO          932    i.Get_SerialNum     usbd_desc.o
    0x0800417c   0x0800417c   0x00000024   Code   RO         5542    i.HAL_CAN_ActivateNotification  stm32f4xx_hal_can.o
    0x080041a0   0x080041a0   0x000000f0   Code   RO         5543    i.HAL_CAN_AddTxMessage  stm32f4xx_hal_can.o
    0x08004290   0x08004290   0x00000128   Code   RO         5544    i.HAL_CAN_ConfigFilter  stm32f4xx_hal_can.o
    0x080043b8   0x080043b8   0x00000002   Code   RO         5547    i.HAL_CAN_ErrorCallback  stm32f4xx_hal_can.o
    0x080043ba   0x080043ba   0x00000174   Code   RO         5550    i.HAL_CAN_GetRxMessage  stm32f4xx_hal_can.o
    0x0800452e   0x0800452e   0x00000234   Code   RO         5554    i.HAL_CAN_IRQHandler  stm32f4xx_hal_can.o
    0x08004762   0x08004762   0x00000168   Code   RO         5555    i.HAL_CAN_Init      stm32f4xx_hal_can.o
    0x080048ca   0x080048ca   0x00000002   PAD
    0x080048cc   0x080048cc   0x00000160   Code   RO          413    i.HAL_CAN_MspInit   can.o
    0x08004a2c   0x08004a2c   0x00000002   Code   RO         5562    i.HAL_CAN_RxFifo0FullCallback  stm32f4xx_hal_can.o
    0x08004a2e   0x08004a2e   0x00000002   PAD
    0x08004a30   0x08004a30   0x000002c0   Code   RO         2114    i.HAL_CAN_RxFifo0MsgPendingCallback  can_recv.o
    0x08004cf0   0x08004cf0   0x00000002   Code   RO         5564    i.HAL_CAN_RxFifo1FullCallback  stm32f4xx_hal_can.o
    0x08004cf2   0x08004cf2   0x00000002   Code   RO         5565    i.HAL_CAN_RxFifo1MsgPendingCallback  stm32f4xx_hal_can.o
    0x08004cf4   0x08004cf4   0x00000002   Code   RO         5566    i.HAL_CAN_SleepCallback  stm32f4xx_hal_can.o
    0x08004cf6   0x08004cf6   0x00000064   Code   RO         5567    i.HAL_CAN_Start     stm32f4xx_hal_can.o
    0x08004d5a   0x08004d5a   0x00000002   Code   RO         5569    i.HAL_CAN_TxMailbox0AbortCallback  stm32f4xx_hal_can.o
    0x08004d5c   0x08004d5c   0x00000002   Code   RO         5570    i.HAL_CAN_TxMailbox0CompleteCallback  stm32f4xx_hal_can.o
    0x08004d5e   0x08004d5e   0x00000002   Code   RO         5571    i.HAL_CAN_TxMailbox1AbortCallback  stm32f4xx_hal_can.o
    0x08004d60   0x08004d60   0x00000002   Code   RO         5572    i.HAL_CAN_TxMailbox1CompleteCallback  stm32f4xx_hal_can.o
    0x08004d62   0x08004d62   0x00000002   Code   RO         5573    i.HAL_CAN_TxMailbox2AbortCallback  stm32f4xx_hal_can.o
    0x08004d64   0x08004d64   0x00000002   Code   RO         5574    i.HAL_CAN_TxMailbox2CompleteCallback  stm32f4xx_hal_can.o
    0x08004d66   0x08004d66   0x00000002   Code   RO         5576    i.HAL_CAN_WakeUpFromRxMsgCallback  stm32f4xx_hal_can.o
    0x08004d68   0x08004d68   0x000000a2   Code   RO         4858    i.HAL_DMA_Abort     stm32f4xx_hal_dma.o
    0x08004e0a   0x08004e0a   0x00000024   Code   RO         4859    i.HAL_DMA_Abort_IT  stm32f4xx_hal_dma.o
    0x08004e2e   0x08004e2e   0x00000002   PAD
    0x08004e30   0x08004e30   0x000001ec   Code   RO         4863    i.HAL_DMA_IRQHandler  stm32f4xx_hal_dma.o
    0x0800501c   0x0800501c   0x000000ec   Code   RO         4864    i.HAL_DMA_Init      stm32f4xx_hal_dma.o
    0x08005108   0x08005108   0x00000070   Code   RO         4868    i.HAL_DMA_Start_IT  stm32f4xx_hal_dma.o
    0x08005178   0x08005178   0x00000028   Code   RO         5290    i.HAL_Delay         stm32f4xx_hal.o
    0x080051a0   0x080051a0   0x0000011c   Code   RO         1765    i.HAL_GPIO_EXTI_Callback  ins_task.o
    0x080052bc   0x080052bc   0x00000018   Code   RO         4750    i.HAL_GPIO_EXTI_IRQHandler  stm32f4xx_hal_gpio.o
    0x080052d4   0x080052d4   0x0000022c   Code   RO         4751    i.HAL_GPIO_Init     stm32f4xx_hal_gpio.o
    0x08005500   0x08005500   0x0000000e   Code   RO         4755    i.HAL_GPIO_WritePin  stm32f4xx_hal_gpio.o
    0x0800550e   0x0800550e   0x00000002   PAD
    0x08005510   0x08005510   0x0000000c   Code   RO         5296    i.HAL_GetTick       stm32f4xx_hal.o
    0x0800551c   0x0800551c   0x000001ac   Code   RO         5786    i.HAL_I2C_Init      stm32f4xx_hal_i2c.o
    0x080056c8   0x080056c8   0x000002d4   Code   RO         5804    i.HAL_I2C_Mem_Read  stm32f4xx_hal_i2c.o
    0x0800599c   0x0800599c   0x00000174   Code   RO         5807    i.HAL_I2C_Mem_Write  stm32f4xx_hal_i2c.o
    0x08005b10   0x08005b10   0x000000c8   Code   RO          486    i.HAL_I2C_MspInit   i2c.o
    0x08005bd8   0x08005bd8   0x00000010   Code   RO         5302    i.HAL_IncTick       stm32f4xx_hal.o
    0x08005be8   0x08005be8   0x00000034   Code   RO         5303    i.HAL_Init          stm32f4xx_hal.o
    0x08005c1c   0x08005c1c   0x00000044   Code   RO         5304    i.HAL_InitTick      stm32f4xx_hal.o
    0x08005c60   0x08005c60   0x00000054   Code   RO         1342    i.HAL_MspInit       stm32f4xx_hal_msp.o
    0x08005cb4   0x08005cb4   0x0000001c   Code   RO         5143    i.HAL_NVIC_EnableIRQ  stm32f4xx_hal_cortex.o
    0x08005cd0   0x08005cd0   0x00000068   Code   RO         5149    i.HAL_NVIC_SetPriority  stm32f4xx_hal_cortex.o
    0x08005d38   0x08005d38   0x00000024   Code   RO         5150    i.HAL_NVIC_SetPriorityGrouping  stm32f4xx_hal_cortex.o
    0x08005d5c   0x08005d5c   0x00000002   Code   RO         3999    i.HAL_PCDEx_LPM_Callback  stm32f4xx_hal_pcd_ex.o
    0x08005d5e   0x08005d5e   0x00000008   Code   RO         4000    i.HAL_PCDEx_SetRxFiFo  stm32f4xx_hal_pcd_ex.o
    0x08005d66   0x08005d66   0x0000004a   Code   RO         4001    i.HAL_PCDEx_SetTxFiFo  stm32f4xx_hal_pcd_ex.o
    0x08005db0   0x08005db0   0x0000000e   Code   RO          725    i.HAL_PCD_ConnectCallback  usbd_conf.o
    0x08005dbe   0x08005dbe   0x00000020   Code   RO          726    i.HAL_PCD_DataInStageCallback  usbd_conf.o
    0x08005dde   0x08005dde   0x00000020   Code   RO          727    i.HAL_PCD_DataOutStageCallback  usbd_conf.o
    0x08005dfe   0x08005dfe   0x0000000e   Code   RO          728    i.HAL_PCD_DisconnectCallback  usbd_conf.o
    0x08005e0c   0x08005e0c   0x00000020   Code   RO         3764    i.HAL_PCD_EP_Abort  stm32f4xx_hal_pcd.o
    0x08005e2c   0x08005e2c   0x0000004a   Code   RO         3765    i.HAL_PCD_EP_Close  stm32f4xx_hal_pcd.o
    0x08005e76   0x08005e76   0x0000005c   Code   RO         3766    i.HAL_PCD_EP_ClrStall  stm32f4xx_hal_pcd.o
    0x08005ed2   0x08005ed2   0x00000012   Code   RO         3768    i.HAL_PCD_EP_GetRxCount  stm32f4xx_hal_pcd.o
    0x08005ee4   0x08005ee4   0x00000060   Code   RO         3769    i.HAL_PCD_EP_Open   stm32f4xx_hal_pcd.o
    0x08005f44   0x08005f44   0x00000034   Code   RO         3770    i.HAL_PCD_EP_Receive  stm32f4xx_hal_pcd.o
    0x08005f78   0x08005f78   0x00000074   Code   RO         3771    i.HAL_PCD_EP_SetStall  stm32f4xx_hal_pcd.o
    0x08005fec   0x08005fec   0x00000032   Code   RO         3772    i.HAL_PCD_EP_Transmit  stm32f4xx_hal_pcd.o
    0x0800601e   0x0800601e   0x00000562   Code   RO         3774    i.HAL_PCD_IRQHandler  stm32f4xx_hal_pcd.o
    0x08006580   0x08006580   0x00000012   Code   RO          729    i.HAL_PCD_ISOINIncompleteCallback  usbd_conf.o
    0x08006592   0x08006592   0x00000012   Code   RO          730    i.HAL_PCD_ISOOUTIncompleteCallback  usbd_conf.o
    0x080065a4   0x080065a4   0x000000e6   Code   RO         3777    i.HAL_PCD_Init      stm32f4xx_hal_pcd.o
    0x0800668a   0x0800668a   0x00000002   PAD
    0x0800668c   0x0800668c   0x000000a8   Code   RO          732    i.HAL_PCD_MspInit   usbd_conf.o
    0x08006734   0x08006734   0x00000030   Code   RO          733    i.HAL_PCD_ResetCallback  usbd_conf.o
    0x08006764   0x08006764   0x0000000e   Code   RO          734    i.HAL_PCD_ResumeCallback  usbd_conf.o
    0x08006772   0x08006772   0x0000000e   Code   RO          735    i.HAL_PCD_SOFCallback  usbd_conf.o
    0x08006780   0x08006780   0x00000026   Code   RO         3783    i.HAL_PCD_SetAddress  stm32f4xx_hal_pcd.o
    0x080067a6   0x080067a6   0x00000012   Code   RO          736    i.HAL_PCD_SetupStageCallback  usbd_conf.o
    0x080067b8   0x080067b8   0x00000044   Code   RO         3786    i.HAL_PCD_Start     stm32f4xx_hal_pcd.o
    0x080067fc   0x080067fc   0x00000034   Code   RO          737    i.HAL_PCD_SuspendCallback  usbd_conf.o
    0x08006830   0x08006830   0x0000017c   Code   RO         4352    i.HAL_RCC_ClockConfig  stm32f4xx_hal_rcc.o
    0x080069ac   0x080069ac   0x0000000c   Code   RO         4357    i.HAL_RCC_GetHCLKFreq  stm32f4xx_hal_rcc.o
    0x080069b8   0x080069b8   0x00000020   Code   RO         4359    i.HAL_RCC_GetPCLK1Freq  stm32f4xx_hal_rcc.o
    0x080069d8   0x080069d8   0x00000020   Code   RO         4360    i.HAL_RCC_GetPCLK2Freq  stm32f4xx_hal_rcc.o
    0x080069f8   0x080069f8   0x00000070   Code   RO         4361    i.HAL_RCC_GetSysClockFreq  stm32f4xx_hal_rcc.o
    0x08006a68   0x08006a68   0x00000482   Code   RO         4364    i.HAL_RCC_OscConfig  stm32f4xx_hal_rcc.o
    0x08006eea   0x08006eea   0x000000be   Code   RO         6281    i.HAL_SPI_Init      stm32f4xx_hal_spi.o
    0x08006fa8   0x08006fa8   0x00000158   Code   RO          528    i.HAL_SPI_MspInit   spi.o
    0x08007100   0x08007100   0x00000218   Code   RO         6290    i.HAL_SPI_TransmitReceive  stm32f4xx_hal_spi.o
    0x08007318   0x08007318   0x00000028   Code   RO         5154    i.HAL_SYSTICK_Config  stm32f4xx_hal_cortex.o
    0x08007340   0x08007340   0x0000009a   Code   RO         7328    i.HAL_TIMEx_MasterConfigSynchronization  stm32f4xx_hal_tim_ex.o
    0x080073da   0x080073da   0x0000005c   Code   RO         6594    i.HAL_TIM_Base_Init  stm32f4xx_hal_tim.o
    0x08007436   0x08007436   0x00000002   PAD
    0x08007438   0x08007438   0x00000090   Code   RO          570    i.HAL_TIM_Base_MspInit  tim.o
    0x080074c8   0x080074c8   0x00000080   Code   RO         6597    i.HAL_TIM_Base_Start  stm32f4xx_hal_tim.o
    0x08007548   0x08007548   0x000000ea   Code   RO         6603    i.HAL_TIM_ConfigClockSource  stm32f4xx_hal_tim.o
    0x08007632   0x08007632   0x00000002   PAD
    0x08007634   0x08007634   0x00000134   Code   RO          571    i.HAL_TIM_MspPostInit  tim.o
    0x08007768   0x08007768   0x000000d8   Code   RO         6666    i.HAL_TIM_PWM_ConfigChannel  stm32f4xx_hal_tim.o
    0x08007840   0x08007840   0x0000005c   Code   RO         6669    i.HAL_TIM_PWM_Init  stm32f4xx_hal_tim.o
    0x0800789c   0x0800789c   0x00000002   Code   RO         6671    i.HAL_TIM_PWM_MspInit  stm32f4xx_hal_tim.o
    0x0800789e   0x0800789e   0x00000002   PAD
    0x080078a0   0x080078a0   0x000000dc   Code   RO         6674    i.HAL_TIM_PWM_Start  stm32f4xx_hal_tim.o
    0x0800797c   0x0800797c   0x00000002   Code   RO         7588    i.HAL_UARTEx_RxEventCallback  stm32f4xx_hal_uart.o
    0x0800797e   0x0800797e   0x00000002   Code   RO         7602    i.HAL_UART_ErrorCallback  stm32f4xx_hal_uart.o
    0x08007980   0x08007980   0x00000268   Code   RO         7605    i.HAL_UART_IRQHandler  stm32f4xx_hal_uart.o
    0x08007be8   0x08007be8   0x00000066   Code   RO         7606    i.HAL_UART_Init     stm32f4xx_hal_uart.o
    0x08007c4e   0x08007c4e   0x00000002   PAD
    0x08007c50   0x08007c50   0x000001e8   Code   RO          630    i.HAL_UART_MspInit  usart.o
    0x08007e38   0x08007e38   0x00000002   Code   RO         7612    i.HAL_UART_RxCpltCallback  stm32f4xx_hal_uart.o
    0x08007e3a   0x08007e3a   0x00000002   PAD
    0x08007e3c   0x08007e3c   0x00000094   Code   RO         7615    i.HAL_UART_Transmit_DMA  stm32f4xx_hal_uart.o
    0x08007ed0   0x08007ed0   0x00000002   Code   RO         7617    i.HAL_UART_TxCpltCallback  stm32f4xx_hal_uart.o
    0x08007ed2   0x08007ed2   0x00000002   Code   RO         7618    i.HAL_UART_TxHalfCpltCallback  stm32f4xx_hal_uart.o
    0x08007ed4   0x08007ed4   0x00000004   Code   RO         1223    i.HardFault_Handler  stm32f4xx_it.o
    0x08007ed8   0x08007ed8   0x00000032   Code   RO         5830    i.I2C_IsAcknowledgeFailed  stm32f4xx_hal_i2c.o
    0x08007f0a   0x08007f0a   0x00000002   PAD
    0x08007f0c   0x08007f0c   0x00000154   Code   RO         5841    i.I2C_RequestMemoryRead  stm32f4xx_hal_i2c.o
    0x08008060   0x08008060   0x000000d0   Code   RO         5842    i.I2C_RequestMemoryWrite  stm32f4xx_hal_i2c.o
    0x08008130   0x08008130   0x00000066   Code   RO         5850    i.I2C_WaitOnBTFFlagUntilTimeout  stm32f4xx_hal_i2c.o
    0x08008196   0x08008196   0x000000ea   Code   RO         5851    i.I2C_WaitOnFlagUntilTimeout  stm32f4xx_hal_i2c.o
    0x08008280   0x08008280   0x000000ec   Code   RO         5852    i.I2C_WaitOnMasterAddressFlagUntilTimeout  stm32f4xx_hal_i2c.o
    0x0800836c   0x0800836c   0x00000086   Code   RO         5853    i.I2C_WaitOnRXNEFlagUntilTimeout  stm32f4xx_hal_i2c.o
    0x080083f2   0x080083f2   0x00000066   Code   RO         5856    i.I2C_WaitOnTXEFlagUntilTimeout  stm32f4xx_hal_i2c.o
    0x08008458   0x08008458   0x00000056   Code   RO         1766    i.IMU_receive_all_Value  ins_task.o
    0x080084ae   0x080084ae   0x00000002   PAD
    0x080084b0   0x080084b0   0x000002f8   Code   RO         1769    i.INS_task          ins_task.o
    0x080087a8   0x080087a8   0x0000003e   Code   RO          933    i.IntToUnicode      usbd_desc.o
    0x080087e6   0x080087e6   0x00000002   PAD
    0x080087e8   0x080087e8   0x00000080   Code   RO         2118    i.MD4340_motor_PID_Control  can_recv.o
    0x08008868   0x08008868   0x000001c8   Code   RO         2119    i.MD_CanReceive     can_recv.o
    0x08008a30   0x08008a30   0x00000044   Code   RO          414    i.MX_CAN1_Init      can.o
    0x08008a74   0x08008a74   0x00000044   Code   RO          415    i.MX_CAN2_Init      can.o
    0x08008ab8   0x08008ab8   0x00000088   Code   RO          461    i.MX_DMA_Init       dma.o
    0x08008b40   0x08008b40   0x000000ec   Code   RO          318    i.MX_FREERTOS_Init  freertos.o
    0x08008c2c   0x08008c2c   0x00000200   Code   RO          293    i.MX_GPIO_Init      gpio.o
    0x08008e2c   0x08008e2c   0x0000003c   Code   RO          487    i.MX_I2C3_Init      i2c.o
    0x08008e68   0x08008e68   0x00000048   Code   RO          529    i.MX_SPI1_Init      spi.o
    0x08008eb0   0x08008eb0   0x0000006c   Code   RO          572    i.MX_TIM10_Init     tim.o
    0x08008f1c   0x08008f1c   0x000000a8   Code   RO          573    i.MX_TIM4_Init      tim.o
    0x08008fc4   0x08008fc4   0x000000c4   Code   RO          574    i.MX_TIM5_Init      tim.o
    0x08009088   0x08009088   0x00000038   Code   RO          631    i.MX_USART1_UART_Init  usart.o
    0x080090c0   0x080090c0   0x00000038   Code   RO          632    i.MX_USART3_UART_Init  usart.o
    0x080090f8   0x080090f8   0x0000004c   Code   RO          677    i.MX_USB_DEVICE_Init  usb_device.o
    0x08009144   0x08009144   0x000005ac   Code   RO         3217    i.MahonyAHRSupdate  mahonyahrs.o
    0x080096f0   0x080096f0   0x000002fc   Code   RO         3218    i.MahonyAHRSupdateIMU  mahonyahrs.o
    0x080099ec   0x080099ec   0x00000004   Code   RO         1224    i.MemManage_Handler  stm32f4xx_it.o
    0x080099f0   0x080099f0   0x00000038   Code   RO         9655    i.Monitor_task      monitor_task.o
    0x08009a28   0x08009a28   0x00000002   Code   RO         1225    i.NMI_Handler       stm32f4xx_it.o
    0x08009a2a   0x08009a2a   0x00000002   PAD
    0x08009a2c   0x08009a2c   0x00000010   Code   RO         1226    i.OTG_FS_IRQHandler  stm32f4xx_it.o
    0x08009a3c   0x08009a3c   0x00000048   Code   RO         3790    i.PCD_EP_OutSetupPacket_int  stm32f4xx_hal_pcd.o
    0x08009a84   0x08009a84   0x000000e8   Code   RO         3791    i.PCD_EP_OutXfrComplete_int  stm32f4xx_hal_pcd.o
    0x08009b6c   0x08009b6c   0x000000a2   Code   RO         3792    i.PCD_WriteEmptyTxFifo  stm32f4xx_hal_pcd.o
    0x08009c0e   0x08009c0e   0x000000f6   Code   RO         3251    i.PID_AbsoluteMode  pid.o
    0x08009d04   0x08009d04   0x000001f0   Code   RO         3254    i.PID_calc          pid.o
    0x08009ef4   0x08009ef4   0x00000060   Code   RO         3256    i.PID_init          pid.o
    0x08009f54   0x08009f54   0x0000009c   Code   RO         1641    i.RC_init           bsp_rc.o
    0x08009ff0   0x08009ff0   0x00000014   Code   RO         2968    i.RobotDealUSBData  pc_interface.o
    0x0800a004   0x0800a004   0x0000273c   Code   RO         1579    i.SPI1_DMA_enable   bsp_spi.o
    0x0800c740   0x0800c740   0x00000180   Code   RO         1580    i.SPI1_DMA_init     bsp_spi.o
    0x0800c8c0   0x0800c8c0   0x00000084   Code   RO         6319    i.SPI_EndRxTxTransaction  stm32f4xx_hal_spi.o
    0x0800c944   0x0800c944   0x000000d8   Code   RO         6324    i.SPI_WaitFlagStateUntilTimeout  stm32f4xx_hal_spi.o
    0x0800ca1c   0x0800ca1c   0x00000014   Code   RO         1227    i.SysTick_Handler   stm32f4xx_it.o
    0x0800ca30   0x0800ca30   0x000000b4   Code   RO           14    i.SystemClock_Config  main.o
    0x0800cae4   0x0800cae4   0x00000064   Code   RO         1367    i.SystemInit        system_stm32f4xx.o
    0x0800cb48   0x0800cb48   0x000000e4   Code   RO         6687    i.TIM_Base_SetConfig  stm32f4xx_hal_tim.o
    0x0800cc2c   0x0800cc2c   0x0000001e   Code   RO         6688    i.TIM_CCxChannelCmd  stm32f4xx_hal_tim.o
    0x0800cc4a   0x0800cc4a   0x00000016   Code   RO         6698    i.TIM_ETR_SetConfig  stm32f4xx_hal_tim.o
    0x0800cc60   0x0800cc60   0x00000010   Code   RO         6699    i.TIM_ITRx_SetConfig  stm32f4xx_hal_tim.o
    0x0800cc70   0x0800cc70   0x00000070   Code   RO         6700    i.TIM_OC1_SetConfig  stm32f4xx_hal_tim.o
    0x0800cce0   0x0800cce0   0x00000078   Code   RO         6701    i.TIM_OC2_SetConfig  stm32f4xx_hal_tim.o
    0x0800cd58   0x0800cd58   0x00000078   Code   RO         6702    i.TIM_OC3_SetConfig  stm32f4xx_hal_tim.o
    0x0800cdd0   0x0800cdd0   0x00000058   Code   RO         6703    i.TIM_OC4_SetConfig  stm32f4xx_hal_tim.o
    0x0800ce28   0x0800ce28   0x00000026   Code   RO         6705    i.TIM_TI1_ConfigInputStage  stm32f4xx_hal_tim.o
    0x0800ce4e   0x0800ce4e   0x00000028   Code   RO         6707    i.TIM_TI2_ConfigInputStage  stm32f4xx_hal_tim.o
    0x0800ce76   0x0800ce76   0x00000010   Code   RO         7619    i.UART_DMAAbortOnError  stm32f4xx_hal_uart.o
    0x0800ce86   0x0800ce86   0x0000004a   Code   RO         7620    i.UART_DMAError     stm32f4xx_hal_uart.o
    0x0800ced0   0x0800ced0   0x00000044   Code   RO         7625    i.UART_DMATransmitCplt  stm32f4xx_hal_uart.o
    0x0800cf14   0x0800cf14   0x0000000a   Code   RO         7627    i.UART_DMATxHalfCplt  stm32f4xx_hal_uart.o
    0x0800cf1e   0x0800cf1e   0x0000004e   Code   RO         7629    i.UART_EndRxTransfer  stm32f4xx_hal_uart.o
    0x0800cf6c   0x0800cf6c   0x0000001a   Code   RO         7630    i.UART_EndTransmit_IT  stm32f4xx_hal_uart.o
    0x0800cf86   0x0800cf86   0x0000001c   Code   RO         7631    i.UART_EndTxTransfer  stm32f4xx_hal_uart.o
    0x0800cfa2   0x0800cfa2   0x000000ca   Code   RO         7632    i.UART_Receive_IT   stm32f4xx_hal_uart.o
    0x0800d06c   0x0800d06c   0x000000fc   Code   RO         7633    i.UART_SetConfig    stm32f4xx_hal_uart.o
    0x0800d168   0x0800d168   0x0000005e   Code   RO         7636    i.UART_Transmit_IT  stm32f4xx_hal_uart.o
    0x0800d1c6   0x0800d1c6   0x00000002   PAD
    0x0800d1c8   0x0800d1c8   0x00000010   Code   RO         1228    i.USART1_IRQHandler  stm32f4xx_it.o
    0x0800d1d8   0x0800d1d8   0x00000124   Code   RO         2432    i.USART3_IRQHandler  remote_control.o
    0x0800d2fc   0x0800d2fc   0x00000078   Code   RO        10001    i.USBD_CDC_DataIn   usbd_cdc.o
    0x0800d374   0x0800d374   0x0000003e   Code   RO        10002    i.USBD_CDC_DataOut  usbd_cdc.o
    0x0800d3b2   0x0800d3b2   0x00000002   PAD
    0x0800d3b4   0x0800d3b4   0x00000094   Code   RO        10003    i.USBD_CDC_DeInit   usbd_cdc.o
    0x0800d448   0x0800d448   0x00000038   Code   RO        10004    i.USBD_CDC_EP0_RxReady  usbd_cdc.o
    0x0800d480   0x0800d480   0x0000000c   Code   RO        10005    i.USBD_CDC_GetDeviceQualifierDescriptor  usbd_cdc.o
    0x0800d48c   0x0800d48c   0x0000003c   Code   RO        10006    i.USBD_CDC_GetFSCfgDesc  usbd_cdc.o
    0x0800d4c8   0x0800d4c8   0x00000040   Code   RO        10007    i.USBD_CDC_GetHSCfgDesc  usbd_cdc.o
    0x0800d508   0x0800d508   0x0000003c   Code   RO        10008    i.USBD_CDC_GetOtherSpeedCfgDesc  usbd_cdc.o
    0x0800d544   0x0800d544   0x00000160   Code   RO        10009    i.USBD_CDC_Init     usbd_cdc.o
    0x0800d6a4   0x0800d6a4   0x00000048   Code   RO        10010    i.USBD_CDC_ReceivePacket  usbd_cdc.o
    0x0800d6ec   0x0800d6ec   0x00000018   Code   RO        10011    i.USBD_CDC_RegisterInterface  usbd_cdc.o
    0x0800d704   0x0800d704   0x0000001c   Code   RO        10012    i.USBD_CDC_SetRxBuffer  usbd_cdc.o
    0x0800d720   0x0800d720   0x00000020   Code   RO        10013    i.USBD_CDC_SetTxBuffer  usbd_cdc.o
    0x0800d740   0x0800d740   0x00000110   Code   RO        10014    i.USBD_CDC_Setup    usbd_cdc.o
    0x0800d850   0x0800d850   0x00000014   Code   RO         9681    i.USBD_ClrClassConfig  usbd_core.o
    0x0800d864   0x0800d864   0x00000026   Code   RO         9843    i.USBD_ClrFeature   usbd_ctlreq.o
    0x0800d88a   0x0800d88a   0x00000004   Code   RO         9682    i.USBD_CoreFindEP   usbd_core.o
    0x0800d88e   0x0800d88e   0x00000004   Code   RO         9683    i.USBD_CoreFindIF   usbd_core.o
    0x0800d892   0x0800d892   0x00000010   Code   RO         9941    i.USBD_CtlContinueRx  usbd_ioreq.o
    0x0800d8a2   0x0800d8a2   0x00000010   Code   RO         9942    i.USBD_CtlContinueSendData  usbd_ioreq.o
    0x0800d8b2   0x0800d8b2   0x00000018   Code   RO         9844    i.USBD_CtlError     usbd_ctlreq.o
    0x0800d8ca   0x0800d8ca   0x0000001e   Code   RO         9943    i.USBD_CtlPrepareRx  usbd_ioreq.o
    0x0800d8e8   0x0800d8e8   0x00000016   Code   RO         9944    i.USBD_CtlReceiveStatus  usbd_ioreq.o
    0x0800d8fe   0x0800d8fe   0x0000001a   Code   RO         9945    i.USBD_CtlSendData  usbd_ioreq.o
    0x0800d918   0x0800d918   0x00000016   Code   RO         9946    i.USBD_CtlSendStatus  usbd_ioreq.o
    0x0800d92e   0x0800d92e   0x00000002   PAD
    0x0800d930   0x0800d930   0x00000034   Code   RO          934    i.USBD_FS_ConfigStrDescriptor  usbd_desc.o
    0x0800d964   0x0800d964   0x00000010   Code   RO          935    i.USBD_FS_DeviceDescriptor  usbd_desc.o
    0x0800d974   0x0800d974   0x00000038   Code   RO          936    i.USBD_FS_InterfaceStrDescriptor  usbd_desc.o
    0x0800d9ac   0x0800d9ac   0x00000010   Code   RO          937    i.USBD_FS_LangIDStrDescriptor  usbd_desc.o
    0x0800d9bc   0x0800d9bc   0x0000002c   Code   RO          938    i.USBD_FS_ManufacturerStrDescriptor  usbd_desc.o
    0x0800d9e8   0x0800d9e8   0x00000040   Code   RO          939    i.USBD_FS_ProductStrDescriptor  usbd_desc.o
    0x0800da28   0x0800da28   0x00000018   Code   RO          940    i.USBD_FS_SerialStrDescriptor  usbd_desc.o
    0x0800da40   0x0800da40   0x00000034   Code   RO         9845    i.USBD_GetConfig    usbd_ctlreq.o
    0x0800da74   0x0800da74   0x000001b4   Code   RO         9846    i.USBD_GetDescriptor  usbd_ctlreq.o
    0x0800dc28   0x0800dc28   0x0000003c   Code   RO         9685    i.USBD_GetEpDesc    usbd_core.o
    0x0800dc64   0x0800dc64   0x00000018   Code   RO         9847    i.USBD_GetLen       usbd_ctlreq.o
    0x0800dc7c   0x0800dc7c   0x0000000e   Code   RO         9686    i.USBD_GetNextDesc  usbd_core.o
    0x0800dc8a   0x0800dc8a   0x00000036   Code   RO         9848    i.USBD_GetStatus    usbd_ctlreq.o
    0x0800dcc0   0x0800dcc0   0x00000058   Code   RO         9849    i.USBD_GetString    usbd_ctlreq.o
    0x0800dd18   0x0800dd18   0x0000002c   Code   RO          738    i.USBD_Get_USB_Status  usbd_conf.o
    0x0800dd44   0x0800dd44   0x00000028   Code   RO         9687    i.USBD_Init         usbd_core.o
    0x0800dd6c   0x0800dd6c   0x00000026   Code   RO          739    i.USBD_LL_ClearStallEP  usbd_conf.o
    0x0800dd92   0x0800dd92   0x00000026   Code   RO          740    i.USBD_LL_CloseEP   usbd_conf.o
    0x0800ddb8   0x0800ddb8   0x000000dc   Code   RO         9688    i.USBD_LL_DataInStage  usbd_core.o
    0x0800de94   0x0800de94   0x000000d0   Code   RO         9689    i.USBD_LL_DataOutStage  usbd_core.o
    0x0800df64   0x0800df64   0x00000004   Code   RO         9690    i.USBD_LL_DevConnected  usbd_core.o
    0x0800df68   0x0800df68   0x00000020   Code   RO         9691    i.USBD_LL_DevDisconnected  usbd_core.o
    0x0800df88   0x0800df88   0x00000012   Code   RO          744    i.USBD_LL_GetRxDataSize  usbd_conf.o
    0x0800df9a   0x0800df9a   0x00000002   PAD
    0x0800df9c   0x0800df9c   0x00000068   Code   RO          745    i.USBD_LL_Init      usbd_conf.o
    0x0800e004   0x0800e004   0x00000038   Code   RO          746    i.USBD_LL_IsStallEP  usbd_conf.o
    0x0800e03c   0x0800e03c   0x0000002a   Code   RO         9692    i.USBD_LL_IsoINIncomplete  usbd_core.o
    0x0800e066   0x0800e066   0x0000002a   Code   RO         9693    i.USBD_LL_IsoOUTIncomplete  usbd_core.o
    0x0800e090   0x0800e090   0x00000030   Code   RO          747    i.USBD_LL_OpenEP    usbd_conf.o
    0x0800e0c0   0x0800e0c0   0x00000030   Code   RO          748    i.USBD_LL_PrepareReceive  usbd_conf.o
    0x0800e0f0   0x0800e0f0   0x00000060   Code   RO         9694    i.USBD_LL_Reset     usbd_core.o
    0x0800e150   0x0800e150   0x00000014   Code   RO         9695    i.USBD_LL_Resume    usbd_core.o
    0x0800e164   0x0800e164   0x0000001a   Code   RO         9696    i.USBD_LL_SOF       usbd_core.o
    0x0800e17e   0x0800e17e   0x00000006   Code   RO         9697    i.USBD_LL_SetSpeed  usbd_core.o
    0x0800e184   0x0800e184   0x00000026   Code   RO          749    i.USBD_LL_SetUSBAddress  usbd_conf.o
    0x0800e1aa   0x0800e1aa   0x00000064   Code   RO         9698    i.USBD_LL_SetupStage  usbd_core.o
    0x0800e20e   0x0800e20e   0x00000026   Code   RO          750    i.USBD_LL_StallEP   usbd_conf.o
    0x0800e234   0x0800e234   0x0000001e   Code   RO          751    i.USBD_LL_Start     usbd_conf.o
    0x0800e252   0x0800e252   0x0000001a   Code   RO         9699    i.USBD_LL_Suspend   usbd_core.o
    0x0800e26c   0x0800e26c   0x00000030   Code   RO          753    i.USBD_LL_Transmit  usbd_conf.o
    0x0800e29c   0x0800e29c   0x00000032   Code   RO         9850    i.USBD_ParseSetupRequest  usbd_ctlreq.o
    0x0800e2ce   0x0800e2ce   0x0000003a   Code   RO         9700    i.USBD_RegisterClass  usbd_core.o
    0x0800e308   0x0800e308   0x00000004   Code   RO         9701    i.USBD_RunTestMode  usbd_core.o
    0x0800e30c   0x0800e30c   0x00000058   Code   RO         9851    i.USBD_SetAddress   usbd_ctlreq.o
    0x0800e364   0x0800e364   0x00000014   Code   RO         9702    i.USBD_SetClassConfig  usbd_core.o
    0x0800e378   0x0800e378   0x000000dc   Code   RO         9852    i.USBD_SetConfig    usbd_ctlreq.o
    0x0800e454   0x0800e454   0x00000024   Code   RO         9853    i.USBD_SetFeature   usbd_ctlreq.o
    0x0800e478   0x0800e478   0x00000004   Code   RO         9703    i.USBD_Start        usbd_core.o
    0x0800e47c   0x0800e47c   0x00000076   Code   RO         9854    i.USBD_StdDevReq    usbd_ctlreq.o
    0x0800e4f2   0x0800e4f2   0x0000022e   Code   RO         9855    i.USBD_StdEPReq     usbd_ctlreq.o
    0x0800e720   0x0800e720   0x0000008e   Code   RO         9856    i.USBD_StdItfReq    usbd_ctlreq.o
    0x0800e7ae   0x0800e7ae   0x00000002   Code   RO          754    i.USBD_static_free  usbd_conf.o
    0x0800e7b0   0x0800e7b0   0x0000000c   Code   RO          755    i.USBD_static_malloc  usbd_conf.o
    0x0800e7bc   0x0800e7bc   0x0000009c   Code   RO         4041    i.USB_ActivateEndpoint  stm32f4xx_ll_usb.o
    0x0800e858   0x0800e858   0x0000001c   Code   RO         4043    i.USB_ActivateSetup  stm32f4xx_ll_usb.o
    0x0800e874   0x0800e874   0x00000086   Code   RO         4045    i.USB_CoreInit      stm32f4xx_ll_usb.o
    0x0800e8fa   0x0800e8fa   0x0000004e   Code   RO         4046    i.USB_CoreReset     stm32f4xx_ll_usb.o
    0x0800e948   0x0800e948   0x000000dc   Code   RO         4049    i.USB_DeactivateEndpoint  stm32f4xx_ll_usb.o
    0x0800ea24   0x0800ea24   0x0000001c   Code   RO         4050    i.USB_DevConnect    stm32f4xx_ll_usb.o
    0x0800ea40   0x0800ea40   0x0000001c   Code   RO         4051    i.USB_DevDisconnect  stm32f4xx_ll_usb.o
    0x0800ea5c   0x0800ea5c   0x00000178   Code   RO         4052    i.USB_DevInit       stm32f4xx_ll_usb.o
    0x0800ebd4   0x0800ebd4   0x0000000c   Code   RO         4053    i.USB_DisableGlobalInt  stm32f4xx_ll_usb.o
    0x0800ebe0   0x0800ebe0   0x00000060   Code   RO         4056    i.USB_EP0_OutStart  stm32f4xx_ll_usb.o
    0x0800ec40   0x0800ec40   0x00000058   Code   RO         4057    i.USB_EPClearStall  stm32f4xx_ll_usb.o
    0x0800ec98   0x0800ec98   0x0000005e   Code   RO         4058    i.USB_EPSetStall    stm32f4xx_ll_usb.o
    0x0800ecf6   0x0800ecf6   0x0000028c   Code   RO         4059    i.USB_EPStartXfer   stm32f4xx_ll_usb.o
    0x0800ef82   0x0800ef82   0x000000b4   Code   RO         4060    i.USB_EPStopXfer    stm32f4xx_ll_usb.o
    0x0800f036   0x0800f036   0x0000000c   Code   RO         4061    i.USB_EnableGlobalInt  stm32f4xx_ll_usb.o
    0x0800f042   0x0800f042   0x0000004a   Code   RO         4062    i.USB_FlushRxFifo   stm32f4xx_ll_usb.o
    0x0800f08c   0x0800f08c   0x0000004e   Code   RO         4063    i.USB_FlushTxFifo   stm32f4xx_ll_usb.o
    0x0800f0da   0x0800f0da   0x00000020   Code   RO         4065    i.USB_GetDevSpeed   stm32f4xx_ll_usb.o
    0x0800f0fa   0x0800f0fa   0x00000008   Code   RO         4067    i.USB_GetMode       stm32f4xx_ll_usb.o
    0x0800f102   0x0800f102   0x0000000e   Code   RO         4075    i.USB_ReadDevAllInEpInterrupt  stm32f4xx_ll_usb.o
    0x0800f110   0x0800f110   0x0000000e   Code   RO         4076    i.USB_ReadDevAllOutEpInterrupt  stm32f4xx_ll_usb.o
    0x0800f11e   0x0800f11e   0x00000024   Code   RO         4077    i.USB_ReadDevInEPInterrupt  stm32f4xx_ll_usb.o
    0x0800f142   0x0800f142   0x00000010   Code   RO         4078    i.USB_ReadDevOutEPInterrupt  stm32f4xx_ll_usb.o
    0x0800f152   0x0800f152   0x00000008   Code   RO         4079    i.USB_ReadInterrupts  stm32f4xx_ll_usb.o
    0x0800f15a   0x0800f15a   0x00000048   Code   RO         4080    i.USB_ReadPacket    stm32f4xx_ll_usb.o
    0x0800f1a2   0x0800f1a2   0x00000060   Code   RO         4082    i.USB_SetCurrentMode  stm32f4xx_ll_usb.o
    0x0800f202   0x0800f202   0x00000022   Code   RO         4083    i.USB_SetDevAddress  stm32f4xx_ll_usb.o
    0x0800f224   0x0800f224   0x0000000e   Code   RO         4084    i.USB_SetDevSpeed   stm32f4xx_ll_usb.o
    0x0800f232   0x0800f232   0x00000002   PAD
    0x0800f234   0x0800f234   0x000000f4   Code   RO         4085    i.USB_SetTurnaroundTime  stm32f4xx_ll_usb.o
    0x0800f328   0x0800f328   0x00000034   Code   RO         4088    i.USB_WritePacket   stm32f4xx_ll_usb.o
    0x0800f35c   0x0800f35c   0x00000004   Code   RO         1229    i.UsageFault_Handler  stm32f4xx_it.o
    0x0800f360   0x0800f360   0x00000030   Code   RO        10374    i.__ARM_fpclassify  m_wm.l(fpclassify.o)
    0x0800f390   0x0800f390   0x00000026   Code   RO        10376    i.__ARM_fpclassifyf  m_wm.l(fpclassifyf.o)
    0x0800f3b6   0x0800f3b6   0x00000002   PAD
    0x0800f3b8   0x0800f3b8   0x0000012c   Code   RO        10156    i.__hardfp_asinf    m_wm.l(asinf.o)
    0x0800f4e4   0x0800f4e4   0x00000004   PAD
    0x0800f4e8   0x0800f4e8   0x000002d8   Code   RO        10168    i.__hardfp_atan     m_wm.l(atan.o)
    0x0800f7c0   0x0800f7c0   0x00000250   Code   RO        10182    i.__hardfp_atan2f   m_wm.l(atan2f.o)
    0x0800fa10   0x0800fa10   0x000000c8   Code   RO        10194    i.__hardfp_cos      m_wm.l(cos.o)
    0x0800fad8   0x0800fad8   0x00000014   Code   RO        10206    i.__hardfp_fabs     m_wm.l(fabs.o)
    0x0800faec   0x0800faec   0x00000004   PAD
    0x0800faf0   0x0800faf0   0x000000c8   Code   RO        10212    i.__hardfp_sin      m_wm.l(sin.o)
    0x0800fbb8   0x0800fbb8   0x0000007a   Code   RO        10224    i.__hardfp_sqrt     m_wm.l(sqrt.o)
    0x0800fc32   0x0800fc32   0x00000006   PAD
    0x0800fc38   0x0800fc38   0x00000438   Code   RO        10394    i.__ieee754_rem_pio2  m_wm.l(rred.o)
    0x08010070   0x08010070   0x00000170   Code   RO        10357    i.__kernel_cos      m_wm.l(cos_i.o)
    0x080101e0   0x080101e0   0x000000f8   Code   RO        10392    i.__kernel_poly     m_wm.l(poly.o)
    0x080102d8   0x080102d8   0x00000130   Code   RO        10399    i.__kernel_sin      m_wm.l(sin_i.o)
    0x08010408   0x08010408   0x00000014   Code   RO        10361    i.__mathlib_dbl_infnan  m_wm.l(dunder.o)
    0x0801041c   0x0801041c   0x00000004   PAD
    0x08010420   0x08010420   0x00000020   Code   RO        10363    i.__mathlib_dbl_invalid  m_wm.l(dunder.o)
    0x08010440   0x08010440   0x00000020   Code   RO        10366    i.__mathlib_dbl_underflow  m_wm.l(dunder.o)
    0x08010460   0x08010460   0x00000006   Code   RO        10379    i.__mathlib_flt_infnan  m_wm.l(funder.o)
    0x08010466   0x08010466   0x00000006   Code   RO        10380    i.__mathlib_flt_infnan2  m_wm.l(funder.o)
    0x0801046c   0x0801046c   0x00000010   Code   RO        10381    i.__mathlib_flt_invalid  m_wm.l(funder.o)
    0x0801047c   0x0801047c   0x00000010   Code   RO        10384    i.__mathlib_flt_underflow  m_wm.l(funder.o)
    0x0801048c   0x0801048c   0x0000000e   Code   RO        10301    i._is_digit         c_w.l(__printf_wp.o)
    0x0801049a   0x0801049a   0x00000002   PAD
    0x0801049c   0x0801049c   0x00000068   Code   RO         1550    i.aRGB_led_show     bsp_led.o
    0x08010504   0x08010504   0x000000fc   Code   RO         2618    i.all_target_clac   bat_control.o
    0x08010600   0x08010600   0x0000002c   Code   RO         2619    i.bat_data_update   bat_control.o
    0x0801062c   0x0801062c   0x00000284   Code   RO         2620    i.bat_motor_Init    bat_control.o
    0x080108b0   0x080108b0   0x00000074   Code   RO         2621    i.bat_motor_control  bat_control.o
    0x08010924   0x08010924   0x00000014   Code   RO         2622    i.bat_posion_set    bat_control.o
    0x08010938   0x08010938   0x00000134   Code   RO         3421    i.bmi088_accel_init  bmi088driver.o
    0x08010a6c   0x08010a6c   0x000002fc   Code   RO         3422    i.bmi088_accel_self_test  bmi088driver.o
    0x08010d68   0x08010d68   0x000000f4   Code   RO         3423    i.bmi088_gyro_init  bmi088driver.o
    0x08010e5c   0x08010e5c   0x000000d0   Code   RO         3424    i.bmi088_gyro_self_test  bmi088driver.o
    0x08010f2c   0x08010f2c   0x00000010   Code   RO         1728    i.buzzer_off        bsp_buzzer.o
    0x08010f3c   0x08010f3c   0x00000014   Code   RO         1729    i.buzzer_on         bsp_buzzer.o
    0x08010f50   0x08010f50   0x0000005c   Code   RO         1613    i.can_filter_init   bsp_can.o
    0x08010fac   0x08010fac   0x0000012c   Code   RO         2269    i.chassis_feedback_update  chassis.o
    0x080110d8   0x080110d8   0x00000190   Code   RO         2270    i.chassis_init      chassis.o
    0x08011268   0x08011268   0x00000594   Code   RO         2271    i.chassis_movement_calc  chassis.o
    0x080117fc   0x080117fc   0x00000084   Code   RO         2272    i.chassis_speed_pid_calc  chassis.o
    0x08011880   0x08011880   0x000000f4   Code   RO         2273    i.chassis_stop_pid_calc  chassis.o
    0x08011974   0x08011974   0x00000040   Code   RO         9540    i.chassis_task      chassis_task.o
    0x080119b4   0x080119b4   0x00000254   Code   RO         3061    i.chassis_volleyball_track  tracking.o
    0x08011c08   0x08011c08   0x000000d4   Code   RO         2121    i.continue_motor_pos  can_recv.o
    0x08011cdc   0x08011cdc   0x000000b0   Code   RO         9605    i.debug_task        debug_task..o
    0x08011d8c   0x08011d8c   0x00000030   Code   RO         1403    i.delay_init        bsp_delay.o
    0x08011dbc   0x08011dbc   0x00000050   Code   RO         1405    i.delay_us          bsp_delay.o
    0x08011e0c   0x08011e0c   0x000005cc   Code   RO         2623    i.delta_arm_inverse_calculation  bat_control.o
    0x080123d8   0x080123d8   0x00000018   Code   RO        10208    i.fabs              m_wm.l(fabs.o)
    0x080123f0   0x080123f0   0x000000a0   Code   RO         2875    i.final_Monitor     monitor.o
    0x08012490   0x08012490   0x00000054   Code   RO         3134    i.first_order_filter_cali  user_lib.o
    0x080124e4   0x080124e4   0x00000024   Code   RO         3135    i.first_order_filter_init  user_lib.o
    0x08012508   0x08012508   0x0000002a   Code   RO         2624    i.float_constrain   bat_control.o
    0x08012532   0x08012532   0x0000004a   Code   RO         2122    i.float_to_uint     can_recv.o
    0x0801257c   0x0801257c   0x0000004c   Code   RO         9483    i.functional_zone_task  bat_control_task.o
    0x080125c8   0x080125c8   0x00000008   Code   RO         1770    i.get_INS_angle_point  ins_task.o
    0x080125d0   0x080125d0   0x000000dc   Code   RO         1773    i.get_angle         ins_task.o
    0x080126ac   0x080126ac   0x00000008   Code   RO         2433    i.get_remote_control_point  remote_control.o
    0x080126b4   0x080126b4   0x0000012c   Code   RO         1777    i.imu_cali_slove    ins_task.o
    0x080127e0   0x080127e0   0x000001a8   Code   RO         1778    i.imu_cmd_spi_dma   ins_task.o
    0x08012988   0x08012988   0x0000000c   Code   RO         1522    i.imu_pwm_set       bsp_imu_pwm.o
    0x08012994   0x08012994   0x000000a4   Code   RO         1779    i.imu_temp_control  ins_task.o
    0x08012a38   0x08012a38   0x0000003c   Code   RO         3219    i.invSqrt           mahonyahrs.o
    0x08012a74   0x08012a74   0x00000002   Code   RO         3676    i.ist8310_GPIO_init  ist8310driver_middleware.o
    0x08012a76   0x08012a76   0x00000002   PAD
    0x08012a78   0x08012a78   0x00000024   Code   RO         3677    i.ist8310_IIC_read_muli_reg  ist8310driver_middleware.o
    0x08012a9c   0x08012a9c   0x00000028   Code   RO         3678    i.ist8310_IIC_read_single_reg  ist8310driver_middleware.o
    0x08012ac4   0x08012ac4   0x00000028   Code   RO         3680    i.ist8310_IIC_write_single_reg  ist8310driver_middleware.o
    0x08012aec   0x08012aec   0x00000014   Code   RO         3681    i.ist8310_RST_H     ist8310driver_middleware.o
    0x08012b00   0x08012b00   0x00000014   Code   RO         3682    i.ist8310_RST_L     ist8310driver_middleware.o
    0x08012b14   0x08012b14   0x00000002   Code   RO         3683    i.ist8310_com_init  ist8310driver_middleware.o
    0x08012b16   0x08012b16   0x0000000c   Code   RO         3684    i.ist8310_delay_ms  ist8310driver_middleware.o
    0x08012b22   0x08012b22   0x00000002   PAD
    0x08012b24   0x08012b24   0x00000094   Code   RO         3641    i.ist8310_init      ist8310driver.o
    0x08012bb8   0x08012bb8   0x0000008c   Code   RO         3642    i.ist8310_read_mag  ist8310driver.o
    0x08012c44   0x08012c44   0x000000fc   Code   RO         2625    i.judge_bat_pos     bat_control.o
    0x08012d40   0x08012d40   0x000001b0   Code   RO         2050    i.led_RGB_flow_task  led_flow_task.o
    0x08012ef0   0x08012ef0   0x00000060   Code   RO         3140    i.loop_fp32_constrain  user_lib.o
    0x08012f50   0x08012f50   0x00000070   Code   RO           15    i.main              main.o
    0x08012fc0   0x08012fc0   0x0000000c   Code   RO         8969    i.makeFreeRtosPriority  cmsis_os.o
    0x08012fcc   0x08012fcc   0x000000a0   Code   RO         2877    i.mode_state_check  monitor.o
    0x0801306c   0x0801306c   0x000000c8   Code   RO         2878    i.mode_switch       monitor.o
    0x08013134   0x08013134   0x00000174   Code   RO         2627    i.motor_pid_clac    bat_control.o
    0x080132a8   0x080132a8   0x00000010   Code   RO         8971    i.osDelay           cmsis_os.o
    0x080132b8   0x080132b8   0x0000000a   Code   RO         8974    i.osKernelStart     cmsis_os.o
    0x080132c2   0x080132c2   0x0000005c   Code   RO         9008    i.osThreadCreate    cmsis_os.o
    0x0801331e   0x0801331e   0x00000002   PAD
    0x08013320   0x08013320   0x00000024   Code   RO         8436    i.pcTaskGetName     tasks.o
    0x08013344   0x08013344   0x00000054   Code   RO         3066    i.pc_data_check     tracking.o
    0x08013398   0x08013398   0x00000054   Code   RO         3067    i.pd_data_filter    tracking.o
    0x080133ec   0x080133ec   0x0000003e   Code   RO         3261    i.pid_abs_param_init  pid.o
    0x0801342a   0x0801342a   0x00000002   PAD
    0x0801342c   0x0801342c   0x00000080   Code   RO         8437    i.prvAddCurrentTaskToDelayedList  tasks.o
    0x080134ac   0x080134ac   0x00000088   Code   RO         8438    i.prvAddNewTaskToReadyList  tasks.o
    0x08013534   0x08013534   0x0000005c   Code   RO         8801    i.prvCheckForValidListAndQueue  timers.o
    0x08013590   0x08013590   0x00000040   Code   RO         8439    i.prvCheckTasksWaitingTermination  tasks.o
    0x080135d0   0x080135d0   0x00000024   Code   RO         8090    i.prvCopyDataFromQueue  queue.o
    0x080135f4   0x080135f4   0x0000006e   Code   RO         8091    i.prvCopyDataToQueue  queue.o
    0x08013662   0x08013662   0x00000040   Code   RO         8440    i.prvDeleteTCB      tasks.o
    0x080136a2   0x080136a2   0x00000002   PAD
    0x080136a4   0x080136a4   0x00000024   Code   RO         8802    i.prvGetNextExpireTime  timers.o
    0x080136c8   0x080136c8   0x00000050   Code   RO         9348    i.prvHeapInit       heap_4.o
    0x08013718   0x08013718   0x00000028   Code   RO         8441    i.prvIdleTask       tasks.o
    0x08013740   0x08013740   0x00000018   Code   RO         8094    i.prvInitialiseNewQueue  queue.o
    0x08013758   0x08013758   0x00000098   Code   RO         8442    i.prvInitialiseNewTask  tasks.o
    0x080137f0   0x080137f0   0x00000060   Code   RO         8443    i.prvInitialiseTaskLists  tasks.o
    0x08013850   0x08013850   0x0000005c   Code   RO         9349    i.prvInsertBlockIntoFreeList  heap_4.o
    0x080138ac   0x080138ac   0x00000048   Code   RO         8804    i.prvInsertTimerInActiveList  timers.o
    0x080138f4   0x080138f4   0x0000001a   Code   RO         8095    i.prvIsQueueEmpty   queue.o
    0x0801390e   0x0801390e   0x0000001e   Code   RO         8096    i.prvIsQueueFull    queue.o
    0x0801392c   0x0801392c   0x00000068   Code   RO         8805    i.prvProcessExpiredTimer  timers.o
    0x08013994   0x08013994   0x00000110   Code   RO         8806    i.prvProcessReceivedCommands  timers.o
    0x08013aa4   0x08013aa4   0x0000006c   Code   RO         8807    i.prvProcessTimerOrBlockTask  timers.o
    0x08013b10   0x08013b10   0x00000024   Code   RO         8444    i.prvResetNextTaskUnblockTime  tasks.o
    0x08013b34   0x08013b34   0x0000002c   Code   RO         8808    i.prvSampleTimeNow  timers.o
    0x08013b60   0x08013b60   0x0000006e   Code   RO         8445    i.prvSearchForNameWithinSingleList  tasks.o
    0x08013bce   0x08013bce   0x00000002   PAD
    0x08013bd0   0x08013bd0   0x00000078   Code   RO         8809    i.prvSwitchTimerLists  timers.o
    0x08013c48   0x08013c48   0x00000030   Code   RO         9404    i.prvTaskExitError  port.o
    0x08013c78   0x08013c78   0x00000014   Code   RO         8810    i.prvTimerTask      timers.o
    0x08013c8c   0x08013c8c   0x00000068   Code   RO         8097    i.prvUnlockQueue    queue.o
    0x08013cf4   0x08013cf4   0x000000e8   Code   RO         9350    i.pvPortMalloc      heap_4.o
    0x08013ddc   0x08013ddc   0x0000002c   Code   RO         9405    i.pxPortInitialiseStack  port.o
    0x08013e08   0x08013e08   0x00000050   Code   RO         2275    i.rc_dead_zone      chassis.o
    0x08013e58   0x08013e58   0x000000f0   Code   RO         2276    i.rc_to_motor_set   chassis.o
    0x08013f48   0x08013f48   0x00000014   Code   RO         2434    i.remote_control_init  remote_control.o
    0x08013f5c   0x08013f5c   0x0000002e   Code   RO         2879    i.robo_init_complete  monitor.o
    0x08013f8a   0x08013f8a   0x00000002   PAD
    0x08013f8c   0x08013f8c   0x000001d8   Code   RO         2435    i.sbus_to_rc        remote_control.o
    0x08014164   0x08014164   0x0000003e   Code   RO        10407    i.sqrtf             m_wm.l(sqrtf.o)
    0x080141a2   0x080141a2   0x00000002   PAD
    0x080141a4   0x080141a4   0x0000005c   Code   RO         2880    i.start_Monitor     monitor.o
    0x08014200   0x08014200   0x000000fc   Code   RO         2628    i.striker_init      bat_control.o
    0x080142fc   0x080142fc   0x00000260   Code   RO         2629    i.top_RC_control_set  bat_control.o
    0x0801455c   0x0801455c   0x00000104   Code   RO         3068    i.tracking_init     tracking.o
    0x08014660   0x08014660   0x00000048   Code   RO         1669    i.uart_dma_printf   bsp_usart.o
    0x080146a8   0x080146a8   0x00000034   Code   RO         2127    i.uint_to_float     can_recv.o
    0x080146dc   0x080146dc   0x00000068   Code   RO         8449    i.ulTaskNotifyTake  tasks.o
    0x08014744   0x08014744   0x00000026   Code   RO         8050    i.uxListRemove      list.o
    0x0801476a   0x0801476a   0x00000002   PAD
    0x0801476c   0x0801476c   0x00000018   Code   RO          324    i.vApplicationGetIdleTaskMemory  freertos.o
    0x08014784   0x08014784   0x00000018   Code   RO          325    i.vApplicationGetTimerTaskMemory  freertos.o
    0x0801479c   0x0801479c   0x00000016   Code   RO         8051    i.vListInitialise   list.o
    0x080147b2   0x080147b2   0x00000006   Code   RO         8052    i.vListInitialiseItem  list.o
    0x080147b8   0x080147b8   0x00000036   Code   RO         8053    i.vListInsert       list.o
    0x080147ee   0x080147ee   0x00000018   Code   RO         8054    i.vListInsertEnd    list.o
    0x08014806   0x08014806   0x00000002   PAD
    0x08014808   0x08014808   0x00000040   Code   RO         9407    i.vPortEnterCritical  port.o
    0x08014848   0x08014848   0x0000002c   Code   RO         9408    i.vPortExitCritical  port.o
    0x08014874   0x08014874   0x00000064   Code   RO         9351    i.vPortFree         heap_4.o
    0x080148d8   0x080148d8   0x00000024   Code   RO         9409    i.vPortSetupTimerInterrupt  port.o
    0x080148fc   0x080148fc   0x00000054   Code   RO         9410    i.vPortValidateInterruptPriority  port.o
    0x08014950   0x08014950   0x00000028   Code   RO         8101    i.vQueueAddToRegistry  queue.o
    0x08014978   0x08014978   0x0000004a   Code   RO         8104    i.vQueueWaitForMessageRestricted  queue.o
    0x080149c2   0x080149c2   0x00000002   PAD
    0x080149c4   0x080149c4   0x00000050   Code   RO         8456    i.vTaskDelay        tasks.o
    0x08014a14   0x08014a14   0x0000009c   Code   RO         8457    i.vTaskDelayUntil   tasks.o
    0x08014ab0   0x08014ab0   0x00000010   Code   RO         8460    i.vTaskInternalSetTimeOutState  tasks.o
    0x08014ac0   0x08014ac0   0x0000000c   Code   RO         8461    i.vTaskMissedYield  tasks.o
    0x08014acc   0x08014acc   0x000000bc   Code   RO         8462    i.vTaskNotifyGiveFromISR  tasks.o
    0x08014b88   0x08014b88   0x00000034   Code   RO         8463    i.vTaskPlaceOnEventList  tasks.o
    0x08014bbc   0x08014bbc   0x0000003c   Code   RO         8464    i.vTaskPlaceOnEventListRestricted  tasks.o
    0x08014bf8   0x08014bf8   0x00000090   Code   RO         8471    i.vTaskStartScheduler  tasks.o
    0x08014c88   0x08014c88   0x00000010   Code   RO         8473    i.vTaskSuspendAll   tasks.o
    0x08014c98   0x08014c98   0x00000060   Code   RO         8474    i.vTaskSwitchContext  tasks.o
    0x08014cf8   0x08014cf8   0x00000104   Code   RO         9411    i.xPortStartScheduler  port.o
    0x08014dfc   0x08014dfc   0x0000002c   Code   RO         9412    i.xPortSysTickHandler  port.o
    0x08014e28   0x08014e28   0x00000070   Code   RO         8108    i.xQueueGenericCreateStatic  queue.o
    0x08014e98   0x08014e98   0x00000090   Code   RO         8109    i.xQueueGenericReset  queue.o
    0x08014f28   0x08014f28   0x00000170   Code   RO         8110    i.xQueueGenericSend  queue.o
    0x08015098   0x08015098   0x000000be   Code   RO         8111    i.xQueueGenericSendFromISR  queue.o
    0x08015156   0x08015156   0x00000002   PAD
    0x08015158   0x08015158   0x00000148   Code   RO         8119    i.xQueueReceive     queue.o
    0x080152a0   0x080152a0   0x00000098   Code   RO         8477    i.xTaskCheckForTimeOut  tasks.o
    0x08015338   0x08015338   0x0000006c   Code   RO         8478    i.xTaskCreate       tasks.o
    0x080153a4   0x080153a4   0x00000060   Code   RO         8479    i.xTaskCreateStatic  tasks.o
    0x08015404   0x08015404   0x0000008c   Code   RO         8483    i.xTaskGetHandle    tasks.o
    0x08015490   0x08015490   0x0000001c   Code   RO         8484    i.xTaskGetSchedulerState  tasks.o
    0x080154ac   0x080154ac   0x0000000c   Code   RO         8485    i.xTaskGetTickCount  tasks.o
    0x080154b8   0x080154b8   0x000000d4   Code   RO         8487    i.xTaskIncrementTick  tasks.o
    0x0801558c   0x0801558c   0x0000009c   Code   RO         8490    i.xTaskPriorityDisinherit  tasks.o
    0x08015628   0x08015628   0x00000078   Code   RO         8492    i.xTaskRemoveFromEventList  tasks.o
    0x080156a0   0x080156a0   0x000000cc   Code   RO         8493    i.xTaskResumeAll    tasks.o
    0x0801576c   0x0801576c   0x00000068   Code   RO         8817    i.xTimerCreateTimerTask  timers.o
    0x080157d4   0x080157d4   0x00000074   Code   RO         8818    i.xTimerGenericCommand  timers.o
    0x08015848   0x08015848   0x0000002c   Code   RO        10501    locale$$code        c_w.l(lc_numeric_c.o)
    0x08015874   0x08015874   0x0000002c   Code   RO        10522    locale$$code        c_w.l(lc_ctype_c.o)
    0x080158a0   0x080158a0   0x00000018   Code   RO        10126    x$fpl$basic         fz_wm.l(basic.o)
    0x080158b8   0x080158b8   0x00000062   Code   RO        10128    x$fpl$d2f           fz_wm.l(d2f.o)
    0x0801591a   0x0801591a   0x00000002   PAD
    0x0801591c   0x0801591c   0x00000150   Code   RO        10130    x$fpl$dadd          fz_wm.l(daddsub_clz.o)
    0x08015a6c   0x08015a6c   0x00000018   Code   RO        10336    x$fpl$dcmpinf       fz_wm.l(dcmpi.o)
    0x08015a84   0x08015a84   0x000002b0   Code   RO        10137    x$fpl$ddiv          fz_wm.l(ddiv.o)
    0x08015d34   0x08015d34   0x00000078   Code   RO        10140    x$fpl$deqf          fz_wm.l(deqf.o)
    0x08015dac   0x08015dac   0x0000005e   Code   RO        10457    x$fpl$dfix          fz_wm.l(dfix.o)
    0x08015e0a   0x08015e0a   0x0000002e   Code   RO        10143    x$fpl$dflt          fz_wm.l(dflt_clz.o)
    0x08015e38   0x08015e38   0x00000026   Code   RO        10142    x$fpl$dfltu         fz_wm.l(dflt_clz.o)
    0x08015e5e   0x08015e5e   0x00000002   PAD
    0x08015e60   0x08015e60   0x00000078   Code   RO        10148    x$fpl$dleqf         fz_wm.l(dleqf.o)
    0x08015ed8   0x08015ed8   0x00000154   Code   RO        10150    x$fpl$dmul          fz_wm.l(dmul.o)
    0x0801602c   0x0801602c   0x0000009c   Code   RO        10338    x$fpl$dnaninf       fz_wm.l(dnaninf.o)
    0x080160c8   0x080160c8   0x0000000c   Code   RO        10340    x$fpl$dretinf       fz_wm.l(dretinf.o)
    0x080160d4   0x080160d4   0x00000016   Code   RO        10131    x$fpl$drsb          fz_wm.l(daddsub_clz.o)
    0x080160ea   0x080160ea   0x00000002   PAD
    0x080160ec   0x080160ec   0x00000198   Code   RO        10342    x$fpl$dsqrt         fz_wm.l(dsqrt_umaal.o)
    0x08016284   0x08016284   0x000001d4   Code   RO        10132    x$fpl$dsub          fz_wm.l(daddsub_clz.o)
    0x08016458   0x08016458   0x00000056   Code   RO        10152    x$fpl$f2d           fz_wm.l(f2d.o)
    0x080164ae   0x080164ae   0x00000060   Code   RO        10154    x$fpl$ffltll        fz_wm.l(ffltll_clz.o)
    0x0801650e   0x0801650e   0x0000008c   Code   RO        10344    x$fpl$fnaninf       fz_wm.l(fnaninf.o)
    0x0801659a   0x0801659a   0x0000000a   Code   RO        10590    x$fpl$fpinit        fz_wm.l(fpinit.o)
    0x080165a4   0x080165a4   0x0000000a   Code   RO        10346    x$fpl$fretinf       fz_wm.l(fretinf.o)
    0x080165ae   0x080165ae   0x00000004   Code   RO        10348    x$fpl$printf1       fz_wm.l(printf1.o)
    0x080165b2   0x080165b2   0x00000004   Code   RO        10350    x$fpl$printf2       fz_wm.l(printf2.o)
    0x080165b6   0x080165b6   0x00000000   Code   RO        10356    x$fpl$usenofp       fz_wm.l(usenofp.o)
    0x080165b6   0x080165b6   0x00000002   PAD
    0x080165b8   0x080165b8   0x000000e0   Data   RO          327    .constdata          freertos.o
    0x08016698   0x08016698   0x00000018   Data   RO         1368    .constdata          system_stm32f4xx.o
    0x080166b0   0x080166b0   0x00000018   Data   RO         1781    .constdata          ins_task.o
    0x080166c8   0x080166c8   0x0000000c   Data   RO         2277    .constdata          chassis.o
    0x080166d4   0x080166d4   0x00000010   Data   RO         2631    .constdata          bat_control.o
    0x080166e4   0x080166e4   0x00000012   Data   RO         3429    .constdata          bmi088driver.o
    0x080166f6   0x080166f6   0x0000000c   Data   RO         3644    .constdata          ist8310driver.o
    0x08016702   0x08016702   0x00000008   Data   RO         4870    .constdata          stm32f4xx_hal_dma.o
    0x0801670a   0x0801670a   0x00000006   PAD
    0x08016710   0x08016710   0x00000098   Data   RO        10171    .constdata          m_wm.l(atan.o)
    0x080167a8   0x080167a8   0x00000008   Data   RO        10260    .constdata          c_w.l(_printf_wctomb.o)
    0x080167b0   0x080167b0   0x00000028   Data   RO        10289    .constdata          c_w.l(_printf_hex_int_ll_ptr.o)
    0x080167d8   0x080167d8   0x00000011   Data   RO        10309    .constdata          c_w.l(__printf_flags_ss_wp.o)
    0x080167e9   0x080167e9   0x00000007   PAD
    0x080167f0   0x080167f0   0x00000030   Data   RO        10358    .constdata          m_wm.l(cos_i.o)
    0x08016820   0x08016820   0x000000c8   Data   RO        10396    .constdata          m_wm.l(rred.o)
    0x080168e8   0x080168e8   0x00000028   Data   RO        10400    .constdata          m_wm.l(sin_i.o)
    0x08016910   0x08016910   0x00000026   Data   RO        10446    .constdata          c_w.l(_printf_fp_hex.o)
    0x08016936   0x08016936   0x00000002   PAD
    0x08016938   0x08016938   0x00000094   Data   RO        10476    .constdata          c_w.l(bigflt0.o)
    0x080169cc   0x080169cc   0x00000054   Data   RO          328    .conststring        freertos.o
    0x08016a20   0x08016a20   0x00000020   Data   RO        10646    Region$$Table       anon$$obj.o
    0x08016a40   0x08016a40   0x0000001c   Data   RO        10500    locale$$data        c_w.l(lc_numeric_c.o)
    0x08016a5c   0x08016a5c   0x00000110   Data   RO        10521    locale$$data        c_w.l(lc_ctype_c.o)


    Execution Region RW_IRAM1 (Exec base: 0x20000000, Load base: 0x08016b6c, Size: 0x0000ddb0, Max: 0x00020000, ABSOLUTE, COMPRESSED[0x00000124])

    Exec Addr    Load Addr    Size         Type   Attr      Idx    E Section Name        Object

    0x20000000   COMPRESSED   0x00000020   Data   RW          329    .data               freertos.o
    0x20000020   COMPRESSED   0x00000004   Data   RW          417    .data               can.o
    0x20000024   COMPRESSED   0x0000004e   Data   RW          942    .data               usbd_desc.o
    0x20000072   COMPRESSED   0x00000002   PAD
    0x20000074   COMPRESSED   0x00000014   Data   RW         1029    .data               usbd_cdc_if.o
    0x20000088   COMPRESSED   0x00000004   Data   RW         1369    .data               system_stm32f4xx.o
    0x2000008c   COMPRESSED   0x00000008   Data   RW         1406    .data               bsp_delay.o
    0x20000094   COMPRESSED   0x00000008   Data   RW         1551    .data               bsp_led.o
    0x2000009c   COMPRESSED   0x0000000e   Data   RW         1674    .data               bsp_usart.o
    0x200000aa   COMPRESSED   0x00000002   PAD
    0x200000ac   COMPRESSED   0x000000b0   Data   RW         1782    .data               ins_task.o
    0x2000015c   COMPRESSED   0x0000001c   Data   RW         2051    .data               led_flow_task.o
    0x20000178   COMPRESSED   0x00000010   Data   RW         2129    .data               can_recv.o
    0x20000188   COMPRESSED   0x00000004   Data   RW         2437    .data               remote_control.o
    0x2000018c   COMPRESSED   0x0000000c   Data   RW         2479    .data               variables.o
    0x20000198   COMPRESSED   0x00000014   Data   RW         3220    .data               mahonyahrs.o
    0x200001ac   COMPRESSED   0x0000002c   Data   RW         3430    .data               bmi088driver.o
    0x200001d8   COMPRESSED   0x0000000c   Data   RW         5310    .data               stm32f4xx_hal.o
    0x200001e4   COMPRESSED   0x0000003c   Data   RW         8496    .data               tasks.o
    0x20000220   COMPRESSED   0x00000014   Data   RW         8826    .data               timers.o
    0x20000234   COMPRESSED   0x00000020   Data   RW         9357    .data               heap_4.o
    0x20000254   COMPRESSED   0x0000000c   Data   RW         9413    .data               port.o
    0x20000260   COMPRESSED   0x00000004   Data   RW         9484    .data               bat_control_task.o
    0x20000264   COMPRESSED   0x00000004   Data   RW         9541    .data               chassis_task.o
    0x20000268   COMPRESSED   0x00000004   Data   RW         9606    .data               debug_task..o
    0x2000026c   COMPRESSED   0x00000004   Data   RW         9656    .data               monitor_task.o
    0x20000270   COMPRESSED   0x00000001   Data   RW         9857    .data               usbd_ctlreq.o
    0x20000271   COMPRESSED   0x00000003   PAD
    0x20000274   COMPRESSED   0x00000053   Data   RW        10016    .data               usbd_cdc.o
    0x200002c7   COMPRESSED   0x00000001   PAD
    0x200002c8   COMPRESSED   0x00000038   Data   RW        10017    .data               usbd_cdc.o
    0x20000300        -       0x000006a8   Zero   RW          326    .bss                freertos.o
    0x200009a8        -       0x00000050   Zero   RW          416    .bss                can.o
    0x200009f8        -       0x00000054   Zero   RW          488    .bss                i2c.o
    0x20000a4c        -       0x00000118   Zero   RW          530    .bss                spi.o
    0x20000b64        -       0x000000d8   Zero   RW          575    .bss                tim.o
    0x20000c3c        -       0x00000150   Zero   RW          633    .bss                usart.o
    0x20000d8c        -       0x000002dc   Zero   RW          678    .bss                usb_device.o
    0x20001068        -       0x00000704   Zero   RW          756    .bss                usbd_conf.o
    0x2000176c        -       0x00000200   Zero   RW          941    .bss                usbd_desc.o
    0x2000196c        -       0x00001000   Zero   RW         1028    .bss                usbd_cdc_if.o
    0x2000296c        -       0x00000180   Zero   RW         1673    .bss                bsp_usart.o
    0x20002aec        -       0x00000180   Zero   RW         1780    .bss                ins_task.o
    0x20002c6c        -       0x000000b8   Zero   RW         2128    .bss                can_recv.o
    0x20002d24        -       0x0000005e   Zero   RW         2436    .bss                remote_control.o
    0x20002d82   COMPRESSED   0x00000006   PAD
    0x20002d88        -       0x00000cf0   Zero   RW         2478    .bss                variables.o
    0x20003a78        -       0x00000042   Zero   RW         2881    .bss                monitor.o
    0x20003aba   COMPRESSED   0x00000002   PAD
    0x20003abc        -       0x00000050   Zero   RW         3069    .bss                tracking.o
    0x20003b0c        -       0x00000040   Zero   RW         8122    .bss                queue.o
    0x20003b4c        -       0x000000f0   Zero   RW         8495    .bss                tasks.o
    0x20003c3c        -       0x00000110   Zero   RW         8825    .bss                timers.o
    0x20003d4c        -       0x00006000   Zero   RW         9356    .bss                heap_4.o
    0x20009d4c        -       0x00000060   Zero   RW        10462    .bss                c_w.l(libspace.o)
    0x20009dac   COMPRESSED   0x00000004   PAD
    0x20009db0        -       0x00002000   Zero   RW            2    HEAP                startup_stm32f407xx.o
    0x2000bdb0        -       0x00002000   Zero   RW            1    STACK               startup_stm32f407xx.o


==============================================================================

Image component sizes


      Code (inc. data)   RO Data    RW Data    ZI Data      Debug   Object Name

      7826        538         16          0          0      29103   bat_control.o
        76         10          0          4          0        607   bat_control_task.o
      2338         40         18         44          0      10611   bmi088driver.o
       140         28          0          0          0       7396   bmi088middleware.o
        36         12          0          0          0        989   bsp_buzzer.o
        92          8          0          0          0        590   bsp_can.o
       128         20          0          8          0     584160   bsp_delay.o
        12          4          0          0          0        502   bsp_imu_pwm.o
       104         22          0          8          0        592   bsp_led.o
       156         14          0          0          0       1014   bsp_rc.o
     10428        170          0          0          0       5662   bsp_spi.o
        72         14          0         14        384       2198   bsp_usart.o
       488         44          0          4         80       2402   can.o
      1910         98          0         16        184      14230   can_recv.o
      2824        192         12          0          0      25032   chassis.o
        64          8          0          4          0       3135   chassis_task.o
       130          0          0          0          0      22915   cmsis_os.o
       176         46          0          4          0        605   debug_task..o
       136          6          0          0          0        810   dma.o
         0          0          0          0          0      19684   event_groups.o
       284         56        308         32       1704       3396   freertos.o
       512         20          0          0          0       1211   gpio.o
       504         32          0         32      24576       5039   heap_4.o
       260         30          0          0         84       1697   i2c.o
      4988        366         24        176        384     606881   ins_task.o
       288         10         12          0          0       2670   ist8310driver.o
       172         28          0          0          0       5227   ist8310driver_middleware.o
       432         10          0         28          0       1665   led_flow_task.o
       144          0          0          0          0       3598   list.o
      2276         72          0         20          0       4929   mahonyahrs.o
       294         16          0          0          0     764564   main.o
       658         60          0          0         66       3062   monitor.o
        56          6          0          4          0        583   monitor_task.o
       428         12          0          0          0       2288   pc_interface.o
       900          8          0          0          0     585590   pid.o
       814         92          0         12          0      12041   port.o
      1586         24          0          0         64      17680   queue.o
       792         50          0          4         94       3461   remote_control.o
       416         38          0          0        280       1907   spi.o
        64         26        392          0      16384        848   startup_stm32f407xx.o
       188         30          0         12          0       9429   stm32f4xx_hal.o
      1992          6          0          0          0      14999   stm32f4xx_hal_can.o
       208         16          0          0          0      33551   stm32f4xx_hal_cortex.o
      1272         18          8          0          0       7526   stm32f4xx_hal_dma.o
       594         24          0          0          0       3003   stm32f4xx_hal_gpio.o
      2930         50          0          0          0      13874   stm32f4xx_hal_i2c.o
        84          6          0          0          0        838   stm32f4xx_hal_msp.o
      2710         12          0          0          0      14272   stm32f4xx_hal_pcd.o
        84          0          0          0          0       2561   stm32f4xx_hal_pcd_ex.o
      1722        104          0          0          0       6544   stm32f4xx_hal_rcc.o
      1074         16          0          0          0       5017   stm32f4xx_hal_spi.o
      1798         56          0          0          0      13711   stm32f4xx_hal_tim.o
       154          0          0          0          0       1440   stm32f4xx_hal_tim_ex.o
      1724         22          0          0          0      13830   stm32f4xx_hal_uart.o
       196         36          0          0          0       8668   stm32f4xx_it.o
      2974         86          0          0          0      24004   stm32f4xx_ll_usb.o
       100         18         24          4          0       1163   system_stm32f4xx.o
      3014        248          0         60        240      34233   tasks.o
       924         82          0          0        216       3980   tim.o
      1088         94          0         20        272      30895   timers.o
      1024        114          0          0         80       3784   tracking.o
       600         64          0          0        336       2589   usart.o
        76         16          0          0        732        752   usb_device.o
      1362         36          0        139          0      13915   usbd_cdc.o
       156         18          0         20       4096     583501   usbd_cdc_if.o
      1004         24          0          0       1796      16904   usbd_conf.o
      1050          0          0          0          0      16449   usbd_core.o
      1928         28          0          1          0      18040   usbd_ctlreq.o
       386        122          0         78        512       6645   usbd_desc.o
       132          0          0          0          0       4540   usbd_ioreq.o
       216          4          0          0          0       3594   user_lib.o
         0          0          0         12       3312      18871   variables.o

    ----------------------------------------------------------------------
     75840       3580        852        768      55884    3693696   Object Totals
         0          0         32          0          0          0   (incl. Generated)
        72          0          6          8          8          0   (incl. Padding)

    ----------------------------------------------------------------------

      Code (inc. data)   RO Data    RW Data    ZI Data      Debug   Library Member Name

        90          0          0          0          0          0   __dczerorl2.o
         8          0          0          0          0         68   __main.o
       392          4         17          0          0         92   __printf_flags_ss_wp.o
        14          0          0          0          0         68   __printf_wp.o
         0          0          0          0          0          0   __rtentry.o
        12          0          0          0          0          0   __rtentry2.o
         6          0          0          0          0          0   __rtentry4.o
        52          8          0          0          0          0   __scatter.o
        28          0          0          0          0          0   __scatter_zi.o
         6          0          0          0          0          0   _printf_a.o
         6          0          0          0          0          0   _printf_c.o
        44          0          0          0          0        108   _printf_char.o
        48          6          0          0          0         96   _printf_char_common.o
        40          0          0          0          0         68   _printf_charcount.o
         6          0          0          0          0          0   _printf_d.o
       120         16          0          0          0         92   _printf_dec.o
         6          0          0          0          0          0   _printf_e.o
         6          0          0          0          0          0   _printf_f.o
      1054          0          0          0          0        216   _printf_fp_dec.o
       764          8         38          0          0        100   _printf_fp_hex.o
       128         16          0          0          0         84   _printf_fp_infnan.o
         6          0          0          0          0          0   _printf_g.o
       148          4         40          0          0        160   _printf_hex_int_ll_ptr.o
         6          0          0          0          0          0   _printf_i.o
       178          0          0          0          0         88   _printf_intcommon.o
        10          0          0          0          0          0   _printf_l.o
         6          0          0          0          0          0   _printf_lc.o
        10          0          0          0          0          0   _printf_ll.o
         6          0          0          0          0          0   _printf_lld.o
         6          0          0          0          0          0   _printf_lli.o
         6          0          0          0          0          0   _printf_llo.o
         6          0          0          0          0          0   _printf_llu.o
         6          0          0          0          0          0   _printf_llx.o
       124         16          0          0          0         92   _printf_longlong_dec.o
         6          0          0          0          0          0   _printf_ls.o
         6          0          0          0          0          0   _printf_n.o
         6          0          0          0          0          0   _printf_o.o
       112         10          0          0          0        124   _printf_oct_int_ll.o
         6          0          0          0          0          0   _printf_p.o
        78          0          0          0          0        108   _printf_pad.o
         0          0          0          0          0          0   _printf_percent.o
         4          0          0          0          0          0   _printf_percent_end.o
         6          0          0          0          0          0   _printf_s.o
        82          0          0          0          0         80   _printf_str.o
        36          0          0          0          0         84   _printf_truncate.o
         6          0          0          0          0          0   _printf_u.o
        44          0          0          0          0        108   _printf_wchar.o
       188          6          8          0          0         92   _printf_wctomb.o
         6          0          0          0          0          0   _printf_x.o
        22          0          0          0          0        100   _rserrno.o
        10          0          0          0          0         68   _sputc.o
        64          0          0          0          0         92   _wcrtomb.o
        16          0          0          0          0         68   aeabi_memset.o
       228          4        148          0          0         96   bigflt0.o
      1936        128          0          0          0        672   btod.o
        18          0          0          0          0         80   exit.o
         6          0          0          0          0        152   heapauxi.o
         0          0          0          0          0          0   indicate_semi.o
        44         10        272          0          0         76   lc_ctype_c.o
        44         10         28          0          0         76   lc_numeric_c.o
         2          0          0          0          0          0   libinit.o
        34          0          0          0          0          0   libinit2.o
         2          0          0          0          0          0   libshutdown.o
         2          0          0          0          0          0   libshutdown2.o
         8          4          0          0         96         68   libspace.o
       138          0          0          0          0         80   lludiv10.o
       238          0          0          0          0        100   lludivv7m.o
        16          4          0          0          0         76   rt_ctype_table.o
         8          4          0          0          0         68   rt_errno_addr_intlibspace.o
         8          4          0          0          0         68   rt_locale_intlibspace.o
        68          0          0          0          0         68   rt_memclr.o
        78          0          0          0          0         80   rt_memclr_w.o
       138          0          0          0          0         68   rt_memcpy_v6.o
       100          0          0          0          0         80   rt_memcpy_w.o
         2          0          0          0          0          0   rtexit.o
        10          0          0          0          0          0   rtexit2.o
       128          0          0          0          0         68   strcmpv7m.o
        62          0          0          0          0         76   strlen.o
        12          4          0          0          0         68   sys_exit.o
        74          0          0          0          0         80   sys_stackheap_outer.o
         2          0          0          0          0         68   use_no_semi.o
        36          4          0          0          0         76   vsprintf.o
        24          0          0          0          0        164   basic.o
        98          4          0          0          0        140   d2f.o
       826         16          0          0          0        492   daddsub_clz.o
        24          0          0          0          0        116   dcmpi.o
       688        140          0          0          0        256   ddiv.o
       120          4          0          0          0        140   deqf.o
        94          4          0          0          0        140   dfix.o
        84          0          0          0          0        232   dflt_clz.o
       120          4          0          0          0        140   dleqf.o
       340         12          0          0          0        152   dmul.o
       156          4          0          0          0        140   dnaninf.o
        12          0          0          0          0        116   dretinf.o
       408         56          0          0          0        168   dsqrt_umaal.o
        86          4          0          0          0        132   f2d.o
        96          0          0          0          0        132   ffltll_clz.o
       140          4          0          0          0        132   fnaninf.o
        10          0          0          0          0        116   fpinit.o
        10          0          0          0          0        116   fretinf.o
         4          0          0          0          0        116   printf1.o
         4          0          0          0          0        116   printf2.o
         0          0          0          0          0          0   usenofp.o
       300         42          0          0          0        176   asinf.o
       728        106        152          0          0        228   atan.o
       592         90          0          0          0        184   atan2f.o
       200         20          0          0          0        164   cos.o
       368         46         48          0          0        200   cos_i.o
        84         16          0          0          0        372   dunder.o
        44          0          0          0          0        248   fabs.o
        48          0          0          0          0        124   fpclassify.o
        38          0          0          0          0        116   fpclassifyf.o
        44         12          0          0          0        464   funder.o
       248          0          0          0          0        152   poly.o
      1080        142        200          0          0        188   rred.o
       200         20          0          0          0        164   sin.o
       304         24         40          0          0        208   sin_i.o
       122          0          0          0          0        148   sqrt.o
        62          0          0          0          0        136   sqrtf.o

    ----------------------------------------------------------------------
     15344       1044       1000          0        100      11128   Library Totals
        50          4          9          0          4          0   (incl. Padding)

    ----------------------------------------------------------------------

      Code (inc. data)   RO Data    RW Data    ZI Data      Debug   Library Name

      7488        270        551          0         96       4600   c_w.l
      3344        252          0          0          0       3256   fz_wm.l
      4462        518        440          0          0       3272   m_wm.l

    ----------------------------------------------------------------------
     15344       1044       1000          0        100      11128   Library Totals

    ----------------------------------------------------------------------

==============================================================================


      Code (inc. data)   RO Data    RW Data    ZI Data      Debug   

     91184       4624       1852        768      55984    3651776   Grand Totals
     91184       4624       1852        292      55984    3651776   ELF Image Totals (compressed)
     91184       4624       1852        292          0          0   ROM Totals

==============================================================================

    Total RO  Size (Code + RO Data)                93036 (  90.86kB)
    Total RW  Size (RW Data + ZI Data)             56752 (  55.42kB)
    Total ROM Size (Code + RO Data + RW Data)      93328 (  91.14kB)

==============================================================================

